<html>
<body>
<pre>
<h1>礦ision Build Log</h1>
<h2>Tool Versions:</h2>
IDE-Version: μVision V5.14.0.0
Copyright (C) 2015 ARM Ltd and ARM Germany GmbH. All rights reserved.
License Information: 1 fj, 1, LIC=AK19U-SRV8N-QH98A-1Y0SD-GB9KK-5WEBV
 
Tool Versions:
Toolchain:       MDK-ARM Professional  Version: 5.14.0.0
Toolchain Path:  C:\Keil_v5\ARM\ARMCC\Bin
C Compiler:      Armcc.exe V5.05 update 1 (build 106)
Assembler:       Armasm.exe V5.05 update 1 (build 106)
Linker/Locator:  ArmLink.exe V5.05 update 1 (build 106)
Library Manager: ArmAr.exe V5.05 update 1 (build 106)
Hex Converter:   FromElf.exe V5.05 update 1 (build 106)
CPU DLL:         SARMCM3.DLL V5.14.0.0
Dialog DLL:      DCM.DLL V1.13.1.0
Target DLL:      STLink\ST-LINKIII-KEIL_SWO.dll V2.0.14.0_KEIL
Dialog DLL:      TCM.DLL V1.14.4.0
 
<h2>Project:</h2>
C:\Users\fj\Desktop\2017robomaster国赛\机器人主控\英雄ucos2\英雄机器人调试 - UCOSII 修改兼容3510底盘\Project\STM32F4.uvprojx
Project File Date:  03/20/2017

<h2>Output:</h2>
Build target 'STM32F4'
compiling TASK_CAN.C...
..\TASK\TASK_DBUG.h(52): warning:  #1295-D: Deprecated declaration calibrate_IMU - give arg types
  void calibrate_IMU();
..\TASK\TASK_DBUG.h(64): warning:  #1-D: last line of file ends without a newline
  #endif
..\TASK\task_can.h(129): warning:  #1-D: last line of file ends without a newline
  #endif 
..\TASK\task_control.h(56): warning:  #1295-D: Deprecated declaration moto_ctrl - give arg types
  void moto_ctrl();
..\TASK\task_control.h(58): warning:  #1295-D: Deprecated declaration RM3510_control - give arg types
   void RM3510_control();
..\TASK\task_control.h(68): warning:  #1-D: last line of file ends without a newline
  #endif
..\TASK\task_can.h(128): warning:  #1295-D: Deprecated declaration ALL_can_tx - give arg types
  void ALL_can_tx();
..\TASK\task_can.h(129): warning:  #1-D: last line of file ends without a newline
  #endif 
..\TASK\TASK_CAN.C(439): warning:  #1-D: last line of file ends without a newline
         
..\TASK\TASK_CAN.C: 9 warnings, 0 errors
linking...
Program Size: Code=49164 RO-data=828 RW-data=320 ZI-data=9056  
".\Objects\STM32F4.axf" - 0 Error(s), 9 Warning(s).

<h2>Collection of Component include folders:</h2>
  C:\Users\fj\Desktop\2017robomaster国赛\机器人主控\英雄ucos2\英雄机器人调试 - UCOSII 修改兼容3510底盘\Project\RTE
  C:\Keil_v5\ARM\PACK\Keil\STM32F4xx_DFP\1.0.8\Device\Include

<h2>Collection of Component Files used:</h2>
</pre>
</body>
</html>
