<html>
<body>
<pre>
<h1>礦ision Build Log</h1>
<h2>Tool Versions:</h2>
IDE-Version: μVision V5.14.0.0
Copyright (C) 2015 ARM Ltd and ARM Germany GmbH. All rights reserved.
License Information: 1 fj, 1, LIC=AK19U-SRV8N-QH98A-1Y0SD-GB9KK-5WEBV
 
Tool Versions:
Toolchain:       MDK-ARM Professional  Version: 5.14.0.0
Toolchain Path:  C:\Keil_v5\ARM\ARMCC\Bin
C Compiler:      Armcc.exe V5.05 update 1 (build 106)
Assembler:       Armasm.exe V5.05 update 1 (build 106)
Linker/Locator:  ArmLink.exe V5.05 update 1 (build 106)
Library Manager: ArmAr.exe V5.05 update 1 (build 106)
Hex Converter:   FromElf.exe V5.05 update 1 (build 106)
CPU DLL:         SARMCM3.DLL V5.14.0.0
Dialog DLL:      DARMSTM.DLL V1.65.0.0
Target DLL:      STLink\ST-LINKIII-KEIL_SWO.dll V2.0.14.0_KEIL
Dialog DLL:      TARMSTM.DLL V1.64.0.0
 
<h2>Project:</h2>
C:\Users\fj\Desktop\2017robomaster国赛\RM35驱动\moto V2.0\Project\STM32F103C.uvprojx
Project File Date:  03/15/2017

<h2>Output:</h2>
Build target 'STM32F103C8T6'
compiling can.c...
..\Mylib\ad.h(6): warning:  #1295-D: Deprecated declaration AD_Power - give arg types
  float AD_Power();
..\Mylib\iwdg.h(4): warning:  #1295-D: Deprecated declaration iwdg_init - give arg types
  void iwdg_init();
..\Mylib\iwdg.h(6): warning:  #1-D: last line of file ends without a newline
  #endif
..\Mylib\MPU6050.h(105): warning:  #1295-D: Deprecated declaration Magdataprepare - give arg types
  void Magdataprepare();
..\Mylib\MPU6050.h(106): warning:  #1295-D: Deprecated declaration IMUupdate - give arg types
  void IMUupdate();
..\Mylib\DEBUG.h(50): warning:  #1295-D: Deprecated declaration calibrate_IMU - give arg types
  void calibrate_IMU();
..\Mylib\DEBUG.h(61): warning:  #1-D: last line of file ends without a newline
  #endif
..\Mylib\can.c(83): warning:  #177-D: variable "Mode_date" was declared but never referenced
          uint32_t Mode_date,ID_date;
..\Mylib\can.c(83): warning:  #177-D: variable "ID_date" was declared but never referenced
          uint32_t Mode_date,ID_date;
..\Mylib\can.c(84): warning:  #177-D: variable "Speed_Value_H" was declared but never referenced
          s16 Speed_Value_H,Speed_Value_L,Speed_Value;
..\Mylib\can.c(84): warning:  #177-D: variable "Speed_Value_L" was declared but never referenced
          s16 Speed_Value_H,Speed_Value_L,Speed_Value;
..\Mylib\can.c(84): warning:  #177-D: variable "Speed_Value" was declared but never referenced
          s16 Speed_Value_H,Speed_Value_L,Speed_Value;
..\Mylib\can.c(76): warning:  #177-D: variable "Mode_Chioce_flage" was declared but never referenced
  static u8 Mode_Chioce_flage=0;
..\Mylib\can.c: 13 warnings, 0 errors
linking...
Program Size: Code=18304 RO-data=268 RW-data=232 ZI-data=1928  
".\Objects\STM32F103C.axf" - 0 Error(s), 13 Warning(s).

<h2>Collection of Component include folders:</h2>
  C:\Users\fj\Desktop\2017robomaster国赛\RM35驱动\moto V2.0\Project\RTE
  C:\Keil_v5\ARM\PACK\Keil\STM32F1xx_DFP\1.0.5\Device\Include

<h2>Collection of Component Files used:</h2>
</pre>
</body>
</html>
