<html>
<body>
<pre>
<h1>礦ision Build Log</h1>
<h2>Tool Versions:</h2>
IDE-Version: μVision V5.14.0.0
Copyright (C) 2015 ARM Ltd and ARM Germany GmbH. All rights reserved.
License Information: 1 fj, 1, LIC=AK19U-SRV8N-QH98A-1Y0SD-GB9KK-5WEBV
 
Tool Versions:
Toolchain:       MDK-ARM Professional  Version: 5.14.0.0
Toolchain Path:  C:\Keil_v5\ARM\ARMCC\Bin
C Compiler:      Armcc.exe V5.05 update 1 (build 106)
Assembler:       Armasm.exe V5.05 update 1 (build 106)
Linker/Locator:  ArmLink.exe V5.05 update 1 (build 106)
Library Manager: ArmAr.exe V5.05 update 1 (build 106)
Hex Converter:   FromElf.exe V5.05 update 1 (build 106)
CPU DLL:         SARMCM3.DLL V5.14.0.0
Dialog DLL:      DCM.DLL V1.13.1.0
Target DLL:      STLink\ST-LINKIII-KEIL_SWO.dll V2.0.14.0_KEIL
Dialog DLL:      TCM.DLL V1.14.4.0
 
<h2>Project:</h2>
C:\Users\fj\Desktop\2017robomaster国赛\机器人主控\V_CTIM英雄车\hero chaiss up&down\hero_chaiss_up&down_ main control  - UCOSII\Project\STM32F4.uvprojx
Project File Date:  03/20/2017

<h2>Output:</h2>
Build target 'STM32F4'
compiling main.c...
..\BSP\key.h(8): warning:  #1-D: last line of file ends without a newline
  #endif 
..\BSP\usart3.h(14): warning:  #1295-D: Deprecated declaration serialcom - give arg types
  u8 serialcom();
..\BSP\iwdg.h(4): warning:  #1295-D: Deprecated declaration iwdg_init - give arg types
  void iwdg_init();
..\BSP\iwdg.h(6): warning:  #1-D: last line of file ends without a newline
  #endif
..\BSP\buzzer.h(9): warning:  #1295-D: Deprecated declaration BUZZER_BEE - give arg types
  void BUZZER_BEE();
..\TASK\TASK_DBUG.h(52): warning:  #1295-D: Deprecated declaration calibrate_IMU - give arg types
  void calibrate_IMU();
..\TASK\TASK_DBUG.h(64): warning:  #1-D: last line of file ends without a newline
  #endif
..\TASK\task_control.h(60): warning:  #1-D: last line of file ends without a newline
  #endif
..\TASK\task_can.h(128): warning:  #1295-D: Deprecated declaration ALL_can_tx - give arg types
  void ALL_can_tx();
..\TASK\task_can.h(129): warning:  #1-D: last line of file ends without a newline
  #endif 
..\TASK\task_control.h(49): warning:  #1295-D: Deprecated declaration Position_control - give arg types
  void Position_control();
..\TASK\task_control.h(52): warning:  #1295-D: Deprecated declaration moto_ctrl - give arg types
  void moto_ctrl();
..\TASK\task_control.h(60): warning:  #1-D: last line of file ends without a newline
  #endif
..\TASK\task_door.h(11): warning:  #1295-D: Deprecated declaration DOOR_control - give arg types
  void DOOR_control();
..\TASK\task_door.h(12): warning:  #1-D: last line of file ends without a newline
  #endif
..\User\main.c: 15 warnings, 0 errors
compiling TASK_CAN.C...
..\TASK\TASK_DBUG.h(52): warning:  #1295-D: Deprecated declaration calibrate_IMU - give arg types
  void calibrate_IMU();
..\TASK\TASK_DBUG.h(64): warning:  #1-D: last line of file ends without a newline
  #endif
..\TASK\task_can.h(129): warning:  #1-D: last line of file ends without a newline
  #endif 
..\TASK\task_control.h(49): warning:  #1295-D: Deprecated declaration Position_control - give arg types
  void Position_control();
..\TASK\task_control.h(52): warning:  #1295-D: Deprecated declaration moto_ctrl - give arg types
  void moto_ctrl();
..\TASK\task_control.h(60): warning:  #1-D: last line of file ends without a newline
  #endif
..\TASK\task_can.h(128): warning:  #1295-D: Deprecated declaration ALL_can_tx - give arg types
  void ALL_can_tx();
..\TASK\task_can.h(129): warning:  #1-D: last line of file ends without a newline
  #endif 
..\TASK\TASK_CAN.C(3): warning:  #177-D: variable "Value" was declared but never referenced
  static s16 Value_H,Value_L,Value;
..\TASK\TASK_CAN.C: 9 warnings, 0 errors
linking...
Program Size: Code=42820 RO-data=828 RW-data=268 ZI-data=8820  
".\Objects\STM32F4.axf" - 0 Error(s), 24 Warning(s).

<h2>Collection of Component include folders:</h2>
  C:\Users\fj\Desktop\2017robomaster国赛\机器人主控\V_CTIM英雄车\hero chaiss up&down\hero_chaiss_up&down_ main control  - UCOSII\Project\RTE
  C:\Keil_v5\ARM\PACK\Keil\STM32F4xx_DFP\1.0.8\Device\Include

<h2>Collection of Component Files used:</h2>
</pre>
</body>
</html>
