Component: ARM Compiler 5.05 update 1 (build 106) Tool: armlink [4d0efa]

==============================================================================

Section Cross References

    main.o(.text) refers to os_core.o(.text) for OSStatInit
    main.o(.text) refers to os_cpu_a.o(.text) for OS_CPU_SR_Save
    main.o(.text) refers to os_task.o(.text) for OSTaskCreate
    main.o(.text) refers to bsp.o(.text) for BSP_Init
    main.o(.text) refers to delay.o(.text) for delayms
    main.o(.text) refers to stm32f4xx_gpio.o(.text) for GPIO_ToggleBits
    main.o(.text) refers to mpu6050_driver.o(.text) for MPU6050_Initialization
    main.o(.text) refers to task_control.o(.text) for pid_init_struct
    main.o(.text) refers to mpu6050_interrupt.o(.text) for MPU6050_Interrupt_Configuration
    main.o(.text) refers to tim6.o(.text) for TIM6_Start
    main.o(.text) refers to stmflash.o(.text) for Data_Read
    main.o(.text) refers to iwdg.o(.text) for iwdg_init
    main.o(.text) refers to main.o(.bss) for CAN_TASK_STK
    main.o(.text) refers to task_can.o(.text) for can_task
    main.o(.text) refers to task_dbug.o(.text) for dbug_task
    main.o(.text) refers to task_door.o(.text) for door_task
    main.o(.text) refers to task_led.o(.text) for led_task
    mpu6050_driver.o(.text) refers to mpu6050_i2c.o(.text) for IIC_GPIO_Init
    mpu6050_driver.o(.text) refers to printfb.o(i.__0printf$bare) for __2printf
    mpu6050_driver.o(.text) refers to f2d.o(.text) for __aeabi_f2d
    mpu6050_driver.o(.text) refers to ddiv.o(.text) for __aeabi_ddiv
    mpu6050_driver.o(.text) refers to d2f.o(.text) for __aeabi_d2f
    mpu6050_driver.o(.text) refers to dadd.o(.text) for __aeabi_dadd
    mpu6050_driver.o(.text) refers to delay.o(.text) for delay_ms
    mpu6050_driver.o(.text) refers to mpu6050_driver.o(.bss) for MPU6050_Raw_Data
    mpu6050_driver.o(.text) refers to task_dbug.o(.bss) for GYRO_OFFSET
    mpu6050_i2c.o(.text) refers to stm32f4xx_rcc.o(.text) for RCC_AHB1PeriphClockCmd
    mpu6050_i2c.o(.text) refers to stm32f4xx_gpio.o(.text) for GPIO_Init
    mpu6050_i2c.o(.text) refers to printfb.o(i.__0printf$bare) for __2printf
    mpu6050_interrupt.o(.text) refers to stm32f4xx_rcc.o(.text) for RCC_APB2PeriphClockCmd
    mpu6050_interrupt.o(.text) refers to stm32f4xx_gpio.o(.text) for GPIO_Init
    mpu6050_interrupt.o(.text) refers to stm32f4xx_syscfg.o(.text) for SYSCFG_EXTILineConfig
    mpu6050_interrupt.o(.text) refers to stm32f4xx_exti.o(.text) for EXTI_Init
    mpu6050_interrupt.o(.text) refers to misc.o(.text) for NVIC_Init
    mpu6050_interrupt.o(.text) refers to mpu6050_driver.o(.text) for MPU6050_ReadData
    mpu6050_interrupt.o(.text) refers to f2d.o(.text) for __aeabi_f2d
    mpu6050_interrupt.o(.text) refers to ddiv.o(.text) for __aeabi_ddiv
    mpu6050_interrupt.o(.text) refers to dadd.o(.text) for __aeabi_dsub
    mpu6050_interrupt.o(.text) refers to d2f.o(.text) for __aeabi_d2f
    mpu6050_interrupt.o(.text) refers to mpu6050_driver.o(.bss) for MPU6050_Real_Data
    mpu6050_interrupt.o(.text) refers to mpu6050_process.o(.bss) for MPU6050_Angle
    mpu6050_process.o(.text) refers to f2d.o(.text) for __aeabi_f2d
    mpu6050_process.o(.text) refers to ddiv.o(.text) for __aeabi_ddiv
    mpu6050_process.o(.text) refers to d2f.o(.text) for __aeabi_d2f
    mpu6050_process.o(.text) refers to dmul.o(.text) for __aeabi_dmul
    mpu6050_process.o(.text) refers to dadd.o(.text) for __aeabi_dadd
    mpu6050_process.o(.text) refers to sqrt.o(i.__hardfp_sqrt) for __hardfp_sqrt
    mpu6050_process.o(.text) refers to mpu6050_process.o(.data) for first_flag
    mpu6050_process.o(.text) refers to mpu6050_driver.o(.bss) for MPU6050_Raw_Data
    mpu6050_process.o(.text) refers to mpu6050_process.o(.bss) for accel_x_buffer
    mpu6050_process.o(.text) refers to asin.o(i.__hardfp_asin) for __hardfp_asin
    mpu6050_process.o(.text) refers to atan2.o(i.__hardfp_atan2) for __hardfp_atan2
    hmc5883l.o(.text) refers to stm32f4xx_gpio.o(.text) for GPIO_ReadInputDataBit
    hmc5883l.o(.text) refers to mpu6050_i2c.o(.text) for IIC_ReadData
    hmc5883l.o(.text) refers to delay.o(.text) for delay_us
    hmc5883l.o(.text) refers to hmc5883l.o(.bss) for HMC5883_FIFO
    hmc5883l.o(.text) refers to hmc5883l.o(.data) for HMC5883_calib
    bsp.o(.text) refers to misc.o(.text) for NVIC_PriorityGroupConfig
    bsp.o(.text) refers to led.o(.text) for LED_Configuration
    bsp.o(.text) refers to key.o(.text) for Key_Configuration
    bsp.o(.text) refers to buzzer.o(.text) for Buzzer_Configuration
    bsp.o(.text) refers to relay.o(.text) for RELAY_init
    bsp.o(.text) refers to laser.o(.text) for LASER_Configuration
    bsp.o(.text) refers to can1.o(.text) for CAN1_Configuration
    bsp.o(.text) refers to can2.o(.text) for CAN2_Configuration
    bsp.o(.text) refers to usart1.o(.text) for USART1_Configuration
    bsp.o(.text) refers to usart2.o(.text) for USART2_Configuration
    bsp.o(.text) refers to usart3.o(.text) for USART3_Configuration
[...]
    state                                    0x20000101   Data           1  task_dbug.o(.data)
    .data                                    0x20000102   Section        1  task_led.o(.data)
    iwdg_flag                                0x20000102   Data           1  task_led.o(.data)
    .data                                    0x20000104   Section        4  stdout.o(.data)
    .data                                    0x20000108   Section        4  errno.o(.data)
    _errno                                   0x20000108   Data           4  errno.o(.data)
    .bss                                     0x2000010c   Section     3840  main.o(.bss)
    .bss                                     0x2000100c   Section       44  mpu6050_driver.o(.bss)
    .bss                                     0x20001038   Section       96  mpu6050_process.o(.bss)
    accel_x_buffer                           0x2000105c   Data          20  mpu6050_process.o(.bss)
    accel_y_buffer                           0x20001070   Data          20  mpu6050_process.o(.bss)
    accel_z_buffer                           0x20001084   Data          20  mpu6050_process.o(.bss)
    .bss                                     0x20001098   Section      256  usart1.o(.bss)
    .bss                                     0x20001198   Section       45  usart2.o(.bss)
    .bss                                     0x200011c5   Section      128  usart3.o(.bss)
    .bss                                     0x20001248   Section     2688  os_core.o(.bss)
    .bss                                     0x20001cc8   Section       36  task_can.o(.bss)
    .bss                                     0x20001cec   Section      436  task_control.o(.bss)
    .bss                                     0x20001ea0   Section      218  task_dbug.o(.bss)
    RxBuffer                                 0x20001f48   Data          50  task_dbug.o(.bss)
    STACK                                    0x20001f80   Section     1024  startup_stm32f4xx.o(STACK)

    Global Symbols

    Symbol Name                              Value     Ov Type        Size  Object(Section)

    BuildAttributes$$THM_ISAv4$E$P$D$K$B$S$7EM$VFPi3$EXTD16$VFPS$VFMA$PE$A:L22UL41UL21$X:L11$S22US41US21$IEEE1$IW$USESV6$~STKCKD$USESV7$~SHL$OTIME$ROPI$IEEEX$EBA8$MICROLIB$REQ8$PRES8$EABIv2 0x00000000   Number         0  anon$$obj.o ABSOLUTE
    __ARM_use_no_argv                        0x00000000   Number         0  main.o ABSOLUTE
    __cpp_initialize__aeabi_                  - Undefined Weak Reference
    __cxa_finalize                            - Undefined Weak Reference
    __decompress                              - Undefined Weak Reference
    _clock_init                               - Undefined Weak Reference
    _microlib_exit                            - Undefined Weak Reference
    __Vectors_Size                           0x00000188   Number         0  startup_stm32f4xx.o ABSOLUTE
    __Vectors                                0x08000000   Data           4  startup_stm32f4xx.o(RESET)
    __Vectors_End                            0x08000188   Data           0  startup_stm32f4xx.o(RESET)
    __main                                   0x08000189   Thumb Code     0  entry.o(.ARM.Collect$$$$00000000)
    _main_stk                                0x08000189   Thumb Code     0  entry2.o(.ARM.Collect$$$$00000001)
    _main_scatterload                        0x0800018d   Thumb Code     0  entry5.o(.ARM.Collect$$$$00000004)
    __main_after_scatterload                 0x08000191   Thumb Code     0  entry5.o(.ARM.Collect$$$$00000004)
    _main_clock                              0x08000191   Thumb Code     0  entry7b.o(.ARM.Collect$$$$00000008)
    _main_cpp_init                           0x08000191   Thumb Code     0  entry8b.o(.ARM.Collect$$$$0000000A)
    _main_init                               0x08000191   Thumb Code     0  entry9a.o(.ARM.Collect$$$$0000000B)
    __rt_final_cpp                           0x08000199   Thumb Code     0  entry10a.o(.ARM.Collect$$$$0000000D)
    __rt_final_exit                          0x08000199   Thumb Code     0  entry11a.o(.ARM.Collect$$$$0000000F)
    NMI_Handler                              0x0800019d   Thumb Code     2  stm32f4xx_it.o(.text)
    HardFault_Handler                        0x0800019f   Thumb Code     4  stm32f4xx_it.o(.text)
    MemManage_Handler                        0x080001a3   Thumb Code     4  stm32f4xx_it.o(.text)
    BusFault_Handler                         0x080001a7   Thumb Code     4  stm32f4xx_it.o(.text)
    UsageFault_Handler                       0x080001ab   Thumb Code     4  stm32f4xx_it.o(.text)
    SVC_Handler                              0x080001af   Thumb Code     2  stm32f4xx_it.o(.text)
    DebugMon_Handler                         0x080001b1   Thumb Code     2  stm32f4xx_it.o(.text)
    start_task                               0x080001b5   Thumb Code    92  main.o(.text)
    main                                     0x08000211   Thumb Code   112  main.o(.text)
    MPU6050_Initialization                   0x080002b1   Thumb Code   228  mpu6050_driver.o(.text)
    MPU6050_ReadData                         0x08000395   Thumb Code   568  mpu6050_driver.o(.text)
    MPU6050_Gyro_calibration                 0x080005cd   Thumb Code   438  mpu6050_driver.o(.text)
    IIC_Delay                                0x08000785   Thumb Code    26  mpu6050_i2c.o(.text)
    HEAT_Configuration                       0x0800079f   Thumb Code    50  mpu6050_i2c.o(.text)
    IIC_GPIO_Init                            0x080007d1   Thumb Code    40  mpu6050_i2c.o(.text)
    IIC_SDA_Out                              0x080007f9   Thumb Code    32  mpu6050_i2c.o(.text)
    IIC_SDA_In                               0x08000819   Thumb Code    36  mpu6050_i2c.o(.text)
    IIC_Start                                0x0800083d   Thumb Code    52  mpu6050_i2c.o(.text)
    IIC_Stop                                 0x08000871   Thumb Code    52  mpu6050_i2c.o(.text)
    IIC_Ack                                  0x080008a5   Thumb Code    58  mpu6050_i2c.o(.text)
    IIC_WaitAck                              0x080008df   Thumb Code    86  mpu6050_i2c.o(.text)
    IIC_WriteBit                             0x08000935   Thumb Code    86  mpu6050_i2c.o(.text)
    IIC_ReadBit                              0x0800098b   Thumb Code    78  mpu6050_i2c.o(.text)
    IIC_WriteData                            0x080009d9   Thumb Code    92  mpu6050_i2c.o(.text)
    IIC_ReadData                             0x08000a35   Thumb Code   146  mpu6050_i2c.o(.text)
    MPU6050_Interrupt_Configuration          0x08000b21   Thumb Code   122  mpu6050_interrupt.o(.text)
    hmc5883_Interrupt_Configuration          0x08000b9b   Thumb Code   122  mpu6050_interrupt.o(.text)
    EXTI9_5_IRQHandler                       0x08000c15   Thumb Code   122  mpu6050_interrupt.o(.text)
    EXTI2_IRQHandler                         0x08000c8f   Thumb Code    26  mpu6050_interrupt.o(.text)
    BSP_Init                                 0x08000cc5   Thumb Code    90  bsp.o(.text)
    CAN1_Configuration                       0x08000d25   Thumb Code   262  can1.o(.text)
    CAN2_Configuration                       0x08000e35   Thumb Code   272  can2.o(.text)
    CAN2_TX_IRQHandler                       0x08000f45   Thumb Code    28  can2.o(.text)
    CAN2_RX0_IRQHandler                      0x08000f61   Thumb Code    22  can2.o(.text)
    USART1_Configuration                     0x08000f85   Thumb Code   322  usart1.o(.text)
    USART1_SendChar                          0x080010c7   Thumb Code    28  usart1.o(.text)
    fputc                                    0x080010e3   Thumb Code    32  usart1.o(.text)
    fgetc                                    0x08001103   Thumb Code    26  usart1.o(.text)
    RS232_VisualScope                        0x08001157   Thumb Code    70  usart1.o(.text)
    send_str                                 0x0800119d   Thumb Code    54  usart1.o(.text)
    USART1_IRQHandler                        0x080011d3   Thumb Code    84  usart1.o(.text)
    DMA2_Stream5_IRQHandler                  0x08001227   Thumb Code    30  usart1.o(.text)
    delayms                                  0x0800125d   Thumb Code    28  delay.o(.text)
    delayus                                  0x08001279   Thumb Code    26  delay.o(.text)
    delay_osschedlock                        0x08001293   Thumb Code     8  delay.o(.text)
    delay_osschedunlock                      0x0800129b   Thumb Code     8  delay.o(.text)
    delay_ostimedly                          0x080012a3   Thumb Code    12  delay.o(.text)
    SysTick_Handler                          0x080012af   Thumb Code    24  delay.o(.text)
    delay_init                               0x080012c7   Thumb Code    76  delay.o(.text)
    delay_us                                 0x08001313   Thumb Code    84  delay.o(.text)
    delay_ms                                 0x08001367   Thumb Code    66  delay.o(.text)
    TIM6_Configuration                       0x080013b9   Thumb Code    72  tim6.o(.text)
    TIM6_Start                               0x08001401   Thumb Code    30  tim6.o(.text)
    TIM6_DAC_IRQHandler                      0x0800141f   Thumb Code    30  tim6.o(.text)
    LED_Configuration                        0x08001441   Thumb Code    58  led.o(.text)
    LASER_Configuration                      0x08001481   Thumb Code    50  laser.o(.text)
    USART2_Configuration                     0x080014b9   Thumb Code   276  usart2.o(.text)
    DMA1_Stream5_IRQHandler                  0x080015cd   Thumb Code   232  usart2.o(.text)
    PWM1_Configuration                       0x080016d5   Thumb Code   192  pwm.o(.text)
    TIM12_CH12_Init                          0x08001795   Thumb Code   190  pwm.o(.text)
    PWM2_Configuration                       0x08001853   Thumb Code   202  pwm.o(.text)
    Rammer_moto_run                          0x080019e7   Thumb Code    68  pwm.o(.text)
    Data_Save                                0x08001af9   Thumb Code   308  stmflash.o(.text)
    Data_Read                                0x08001c43   Thumb Code   138  stmflash.o(.text)
    Buzzer_Configuration                     0x08001cdd   Thumb Code    50  buzzer.o(.text)
    BUZZER_BEE                               0x08001d0f   Thumb Code    56  buzzer.o(.text)
    Encoder_Configuration                    0x08001d4d   Thumb Code   134  encoder.o(.text)
    Encoder_Get_CNT                          0x08001dd3   Thumb Code    18  encoder.o(.text)
    TIM2_IRQHandler                          0x08001de5   Thumb Code    22  encoder.o(.text)
    IWDG_WriteAccessCmd                      0x08001e01   Thumb Code     6  stm32f4xx_iwdg.o(.text)
    IWDG_SetPrescaler                        0x08001e07   Thumb Code     6  stm32f4xx_iwdg.o(.text)
    IWDG_SetReload                           0x08001e0d   Thumb Code     6  stm32f4xx_iwdg.o(.text)
    IWDG_ReloadCounter                       0x08001e13   Thumb Code    10  stm32f4xx_iwdg.o(.text)
    IWDG_Enable                              0x08001e1d   Thumb Code    10  stm32f4xx_iwdg.o(.text)
    IWDG_GetFlagStatus                       0x08001e27   Thumb Code    20  stm32f4xx_iwdg.o(.text)
    Key_Configuration                        0x08001e41   Thumb Code    42  key.o(.text)
    USART3_Configuration                     0x08001e71   Thumb Code   328  usart3.o(.text)
    serialcom                                0x08001fb9   Thumb Code   180  usart3.o(.text)
    USART3_IRQHandler                        0x0800206d   Thumb Code    68  usart3.o(.text)
    DMA1_Stream1_IRQHandler                  0x080020b1   Thumb Code    30  usart3.o(.text)
    iwdg_init                                0x080020f5   Thumb Code    34  iwdg.o(.text)
    RELAY_init                               0x08002119   Thumb Code    66  relay.o(.text)
    NVIC_PriorityGroupConfig                 0x08002161   Thumb Code    10  misc.o(.text)
    NVIC_Init                                0x0800216b   Thumb Code   106  misc.o(.text)
    NVIC_SetVectorTable                      0x080021d5   Thumb Code    14  misc.o(.text)
    NVIC_SystemLPConfig                      0x080021e3   Thumb Code    34  misc.o(.text)
    SysTick_CLKSourceConfig                  0x08002205   Thumb Code    40  misc.o(.text)
    TIM_DeInit                               0x08002241   Thumb Code   346  stm32f4xx_tim.o(.text)
    TIM_TimeBaseInit                         0x0800239b   Thumb Code   104  stm32f4xx_tim.o(.text)
    TIM_TimeBaseStructInit                   0x08002403   Thumb Code    18  stm32f4xx_tim.o(.text)
    TIM_PrescalerConfig                      0x08002415   Thumb Code     6  stm32f4xx_tim.o(.text)
    TIM_CounterModeConfig                    0x0800241b   Thumb Code    18  stm32f4xx_tim.o(.text)
    TIM_SetCounter                           0x0800242d   Thumb Code     4  stm32f4xx_tim.o(.text)
    TIM_SetAutoreload                        0x08002431   Thumb Code     4  stm32f4xx_tim.o(.text)
    TIM_GetCounter                           0x08002435   Thumb Code     6  stm32f4xx_tim.o(.text)
    TIM_GetPrescaler                         0x0800243b   Thumb Code     6  stm32f4xx_tim.o(.text)
    TIM_UpdateDisableConfig                  0x08002441   Thumb Code    24  stm32f4xx_tim.o(.text)
    TIM_UpdateRequestConfig                  0x08002459   Thumb Code    24  stm32f4xx_tim.o(.text)
    TIM_ARRPreloadConfig                     0x08002471   Thumb Code    24  stm32f4xx_tim.o(.text)
    TIM_SelectOnePulseMode                   0x08002489   Thumb Code    18  stm32f4xx_tim.o(.text)
    TIM_SetClockDivision                     0x0800249b   Thumb Code    18  stm32f4xx_tim.o(.text)
    TIM_Cmd                                  0x080024ad   Thumb Code    24  stm32f4xx_tim.o(.text)
    TIM_OC1Init                              0x080024c5   Thumb Code   114  stm32f4xx_tim.o(.text)
    TIM_OC2Init                              0x08002537   Thumb Code   154  stm32f4xx_tim.o(.text)
    TIM_OC3Init                              0x080025d1   Thumb Code   204  stm32f4xx_tim.o(.text)
    TIM_OC4Init                              0x0800269d   Thumb Code   112  stm32f4xx_tim.o(.text)
    TIM_OCStructInit                         0x0800270d   Thumb Code    20  stm32f4xx_tim.o(.text)
    TIM_SelectOCxM                           0x08002721   Thumb Code    86  stm32f4xx_tim.o(.text)
    TIM_SetCompare1                          0x08002777   Thumb Code     4  stm32f4xx_tim.o(.text)
    TIM_SetCompare2                          0x0800277b   Thumb Code     4  stm32f4xx_tim.o(.text)
    TIM_SetCompare3                          0x0800277f   Thumb Code     4  stm32f4xx_tim.o(.text)
    TIM_SetCompare4                          0x08002783   Thumb Code     4  stm32f4xx_tim.o(.text)
    TIM_ForcedOC1Config                      0x08002787   Thumb Code    18  stm32f4xx_tim.o(.text)
    TIM_ForcedOC2Config                      0x08002799   Thumb Code    26  stm32f4xx_tim.o(.text)
    TIM_ForcedOC3Config                      0x080027b3   Thumb Code    18  stm32f4xx_tim.o(.text)
    TIM_ForcedOC4Config                      0x080027c5   Thumb Code    26  stm32f4xx_tim.o(.text)
    TIM_OC1PreloadConfig                     0x080027df   Thumb Code    18  stm32f4xx_tim.o(.text)
    TIM_OC2PreloadConfig                     0x080027f1   Thumb Code    26  stm32f4xx_tim.o(.text)
    TIM_OC3PreloadConfig                     0x0800280b   Thumb Code    18  stm32f4xx_tim.o(.text)
    TIM_OC4PreloadConfig                     0x0800281d   Thumb Code    26  stm32f4xx_tim.o(.text)
    TIM_OC1FastConfig                        0x08002837   Thumb Code    18  stm32f4xx_tim.o(.text)
    TIM_OC2FastConfig                        0x08002849   Thumb Code    26  stm32f4xx_tim.o(.text)
    TIM_OC3FastConfig                        0x08002863   Thumb Code    18  stm32f4xx_tim.o(.text)
    TIM_OC4FastConfig                        0x08002875   Thumb Code    26  stm32f4xx_tim.o(.text)
    TIM_ClearOC1Ref                          0x0800288f   Thumb Code    18  stm32f4xx_tim.o(.text)
    TIM_ClearOC2Ref                          0x080028a1   Thumb Code    24  stm32f4xx_tim.o(.text)
    TIM_ClearOC3Ref                          0x080028b9   Thumb Code    18  stm32f4xx_tim.o(.text)
    TIM_ClearOC4Ref                          0x080028cb   Thumb Code    24  stm32f4xx_tim.o(.text)
    TIM_OC1PolarityConfig                    0x080028e3   Thumb Code    18  stm32f4xx_tim.o(.text)
    TIM_OC1NPolarityConfig                   0x080028f5   Thumb Code    18  stm32f4xx_tim.o(.text)
    TIM_OC2PolarityConfig                    0x08002907   Thumb Code    26  stm32f4xx_tim.o(.text)
    TIM_OC2NPolarityConfig                   0x08002921   Thumb Code    26  stm32f4xx_tim.o(.text)
    TIM_OC3PolarityConfig                    0x0800293b   Thumb Code    26  stm32f4xx_tim.o(.text)
    TIM_OC3NPolarityConfig                   0x08002955   Thumb Code    26  stm32f4xx_tim.o(.text)
    TIM_OC4PolarityConfig                    0x0800296f   Thumb Code    26  stm32f4xx_tim.o(.text)
    TIM_CCxCmd                               0x08002989   Thumb Code    30  stm32f4xx_tim.o(.text)
    TIM_CCxNCmd                              0x080029a7   Thumb Code    30  stm32f4xx_tim.o(.text)
    TIM_SetIC4Prescaler                      0x080029c5   Thumb Code    26  stm32f4xx_tim.o(.text)
    TIM_SetIC3Prescaler                      0x08002a2f   Thumb Code    18  stm32f4xx_tim.o(.text)
    TIM_SetIC2Prescaler                      0x08002a89   Thumb Code    26  stm32f4xx_tim.o(.text)
    TIM_SetIC1Prescaler                      0x08002afd   Thumb Code    18  stm32f4xx_tim.o(.text)
    TIM_ICInit                               0x08002b49   Thumb Code   110  stm32f4xx_tim.o(.text)
    TIM_ICStructInit                         0x08002bb7   Thumb Code    18  stm32f4xx_tim.o(.text)
    TIM_PWMIConfig                           0x08002bc9   Thumb Code   124  stm32f4xx_tim.o(.text)
    TIM_GetCapture1                          0x08002c45   Thumb Code     6  stm32f4xx_tim.o(.text)
    TIM_GetCapture2                          0x08002c4b   Thumb Code     6  stm32f4xx_tim.o(.text)
    TIM_GetCapture3                          0x08002c51   Thumb Code     6  stm32f4xx_tim.o(.text)
    TIM_GetCapture4                          0x08002c57   Thumb Code     6  stm32f4xx_tim.o(.text)
    TIM_BDTRConfig                           0x08002c5d   Thumb Code    32  stm32f4xx_tim.o(.text)
    TIM_BDTRStructInit                       0x08002c7d   Thumb Code    18  stm32f4xx_tim.o(.text)
    TIM_CtrlPWMOutputs                       0x08002c8f   Thumb Code    30  stm32f4xx_tim.o(.text)
    TIM_SelectCOM                            0x08002cad   Thumb Code    24  stm32f4xx_tim.o(.text)
    TIM_CCPreloadControl                     0x08002cc5   Thumb Code    24  stm32f4xx_tim.o(.text)
    TIM_ITConfig                             0x08002cdd   Thumb Code    18  stm32f4xx_tim.o(.text)
    TIM_GenerateEvent                        0x08002cef   Thumb Code     4  stm32f4xx_tim.o(.text)
    TIM_GetFlagStatus                        0x08002cf3   Thumb Code    18  stm32f4xx_tim.o(.text)
    TIM_ClearFlag                            0x08002d05   Thumb Code     6  stm32f4xx_tim.o(.text)
    TIM_GetITStatus                          0x08002d0b   Thumb Code    34  stm32f4xx_tim.o(.text)
    TIM_ClearITPendingBit                    0x08002d2d   Thumb Code     6  stm32f4xx_tim.o(.text)
    TIM_DMAConfig                            0x08002d33   Thumb Code    10  stm32f4xx_tim.o(.text)
    TIM_DMACmd                               0x08002d3d   Thumb Code    18  stm32f4xx_tim.o(.text)
    TIM_SelectCCDMA                          0x08002d4f   Thumb Code    24  stm32f4xx_tim.o(.text)
    TIM_InternalClockConfig                  0x08002d67   Thumb Code    12  stm32f4xx_tim.o(.text)
    TIM_SelectInputTrigger                   0x08002d73   Thumb Code    18  stm32f4xx_tim.o(.text)
    TIM_ITRxExternalClockConfig              0x08002d85   Thumb Code    24  stm32f4xx_tim.o(.text)
    TIM_TIxExternalClockConfig               0x08002d9d   Thumb Code    62  stm32f4xx_tim.o(.text)
    TIM_ETRConfig                            0x08002ddb   Thumb Code    28  stm32f4xx_tim.o(.text)
    TIM_ETRClockMode1Config                  0x08002df7   Thumb Code    54  stm32f4xx_tim.o(.text)
    TIM_ETRClockMode2Config                  0x08002e2d   Thumb Code    32  stm32f4xx_tim.o(.text)
    TIM_SelectOutputTrigger                  0x08002e4d   Thumb Code    18  stm32f4xx_tim.o(.text)
    TIM_SelectSlaveMode                      0x08002e5f   Thumb Code    18  stm32f4xx_tim.o(.text)
    TIM_SelectMasterSlaveMode                0x08002e71   Thumb Code    18  stm32f4xx_tim.o(.text)
    TIM_EncoderInterfaceConfig               0x08002e83   Thumb Code    66  stm32f4xx_tim.o(.text)
    TIM_SelectHallSensor                     0x08002ec5   Thumb Code    24  stm32f4xx_tim.o(.text)
    TIM_RemapConfig                          0x08002edd   Thumb Code     6  stm32f4xx_tim.o(.text)
    RCC_DeInit                               0x08002ee5   Thumb Code    60  stm32f4xx_rcc.o(.text)
    RCC_HSEConfig                            0x08002f21   Thumb Code    14  stm32f4xx_rcc.o(.text)
    RCC_GetFlagStatus                        0x08002f2f   Thumb Code    60  stm32f4xx_rcc.o(.text)
    RCC_WaitForHSEStartUp                    0x08002f6b   Thumb Code    56  stm32f4xx_rcc.o(.text)
    RCC_AdjustHSICalibrationValue            0x08002fa3   Thumb Code    20  stm32f4xx_rcc.o(.text)
    RCC_HSICmd                               0x08002fb7   Thumb Code     6  stm32f4xx_rcc.o(.text)
    RCC_LSEConfig                            0x08002fbd   Thumb Code    46  stm32f4xx_rcc.o(.text)
    RCC_LSICmd                               0x08002feb   Thumb Code     6  stm32f4xx_rcc.o(.text)
    RCC_PLLConfig                            0x08002ff1   Thumb Code    32  stm32f4xx_rcc.o(.text)
    RCC_PLLCmd                               0x08003011   Thumb Code     6  stm32f4xx_rcc.o(.text)
    RCC_PLLI2SConfig                         0x08003017   Thumb Code    14  stm32f4xx_rcc.o(.text)
    RCC_PLLI2SCmd                            0x08003025   Thumb Code     6  stm32f4xx_rcc.o(.text)
    RCC_ClockSecuritySystemCmd               0x0800302b   Thumb Code     6  stm32f4xx_rcc.o(.text)
    RCC_MCO1Config                           0x08003031   Thumb Code    28  stm32f4xx_rcc.o(.text)
    RCC_MCO2Config                           0x0800304d   Thumb Code    28  stm32f4xx_rcc.o(.text)
    RCC_SYSCLKConfig                         0x08003069   Thumb Code    20  stm32f4xx_rcc.o(.text)
    RCC_GetSYSCLKSource                      0x0800307d   Thumb Code    12  stm32f4xx_rcc.o(.text)
    RCC_HCLKConfig                           0x08003089   Thumb Code    20  stm32f4xx_rcc.o(.text)
    RCC_PCLK1Config                          0x0800309d   Thumb Code    20  stm32f4xx_rcc.o(.text)
    RCC_PCLK2Config                          0x080030b1   Thumb Code    22  stm32f4xx_rcc.o(.text)
    RCC_GetClocksFreq                        0x080030c7   Thumb Code   222  stm32f4xx_rcc.o(.text)
    RCC_RTCCLKConfig                         0x080031a5   Thumb Code    54  stm32f4xx_rcc.o(.text)
    RCC_RTCCLKCmd                            0x080031db   Thumb Code     8  stm32f4xx_rcc.o(.text)
    RCC_BackupResetCmd                       0x080031e3   Thumb Code     8  stm32f4xx_rcc.o(.text)
    RCC_I2SCLKConfig                         0x080031eb   Thumb Code     6  stm32f4xx_rcc.o(.text)
    RCC_AHB1PeriphClockCmd                   0x080031f1   Thumb Code    34  stm32f4xx_rcc.o(.text)
    RCC_AHB2PeriphClockCmd                   0x08003213   Thumb Code    34  stm32f4xx_rcc.o(.text)
    RCC_AHB3PeriphClockCmd                   0x08003235   Thumb Code    34  stm32f4xx_rcc.o(.text)
    RCC_APB1PeriphClockCmd                   0x08003257   Thumb Code    34  stm32f4xx_rcc.o(.text)
    RCC_APB2PeriphClockCmd                   0x08003279   Thumb Code    34  stm32f4xx_rcc.o(.text)
    RCC_AHB1PeriphResetCmd                   0x0800329b   Thumb Code    34  stm32f4xx_rcc.o(.text)
    RCC_AHB2PeriphResetCmd                   0x080032bd   Thumb Code    72  stm32f4xx_rcc.o(.text)
    RCC_AHB3PeriphResetCmd                   0x08003305   Thumb Code    34  stm32f4xx_rcc.o(.text)
    RCC_APB1PeriphResetCmd                   0x08003327   Thumb Code    34  stm32f4xx_rcc.o(.text)
    RCC_APB2PeriphResetCmd                   0x08003349   Thumb Code    34  stm32f4xx_rcc.o(.text)
    RCC_AHB1PeriphClockLPModeCmd             0x0800336b   Thumb Code    34  stm32f4xx_rcc.o(.text)
    RCC_AHB2PeriphClockLPModeCmd             0x0800338d   Thumb Code    34  stm32f4xx_rcc.o(.text)
    RCC_AHB3PeriphClockLPModeCmd             0x080033af   Thumb Code    34  stm32f4xx_rcc.o(.text)
    RCC_APB1PeriphClockLPModeCmd             0x080033d1   Thumb Code    34  stm32f4xx_rcc.o(.text)
    RCC_APB2PeriphClockLPModeCmd             0x080033f3   Thumb Code    34  stm32f4xx_rcc.o(.text)
    RCC_ITConfig                             0x08003415   Thumb Code    34  stm32f4xx_rcc.o(.text)
    RCC_ClearFlag                            0x08003437   Thumb Code    18  stm32f4xx_rcc.o(.text)
    RCC_GetITStatus                          0x08003449   Thumb Code    22  stm32f4xx_rcc.o(.text)
    RCC_ClearITPendingBit                    0x0800345f   Thumb Code     8  stm32f4xx_rcc.o(.text)
    CAN_DeInit                               0x0800346d   Thumb Code    50  stm32f4xx_can.o(.text)
    CAN_Init                                 0x0800349f   Thumb Code   276  stm32f4xx_can.o(.text)
    CAN_FilterInit                           0x080035b3   Thumb Code   258  stm32f4xx_can.o(.text)
    CAN_StructInit                           0x080036b5   Thumb Code    32  stm32f4xx_can.o(.text)
    CAN_SlaveStartBank                       0x080036d5   Thumb Code    48  stm32f4xx_can.o(.text)
    CAN_DBGFreeze                            0x08003705   Thumb Code    22  stm32f4xx_can.o(.text)
    CAN_TTComModeCmd                         0x0800371b   Thumb Code   118  stm32f4xx_can.o(.text)
    CAN_Transmit                             0x08003791   Thumb Code   304  stm32f4xx_can.o(.text)
    CAN_TransmitStatus                       0x080038c1   Thumb Code   138  stm32f4xx_can.o(.text)
    CAN_CancelTransmit                       0x0800394b   Thumb Code    48  stm32f4xx_can.o(.text)
    CAN_Receive                              0x0800397b   Thumb Code   240  stm32f4xx_can.o(.text)
    CAN_FIFORelease                          0x08003a6b   Thumb Code    22  stm32f4xx_can.o(.text)
    CAN_MessagePending                       0x08003a81   Thumb Code    30  stm32f4xx_can.o(.text)
    CAN_OperatingModeRequest                 0x08003a9f   Thumb Code   162  stm32f4xx_can.o(.text)
    CAN_Sleep                                0x08003b41   Thumb Code    30  stm32f4xx_can.o(.text)
    CAN_WakeUp                               0x08003b5f   Thumb Code    48  stm32f4xx_can.o(.text)
    CAN_GetLastErrorCode                     0x08003b8f   Thumb Code    12  stm32f4xx_can.o(.text)
    CAN_GetReceiveErrorCounter               0x08003b9b   Thumb Code    10  stm32f4xx_can.o(.text)
    CAN_GetLSBTransmitErrorCounter           0x08003ba5   Thumb Code    12  stm32f4xx_can.o(.text)
    CAN_ITConfig                             0x08003bb1   Thumb Code    18  stm32f4xx_can.o(.text)
    CAN_GetFlagStatus                        0x08003bc3   Thumb Code   120  stm32f4xx_can.o(.text)
    CAN_ClearFlag                            0x08003c3b   Thumb Code    52  stm32f4xx_can.o(.text)
    CAN_GetITStatus                          0x08003c81   Thumb Code   310  stm32f4xx_can.o(.text)
    CAN_ClearITPendingBit                    0x08003db7   Thumb Code   162  stm32f4xx_can.o(.text)
    EXTI_DeInit                              0x08003e5d   Thumb Code    28  stm32f4xx_exti.o(.text)
    EXTI_Init                                0x08003e79   Thumb Code   142  stm32f4xx_exti.o(.text)
    EXTI_StructInit                          0x08003f07   Thumb Code    16  stm32f4xx_exti.o(.text)
    EXTI_GenerateSWInterrupt                 0x08003f17   Thumb Code    16  stm32f4xx_exti.o(.text)
    EXTI_GetFlagStatus                       0x08003f27   Thumb Code    22  stm32f4xx_exti.o(.text)
    EXTI_ClearFlag                           0x08003f3d   Thumb Code     8  stm32f4xx_exti.o(.text)
    EXTI_GetITStatus                         0x08003f45   Thumb Code    34  stm32f4xx_exti.o(.text)
    EXTI_ClearITPendingBit                   0x08003f67   Thumb Code     8  stm32f4xx_exti.o(.text)
    GPIO_DeInit                              0x08003f79   Thumb Code   220  stm32f4xx_gpio.o(.text)
    GPIO_Init                                0x08004055   Thumb Code   144  stm32f4xx_gpio.o(.text)
    GPIO_StructInit                          0x080040e5   Thumb Code    18  stm32f4xx_gpio.o(.text)
    GPIO_PinLockConfig                       0x080040f7   Thumb Code    34  stm32f4xx_gpio.o(.text)
    GPIO_ReadInputDataBit                    0x08004119   Thumb Code    18  stm32f4xx_gpio.o(.text)
    GPIO_ReadInputData                       0x0800412b   Thumb Code     8  stm32f4xx_gpio.o(.text)
    GPIO_ReadOutputDataBit                   0x08004133   Thumb Code    18  stm32f4xx_gpio.o(.text)
    GPIO_ReadOutputData                      0x08004145   Thumb Code     8  stm32f4xx_gpio.o(.text)
    GPIO_SetBits                             0x0800414d   Thumb Code     4  stm32f4xx_gpio.o(.text)
    GPIO_ResetBits                           0x08004151   Thumb Code     4  stm32f4xx_gpio.o(.text)
    GPIO_WriteBit                            0x08004155   Thumb Code    10  stm32f4xx_gpio.o(.text)
    GPIO_Write                               0x0800415f   Thumb Code     4  stm32f4xx_gpio.o(.text)
    GPIO_ToggleBits                          0x08004163   Thumb Code     8  stm32f4xx_gpio.o(.text)
    GPIO_PinAFConfig                         0x0800416b   Thumb Code    70  stm32f4xx_gpio.o(.text)
    USART_DeInit                             0x080041d5   Thumb Code   156  stm32f4xx_usart.o(.text)
    USART_Init                               0x08004271   Thumb Code   204  stm32f4xx_usart.o(.text)
    USART_StructInit                         0x0800433d   Thumb Code    24  stm32f4xx_usart.o(.text)
    USART_ClockInit                          0x08004355   Thumb Code    32  stm32f4xx_usart.o(.text)
    USART_ClockStructInit                    0x08004375   Thumb Code    12  stm32f4xx_usart.o(.text)
    USART_Cmd                                0x08004381   Thumb Code    24  stm32f4xx_usart.o(.text)
    USART_SetPrescaler                       0x08004399   Thumb Code    16  stm32f4xx_usart.o(.text)
    USART_OverSampling8Cmd                   0x080043a9   Thumb Code    22  stm32f4xx_usart.o(.text)
    USART_OneBitMethodCmd                    0x080043bf   Thumb Code    24  stm32f4xx_usart.o(.text)
    USART_SendData                           0x080043d7   Thumb Code     8  stm32f4xx_usart.o(.text)
    USART_ReceiveData                        0x080043df   Thumb Code    10  stm32f4xx_usart.o(.text)
    USART_SetAddress                         0x080043e9   Thumb Code    18  stm32f4xx_usart.o(.text)
    USART_ReceiverWakeUpCmd                  0x080043fb   Thumb Code    24  stm32f4xx_usart.o(.text)
    USART_WakeUpConfig                       0x08004413   Thumb Code    18  stm32f4xx_usart.o(.text)
    USART_LINBreakDetectLengthConfig         0x08004425   Thumb Code    18  stm32f4xx_usart.o(.text)
    USART_LINCmd                             0x08004437   Thumb Code    24  stm32f4xx_usart.o(.text)
    USART_SendBreak                          0x0800444f   Thumb Code    10  stm32f4xx_usart.o(.text)
    USART_HalfDuplexCmd                      0x08004459   Thumb Code    24  stm32f4xx_usart.o(.text)
    USART_SetGuardTime                       0x08004471   Thumb Code    16  stm32f4xx_usart.o(.text)
    USART_SmartCardCmd                       0x08004481   Thumb Code    24  stm32f4xx_usart.o(.text)
    USART_SmartCardNACKCmd                   0x08004499   Thumb Code    24  stm32f4xx_usart.o(.text)
    USART_IrDAConfig                         0x080044b1   Thumb Code    18  stm32f4xx_usart.o(.text)
    USART_IrDACmd                            0x080044c3   Thumb Code    24  stm32f4xx_usart.o(.text)
    USART_DMACmd                             0x080044db   Thumb Code    18  stm32f4xx_usart.o(.text)
    USART_ITConfig                           0x080044ed   Thumb Code    74  stm32f4xx_usart.o(.text)
    USART_GetFlagStatus                      0x08004537   Thumb Code    26  stm32f4xx_usart.o(.text)
    USART_ClearFlag                          0x08004551   Thumb Code    18  stm32f4xx_usart.o(.text)
    USART_GetITStatus                        0x08004563   Thumb Code   110  stm32f4xx_usart.o(.text)
    USART_ClearITPendingBit                  0x080045d1   Thumb Code    30  stm32f4xx_usart.o(.text)
    SYSCFG_DeInit                            0x080045f1   Thumb Code    22  stm32f4xx_syscfg.o(.text)
    SYSCFG_MemoryRemapConfig                 0x08004607   Thumb Code     6  stm32f4xx_syscfg.o(.text)
    SYSCFG_EXTILineConfig                    0x0800460d   Thumb Code    66  stm32f4xx_syscfg.o(.text)
    SYSCFG_ETH_MediaInterfaceConfig          0x0800464f   Thumb Code     6  stm32f4xx_syscfg.o(.text)
    SYSCFG_CompensationCellCmd               0x08004655   Thumb Code     6  stm32f4xx_syscfg.o(.text)
    SYSCFG_GetCompensationCellStatus         0x0800465b   Thumb Code    22  stm32f4xx_syscfg.o(.text)
    SystemInit                               0x08004759   Thumb Code    88  system_stm32f4xx.o(.text)
    SystemCoreClockUpdate                    0x080047b1   Thumb Code   174  system_stm32f4xx.o(.text)
    Reset_Handler                            0x0800488d   Thumb Code     8  startup_stm32f4xx.o(.text)
    ADC_IRQHandler                           0x080048a7   Thumb Code     0  startup_stm32f4xx.o(.text)
    CAN1_RX1_IRQHandler                      0x080048a7   Thumb Code     0  startup_stm32f4xx.o(.text)
    CAN1_SCE_IRQHandler                      0x080048a7   Thumb Code     0  startup_stm32f4xx.o(.text)
    CAN2_RX1_IRQHandler                      0x080048a7   Thumb Code     0  startup_stm32f4xx.o(.text)
    CAN2_SCE_IRQHandler                      0x080048a7   Thumb Code     0  startup_stm32f4xx.o(.text)
    CRYP_IRQHandler                          0x080048a7   Thumb Code     0  startup_stm32f4xx.o(.text)
    DCMI_IRQHandler                          0x080048a7   Thumb Code     0  startup_stm32f4xx.o(.text)
    DMA1_Stream0_IRQHandler                  0x080048a7   Thumb Code     0  startup_stm32f4xx.o(.text)
    DMA1_Stream2_IRQHandler                  0x080048a7   Thumb Code     0  startup_stm32f4xx.o(.text)
    DMA1_Stream3_IRQHandler                  0x080048a7   Thumb Code     0  startup_stm32f4xx.o(.text)
    DMA1_Stream4_IRQHandler                  0x080048a7   Thumb Code     0  startup_stm32f4xx.o(.text)
    DMA1_Stream6_IRQHandler                  0x080048a7   Thumb Code     0  startup_stm32f4xx.o(.text)
    DMA1_Stream7_IRQHandler                  0x080048a7   Thumb Code     0  startup_stm32f4xx.o(.text)
    DMA2_Stream0_IRQHandler                  0x080048a7   Thumb Code     0  startup_stm32f4xx.o(.text)
    DMA2_Stream1_IRQHandler                  0x080048a7   Thumb Code     0  startup_stm32f4xx.o(.text)
    DMA2_Stream2_IRQHandler                  0x080048a7   Thumb Code     0  startup_stm32f4xx.o(.text)
    DMA2_Stream3_IRQHandler                  0x080048a7   Thumb Code     0  startup_stm32f4xx.o(.text)
    DMA2_Stream4_IRQHandler                  0x080048a7   Thumb Code     0  startup_stm32f4xx.o(.text)
    DMA2_Stream6_IRQHandler                  0x080048a7   Thumb Code     0  startup_stm32f4xx.o(.text)
    DMA2_Stream7_IRQHandler                  0x080048a7   Thumb Code     0  startup_stm32f4xx.o(.text)
    ETH_IRQHandler                           0x080048a7   Thumb Code     0  startup_stm32f4xx.o(.text)
    ETH_WKUP_IRQHandler                      0x080048a7   Thumb Code     0  startup_stm32f4xx.o(.text)
    EXTI0_IRQHandler                         0x080048a7   Thumb Code     0  startup_stm32f4xx.o(.text)
    EXTI15_10_IRQHandler                     0x080048a7   Thumb Code     0  startup_stm32f4xx.o(.text)
    EXTI1_IRQHandler                         0x080048a7   Thumb Code     0  startup_stm32f4xx.o(.text)
    EXTI3_IRQHandler                         0x080048a7   Thumb Code     0  startup_stm32f4xx.o(.text)
    EXTI4_IRQHandler                         0x080048a7   Thumb Code     0  startup_stm32f4xx.o(.text)
    FLASH_IRQHandler                         0x080048a7   Thumb Code     0  startup_stm32f4xx.o(.text)
    FPU_IRQHandler                           0x080048a7   Thumb Code     0  startup_stm32f4xx.o(.text)
    FSMC_IRQHandler                          0x080048a7   Thumb Code     0  startup_stm32f4xx.o(.text)
    HASH_RNG_IRQHandler                      0x080048a7   Thumb Code     0  startup_stm32f4xx.o(.text)
    I2C1_ER_IRQHandler                       0x080048a7   Thumb Code     0  startup_stm32f4xx.o(.text)
    I2C1_EV_IRQHandler                       0x080048a7   Thumb Code     0  startup_stm32f4xx.o(.text)
    I2C2_ER_IRQHandler                       0x080048a7   Thumb Code     0  startup_stm32f4xx.o(.text)
    I2C2_EV_IRQHandler                       0x080048a7   Thumb Code     0  startup_stm32f4xx.o(.text)
    I2C3_ER_IRQHandler                       0x080048a7   Thumb Code     0  startup_stm32f4xx.o(.text)
    I2C3_EV_IRQHandler                       0x080048a7   Thumb Code     0  startup_stm32f4xx.o(.text)
    OTG_FS_IRQHandler                        0x080048a7   Thumb Code     0  startup_stm32f4xx.o(.text)
    OTG_FS_WKUP_IRQHandler                   0x080048a7   Thumb Code     0  startup_stm32f4xx.o(.text)
    OTG_HS_EP1_IN_IRQHandler                 0x080048a7   Thumb Code     0  startup_stm32f4xx.o(.text)
    OTG_HS_EP1_OUT_IRQHandler                0x080048a7   Thumb Code     0  startup_stm32f4xx.o(.text)
    OTG_HS_IRQHandler                        0x080048a7   Thumb Code     0  startup_stm32f4xx.o(.text)
    OTG_HS_WKUP_IRQHandler                   0x080048a7   Thumb Code     0  startup_stm32f4xx.o(.text)
    PVD_IRQHandler                           0x080048a7   Thumb Code     0  startup_stm32f4xx.o(.text)
    RCC_IRQHandler                           0x080048a7   Thumb Code     0  startup_stm32f4xx.o(.text)
    RTC_Alarm_IRQHandler                     0x080048a7   Thumb Code     0  startup_stm32f4xx.o(.text)
    RTC_WKUP_IRQHandler                      0x080048a7   Thumb Code     0  startup_stm32f4xx.o(.text)
    SDIO_IRQHandler                          0x080048a7   Thumb Code     0  startup_stm32f4xx.o(.text)
    SPI1_IRQHandler                          0x080048a7   Thumb Code     0  startup_stm32f4xx.o(.text)
    SPI2_IRQHandler                          0x080048a7   Thumb Code     0  startup_stm32f4xx.o(.text)
    SPI3_IRQHandler                          0x080048a7   Thumb Code     0  startup_stm32f4xx.o(.text)
    TAMP_STAMP_IRQHandler                    0x080048a7   Thumb Code     0  startup_stm32f4xx.o(.text)
    TIM1_BRK_TIM9_IRQHandler                 0x080048a7   Thumb Code     0  startup_stm32f4xx.o(.text)
    TIM1_CC_IRQHandler                       0x080048a7   Thumb Code     0  startup_stm32f4xx.o(.text)
    TIM1_TRG_COM_TIM11_IRQHandler            0x080048a7   Thumb Code     0  startup_stm32f4xx.o(.text)
    TIM1_UP_TIM10_IRQHandler                 0x080048a7   Thumb Code     0  startup_stm32f4xx.o(.text)
    TIM3_IRQHandler                          0x080048a7   Thumb Code     0  startup_stm32f4xx.o(.text)
    TIM4_IRQHandler                          0x080048a7   Thumb Code     0  startup_stm32f4xx.o(.text)
    TIM5_IRQHandler                          0x080048a7   Thumb Code     0  startup_stm32f4xx.o(.text)
    TIM7_IRQHandler                          0x080048a7   Thumb Code     0  startup_stm32f4xx.o(.text)
    TIM8_BRK_TIM12_IRQHandler                0x080048a7   Thumb Code     0  startup_stm32f4xx.o(.text)
    TIM8_CC_IRQHandler                       0x080048a7   Thumb Code     0  startup_stm32f4xx.o(.text)
    TIM8_TRG_COM_TIM14_IRQHandler            0x080048a7   Thumb Code     0  startup_stm32f4xx.o(.text)
    TIM8_UP_TIM13_IRQHandler                 0x080048a7   Thumb Code     0  startup_stm32f4xx.o(.text)
    UART4_IRQHandler                         0x080048a7   Thumb Code     0  startup_stm32f4xx.o(.text)
    UART5_IRQHandler                         0x080048a7   Thumb Code     0  startup_stm32f4xx.o(.text)
    USART2_IRQHandler                        0x080048a7   Thumb Code     0  startup_stm32f4xx.o(.text)
    USART6_IRQHandler                        0x080048a7   Thumb Code     0  startup_stm32f4xx.o(.text)
    WWDG_IRQHandler                          0x080048a7   Thumb Code     0  startup_stm32f4xx.o(.text)
    FLASH_SetLatency                         0x080048b1   Thumb Code     6  stm32f4xx_flash.o(.text)
    FLASH_PrefetchBufferCmd                  0x080048b7   Thumb Code    30  stm32f4xx_flash.o(.text)
    FLASH_InstructionCacheCmd                0x080048d5   Thumb Code    30  stm32f4xx_flash.o(.text)
    FLASH_DataCacheCmd                       0x080048f3   Thumb Code    30  stm32f4xx_flash.o(.text)
    FLASH_InstructionCacheReset              0x08004911   Thumb Code    14  stm32f4xx_flash.o(.text)
    FLASH_DataCacheReset                     0x0800491f   Thumb Code    14  stm32f4xx_flash.o(.text)
    FLASH_Unlock                             0x0800492d   Thumb Code    26  stm32f4xx_flash.o(.text)
    FLASH_Lock                               0x08004947   Thumb Code    18  stm32f4xx_flash.o(.text)
    FLASH_GetStatus                          0x08004959   Thumb Code    74  stm32f4xx_flash.o(.text)
    FLASH_WaitForLastOperation               0x080049a3   Thumb Code    34  stm32f4xx_flash.o(.text)
    FLASH_EraseSector                        0x080049c5   Thumb Code   140  stm32f4xx_flash.o(.text)
    FLASH_EraseAllSectors                    0x08004a51   Thumb Code   112  stm32f4xx_flash.o(.text)
    FLASH_ProgramDoubleWord                  0x08004ac1   Thumb Code    86  stm32f4xx_flash.o(.text)
    FLASH_ProgramWord                        0x08004b17   Thumb Code    82  stm32f4xx_flash.o(.text)
    FLASH_ProgramHalfWord                    0x08004b69   Thumb Code    82  stm32f4xx_flash.o(.text)
    FLASH_ProgramByte                        0x08004bbb   Thumb Code    78  stm32f4xx_flash.o(.text)
    FLASH_OB_Unlock                          0x08004c09   Thumb Code    26  stm32f4xx_flash.o(.text)
    FLASH_OB_Lock                            0x08004c23   Thumb Code    18  stm32f4xx_flash.o(.text)
    FLASH_OB_WRPConfig                       0x08004c35   Thumb Code    54  stm32f4xx_flash.o(.text)
    FLASH_OB_RDPConfig                       0x08004c6b   Thumb Code    24  stm32f4xx_flash.o(.text)
    FLASH_OB_UserConfig                      0x08004c83   Thumb Code    68  stm32f4xx_flash.o(.text)
    FLASH_OB_BORConfig                       0x08004cc7   Thumb Code    22  stm32f4xx_flash.o(.text)
    FLASH_OB_Launch                          0x08004cdd   Thumb Code    26  stm32f4xx_flash.o(.text)
    FLASH_OB_GetUser                         0x08004cf7   Thumb Code    10  stm32f4xx_flash.o(.text)
    FLASH_OB_GetWRP                          0x08004d01   Thumb Code     8  stm32f4xx_flash.o(.text)
    FLASH_OB_GetRDP                          0x08004d09   Thumb Code    20  stm32f4xx_flash.o(.text)
    FLASH_OB_GetBOR                          0x08004d1d   Thumb Code    10  stm32f4xx_flash.o(.text)
    FLASH_ITConfig                           0x08004d27   Thumb Code    34  stm32f4xx_flash.o(.text)
    FLASH_GetFlagStatus                      0x08004d49   Thumb Code    22  stm32f4xx_flash.o(.text)
    FLASH_ClearFlag                          0x08004d5f   Thumb Code     8  stm32f4xx_flash.o(.text)
    DMA_DeInit                               0x08004d6d   Thumb Code   324  stm32f4xx_dma.o(.text)
    DMA_Init                                 0x08004eb1   Thumb Code    82  stm32f4xx_dma.o(.text)
    DMA_StructInit                           0x08004f03   Thumb Code    34  stm32f4xx_dma.o(.text)
    DMA_Cmd                                  0x08004f25   Thumb Code    22  stm32f4xx_dma.o(.text)
    DMA_PeriphIncOffsetSizeConfig            0x08004f3b   Thumb Code    22  stm32f4xx_dma.o(.text)
    DMA_FlowControllerConfig                 0x08004f51   Thumb Code    22  stm32f4xx_dma.o(.text)
    DMA_SetCurrDataCounter                   0x08004f67   Thumb Code     4  stm32f4xx_dma.o(.text)
    DMA_GetCurrDataCounter                   0x08004f6b   Thumb Code     8  stm32f4xx_dma.o(.text)
    DMA_DoubleBufferModeConfig               0x08004f73   Thumb Code    24  stm32f4xx_dma.o(.text)
    DMA_DoubleBufferModeCmd                  0x08004f8b   Thumb Code    22  stm32f4xx_dma.o(.text)
    DMA_MemoryTargetConfig                   0x08004fa1   Thumb Code    10  stm32f4xx_dma.o(.text)
    DMA_GetCurrentMemoryTarget               0x08004fab   Thumb Code    20  stm32f4xx_dma.o(.text)
    DMA_GetCmdStatus                         0x08004fbf   Thumb Code    20  stm32f4xx_dma.o(.text)
    DMA_GetFIFOStatus                        0x08004fd3   Thumb Code    12  stm32f4xx_dma.o(.text)
    DMA_GetFlagStatus                        0x08004fdf   Thumb Code    56  stm32f4xx_dma.o(.text)
    DMA_ClearFlag                            0x08005017   Thumb Code    40  stm32f4xx_dma.o(.text)
    DMA_ITConfig                             0x0800503f   Thumb Code    58  stm32f4xx_dma.o(.text)
    DMA_GetITStatus                          0x08005079   Thumb Code    84  stm32f4xx_dma.o(.text)
    DMA_ClearITPendingBit                    0x080050cd   Thumb Code    40  stm32f4xx_dma.o(.text)
    OS_TaskStatStkChk                        0x08005115   Thumb Code    54  os_core.o(.text)
    OS_TaskStat                              0x0800514b   Thumb Code   116  os_core.o(.text)
    OS_TaskIdle                              0x080051f3   Thumb Code    34  os_core.o(.text)
    OS_MemClr                                0x08005249   Thumb Code    18  os_core.o(.text)
    OSInit                                   0x08005367   Thumb Code    44  os_core.o(.text)
    OSIntEnter                               0x08005393   Thumb Code    28  os_core.o(.text)
    OSIntExit                                0x080053c9   Thumb Code   112  os_core.o(.text)
    OSSchedLock                              0x08005439   Thumb Code    50  os_core.o(.text)
    OS_Sched                                 0x0800546b   Thumb Code    88  os_core.o(.text)
    OSSchedUnlock                            0x080054c3   Thumb Code   238  os_core.o(.text)
    OSStart                                  0x080055b1   Thumb Code    48  os_core.o(.text)
    OSStatInit                               0x080055e1   Thumb Code    62  os_core.o(.text)
    OSTimeTick                               0x0800561f   Thumb Code   210  os_core.o(.text)
    OSVersion                                0x080056f1   Thumb Code     6  os_core.o(.text)
    OS_Dummy                                 0x080056f7   Thumb Code     2  os_core.o(.text)
    OS_EventTaskRemove                       0x080056f9   Thumb Code    42  os_core.o(.text)
    OS_EventTaskRdy                          0x08005723   Thumb Code   114  os_core.o(.text)
    OS_EventTaskWait                         0x08005795   Thumb Code   112  os_core.o(.text)
    OS_EventWaitListInit                     0x08005805   Thumb Code    28  os_core.o(.text)
    OS_MemCopy                               0x08005821   Thumb Code    20  os_core.o(.text)
    OS_StrLen                                0x08005835   Thumb Code    20  os_core.o(.text)
    OS_TCBInit                               0x08005849   Thumb Code   280  os_core.o(.text)
    OSFlagAccept                             0x080059a5   Thumb Code   252  os_flag.o(.text)
    OSFlagCreate                             0x08005aa1   Thumb Code    86  os_flag.o(.text)
    OS_FlagUnlink                            0x08005af7   Thumb Code    36  os_flag.o(.text)
    OSFlagDel                                0x08005b6d   Thumb Code   214  os_flag.o(.text)
    OSFlagNameGet                            0x08005c43   Thumb Code    80  os_flag.o(.text)
    OSFlagNameSet                            0x08005c93   Thumb Code    66  os_flag.o(.text)
    OSFlagPend                               0x08005d6d   Thumb Code   614  os_flag.o(.text)
    OSFlagPendGetFlagsRdy                    0x08005fd3   Thumb Code    26  os_flag.o(.text)
    OSFlagPost                               0x08005fed   Thumb Code   312  os_flag.o(.text)
    OSFlagQuery                              0x08006125   Thumb Code    48  os_flag.o(.text)
    OS_FlagInit                              0x08006155   Thumb Code    78  os_flag.o(.text)
    OSQAccept                                0x080061b1   Thumb Code    88  os_q.o(.text)
    OSQCreate                                0x08006209   Thumb Code   140  os_q.o(.text)
    OSQDel                                   0x08006295   Thumb Code   236  os_q.o(.text)
    OSQFlush                                 0x08006381   Thumb Code    36  os_q.o(.text)
    OSQPend                                  0x080063a5   Thumb Code   272  os_q.o(.text)
    OSQPendAbort                             0x080064b5   Thumb Code   128  os_q.o(.text)
    OSQPost                                  0x08006535   Thumb Code   114  os_q.o(.text)
    OSQPostFront                             0x080065a7   Thumb Code   136  os_q.o(.text)
    OSQPostOpt                               0x0800662f   Thumb Code   182  os_q.o(.text)
    OSQQuery                                 0x080066e5   Thumb Code    98  os_q.o(.text)
    OS_QInit                                 0x08006747   Thumb Code    72  os_q.o(.text)
    OSTaskChangePrio                         0x08006799   Thumb Code   308  os_task.o(.text)
    OSTaskCreate                             0x080068cd   Thumb Code   148  os_task.o(.text)
    OS_TaskStkClr                            0x08006961   Thumb Code    26  os_task.o(.text)
    OSTaskCreateExt                          0x0800697b   Thumb Code   170  os_task.o(.text)
    OSTaskDel                                0x08006a25   Thumb Code   294  os_task.o(.text)
    OSTaskDelReq                             0x08006b4b   Thumb Code   144  os_task.o(.text)
    OSTaskNameGet                            0x08006bdb   Thumb Code   114  os_task.o(.text)
    OSTaskNameSet                            0x08006c4d   Thumb Code    98  os_task.o(.text)
    OSTaskResume                             0x08006caf   Thumb Code   154  os_task.o(.text)
    OSTaskStkChk                             0x08006d49   Thumb Code   132  os_task.o(.text)
    OSTaskSuspend                            0x08006dcd   Thumb Code   152  os_task.o(.text)
    OSTaskQuery                              0x08006e65   Thumb Code    82  os_task.o(.text)
    OSTaskRegGet                             0x08006eb7   Thumb Code    60  os_task.o(.text)
    OSTaskRegSet                             0x08006ef3   Thumb Code    62  os_task.o(.text)
    OS_TaskReturn                            0x08006f31   Thumb Code    18  os_task.o(.text)
    OSTimeDly                                0x08006f5d   Thumb Code   100  os_time.o(.text)
    OSTimeDlyHMSM                            0x08006fc1   Thumb Code    86  os_time.o(.text)
    OSTimeDlyResume                          0x08007017   Thumb Code   168  os_time.o(.text)
    OSTimeGet                                0x080070bf   Thumb Code    24  os_time.o(.text)
    OSTimeSet                                0x080070d7   Thumb Code    24  os_time.o(.text)
    OSInitHookBegin                          0x0800710d   Thumb Code     2  os_cpu_c.o(.text)
    OSInitHookEnd                            0x0800710f   Thumb Code     2  os_cpu_c.o(.text)
    OSTaskCreateHook                         0x08007111   Thumb Code     2  os_cpu_c.o(.text)
    OSTaskDelHook                            0x08007113   Thumb Code     2  os_cpu_c.o(.text)
    OSTaskIdleHook                           0x08007115   Thumb Code     2  os_cpu_c.o(.text)
    OSTaskStatHook                           0x08007117   Thumb Code     2  os_cpu_c.o(.text)
    OSTaskStkInit                            0x08007119   Thumb Code   426  os_cpu_c.o(.text)
    OSTaskSwHook                             0x080072c3   Thumb Code     2  os_cpu_c.o(.text)
    OSTCBInitHook                            0x080072c5   Thumb Code     2  os_cpu_c.o(.text)
    OSTimeTickHook                           0x080072c7   Thumb Code     2  os_cpu_c.o(.text)
    OSTaskReturnHook                         0x080072c9   Thumb Code     2  os_cpu_c.o(.text)
    OS_CPU_SR_Save                           0x080072d1   Thumb Code     0  os_cpu_a.o(.text)
    OS_CPU_SR_Restore                        0x080072d9   Thumb Code     0  os_cpu_a.o(.text)
    OSStartHighRdy                           0x080072df   Thumb Code     0  os_cpu_a.o(.text)
    OSCtxSw                                  0x08007303   Thumb Code     0  os_cpu_a.o(.text)
    OSIntCtxSw                               0x08007311   Thumb Code     0  os_cpu_a.o(.text)
    PendSV_Handler                           0x08007321   Thumb Code     0  os_cpu_a.o(.text)
    can_task                                 0x08007399   Thumb Code    10  task_can.o(.text)
    V_CTIM_Driver_Speed                      0x080073a3   Thumb Code    92  task_can.o(.text)
    ALL_can_tx                               0x080073ff   Thumb Code   228  task_can.o(.text)
    CAN1_TX_IRQHandler                       0x080074e3   Thumb Code    28  task_can.o(.text)
    CAN1_RX0_IRQHandler                      0x080074ff   Thumb Code   518  task_can.o(.text)
    RoboModule_Driver_Reset                  0x08007705   Thumb Code    88  task_can.o(.text)
    RoboModule_Driver_Mode_Chioce            0x0800775d   Thumb Code    88  task_can.o(.text)
    RoboModule_Driver_PWM_Mode_Set           0x080077b5   Thumb Code   192  task_can.o(.text)
    RoboModule_Driver_Current_Mode_Set       0x08007875   Thumb Code   112  task_can.o(.text)
    RoboModule_Driver_Location_Mode_Set      0x080078e5   Thumb Code   166  task_can.o(.text)
    V_CTIM_Driver_Mode                       0x0800798b   Thumb Code    98  task_can.o(.text)
    Friction_wheel_control                   0x08007a05   Thumb Code    26  task_control.o(.text)
    keyboard_jump_2                          0x08007a1f   Thumb Code    68  task_control.o(.text)
    keyboard_jump_1                          0x08007a63   Thumb Code    68  task_control.o(.text)
    keyboard_data                            0x08007aa7   Thumb Code    18  task_control.o(.text)
    keyboard                                 0x08007ab9   Thumb Code   204  task_control.o(.text)
    control_task                             0x08007b85   Thumb Code   210  task_control.o(.text)
    pwm_confine                              0x08007c57   Thumb Code   172  task_control.o(.text)
    keyboard_scan                            0x08007d03   Thumb Code   176  task_control.o(.text)
    moto_ctrl                                0x08007db3   Thumb Code    28  task_control.o(.text)
    PID_Calculate                            0x08007dcf   Thumb Code   468  task_control.o(.text)
    Position_control                         0x08007fa3   Thumb Code   220  task_control.o(.text)
    PID_Init                                 0x0800807f   Thumb Code   106  task_control.o(.text)
    PID_GimBal_Init                          0x080080e9   Thumb Code   106  task_control.o(.text)
    PID_Rammer_moto_Init                     0x08008153   Thumb Code   106  task_control.o(.text)
    pid_init_struct                          0x080081bd   Thumb Code    16  task_control.o(.text)
    PIDz_Calculate                           0x080081cd   Thumb Code   182  task_control.o(.text)
    calibrate_IMU                            0x080082c5   Thumb Code   138  task_dbug.o(.text)
    ANO_DT_Send_Data                         0x0800834f   Thumb Code    18  task_dbug.o(.text)
    ANO_DT_Send_PID                          0x08008361   Thumb Code   522  task_dbug.o(.text)
    ANO_DT_Send_Power                        0x0800856b   Thumb Code   142  task_dbug.o(.text)
    ANO_DT_Send_MotoPWM                      0x080085f9   Thumb Code   330  task_dbug.o(.text)
    ANO_DT_Send_RCData                       0x08008743   Thumb Code   350  task_dbug.o(.text)
    ANO_DT_Send_Senser                       0x080088a1   Thumb Code   374  task_dbug.o(.text)
    ANO_DT_Send_Status                       0x08008a17   Thumb Code   332  task_dbug.o(.text)
    ANO_DT_Send_Version                      0x08008b63   Thumb Code   196  task_dbug.o(.text)
    ANO_DT_Data_Exchange                     0x08008c27   Thumb Code   592  task_dbug.o(.text)
    dbug_task                                0x08008e77   Thumb Code    34  task_dbug.o(.text)
    ANO_DT_Data_Receive_Anl                  0x08008f29   Thumb Code   402  task_dbug.o(.text)
    ANO_DT_Data_Receive_Prepare              0x080090bb   Thumb Code   216  task_dbug.o(.text)
    DOOR_control                             0x080091bd   Thumb Code    86  task_door.o(.text)
    door_task                                0x08009213   Thumb Code    18  task_door.o(.text)
    Turn_On_LEDs                             0x08009235   Thumb Code    12  task_led.o(.text)
    led_task                                 0x08009241   Thumb Code    74  task_led.o(.text)
    Spark_LEDs                               0x0800928b   Thumb Code    82  task_led.o(.text)
    Spark_GreenLED                           0x080092dd   Thumb Code    32  task_led.o(.text)
    Spark_RedLED                             0x080092fd   Thumb Code    82  task_led.o(.text)
    Turn_Off_LEDs                            0x0800934f   Thumb Code    12  task_led.o(.text)
    __aeabi_dadd                             0x08009365   Thumb Code   322  dadd.o(.text)
    __aeabi_dsub                             0x080094a7   Thumb Code     6  dadd.o(.text)
    __aeabi_drsub                            0x080094ad   Thumb Code     6  dadd.o(.text)
    __aeabi_dmul                             0x080094b3   Thumb Code   228  dmul.o(.text)
    __aeabi_ddiv                             0x08009597   Thumb Code   222  ddiv.o(.text)
    __aeabi_i2d                              0x08009675   Thumb Code    34  dflti.o(.text)
    __aeabi_d2iz                             0x08009697   Thumb Code    62  dfixi.o(.text)
    __aeabi_f2d                              0x080096d5   Thumb Code    38  f2d.o(.text)
    __aeabi_d2f                              0x080096fb   Thumb Code    56  d2f.o(.text)
    __aeabi_llsl                             0x08009733   Thumb Code    30  llshl.o(.text)
    _ll_shift_l                              0x08009733   Thumb Code     0  llshl.o(.text)
    __aeabi_llsr                             0x08009751   Thumb Code    32  llushr.o(.text)
    _ll_ushift_r                             0x08009751   Thumb Code     0  llushr.o(.text)
    __aeabi_lasr                             0x08009771   Thumb Code    36  llsshr.o(.text)
    _ll_sshift_r                             0x08009771   Thumb Code     0  llsshr.o(.text)
    __I$use$fp                               0x08009795   Thumb Code     0  iusefp.o(.text)
    _float_round                             0x08009795   Thumb Code    18  fepilogue.o(.text)
    _float_epilogue                          0x080097a7   Thumb Code    92  fepilogue.o(.text)
    _double_round                            0x08009803   Thumb Code    30  depilogue.o(.text)
    _double_epilogue                         0x08009821   Thumb Code   156  depilogue.o(.text)
    __ARM_scalbn                             0x080098bd   Thumb Code    46  dscalb.o(.text)
    scalbn                                   0x080098bd   Thumb Code     0  dscalb.o(.text)
    _dsqrt                                   0x080098eb   Thumb Code   162  dsqrt.o(.text)
    __aeabi_cdrcmple                         0x0800998d   Thumb Code    48  cdrcmple.o(.text)
    __scatterload                            0x080099bd   Thumb Code    28  init.o(.text)
    __scatterload_rt2                        0x080099bd   Thumb Code     0  init.o(.text)
    __0printf$bare                           0x080099e1   Thumb Code     8  printfb.o(i.__0printf$bare)
    __1printf$bare                           0x080099e1   Thumb Code     0  printfb.o(i.__0printf$bare)
    __2printf                                0x080099e1   Thumb Code     0  printfb.o(i.__0printf$bare)
    __ARM_fpclassify                         0x080099f1   Thumb Code    48  fpclassify.o(i.__ARM_fpclassify)
    __hardfp_pow                             0x08009a21   Thumb Code  3044  pow.o(i.__hardfp_pow)
    __kernel_poly                            0x0800a659   Thumb Code   248  poly.o(i.__kernel_poly)
    __mathlib_dbl_divzero                    0x0800a751   Thumb Code    28  dunder.o(i.__mathlib_dbl_divzero)
    __mathlib_dbl_infnan2                    0x0800a781   Thumb Code    20  dunder.o(i.__mathlib_dbl_infnan2)
    __mathlib_dbl_invalid                    0x0800a799   Thumb Code    24  dunder.o(i.__mathlib_dbl_invalid)
    __mathlib_dbl_overflow                   0x0800a7b9   Thumb Code    24  dunder.o(i.__mathlib_dbl_overflow)
    __mathlib_dbl_underflow                  0x0800a7d9   Thumb Code    24  dunder.o(i.__mathlib_dbl_underflow)
    __scatterload_copy                       0x0800a7f9   Thumb Code    14  handlers.o(i.__scatterload_copy)
    __scatterload_null                       0x0800a807   Thumb Code     2  handlers.o(i.__scatterload_null)
    __scatterload_zeroinit                   0x0800a809   Thumb Code    14  handlers.o(i.__scatterload_zeroinit)
    __set_errno                              0x0800a819   Thumb Code     6  errno.o(i.__set_errno)
    fabs                                     0x0800a847   Thumb Code    24  fabs.o(i.fabs)
    sqrt                                     0x0800a85f   Thumb Code   110  sqrt.o(i.sqrt)
    OSUnMapTbl                               0x0800a8cc   Data         256  os_core.o(.constdata)
    __mathlib_zero                           0x0800aa58   Data           8  qnan.o(.constdata)
    Region$$Table$$Base                      0x0800aa60   Number         0  anon$$obj.o(Region$$Table)
    Region$$Table$$Limit                     0x0800aa80   Number         0  anon$$obj.o(Region$$Table)
    first_yaw_angle                          0x20000000   Data           4  can2.o(.data)
    first_pitch_angle                        0x20000004   Data           4  can2.o(.data)
    USART2_Receive                           0x2000000e   Data           1  usart2.o(.data)
    key_a                                    0x2000000f   Data           1  usart2.o(.data)
    key_b                                    0x20000010   Data           1  usart2.o(.data)
    key_d                                    0x20000011   Data           1  usart2.o(.data)
    key_s                                    0x20000012   Data           1  usart2.o(.data)
    key_w                                    0x20000013   Data           1  usart2.o(.data)
    key_z                                    0x20000014   Data           1  usart2.o(.data)
    key_x                                    0x20000015   Data           1  usart2.o(.data)
    key_c                                    0x20000016   Data           1  usart2.o(.data)
    key_v                                    0x20000017   Data           1  usart2.o(.data)
    key_g                                    0x20000018   Data           1  usart2.o(.data)
    key_f                                    0x20000019   Data           1  usart2.o(.data)
    key_r                                    0x2000001a   Data           1  usart2.o(.data)
    key_e                                    0x2000001b   Data           1  usart2.o(.data)
    key_q                                    0x2000001c   Data           1  usart2.o(.data)
    key_ctrl                                 0x2000001d   Data           1  usart2.o(.data)
    key_shift                                0x2000001e   Data           1  usart2.o(.data)
    key_jump_a                               0x2000001f   Data           1  usart2.o(.data)
    key_jump_b                               0x20000020   Data           1  usart2.o(.data)
    key_jump_d                               0x20000021   Data           1  usart2.o(.data)
    key_jump_s                               0x20000022   Data           1  usart2.o(.data)
    key_jump_w                               0x20000023   Data           1  usart2.o(.data)
    key_jump_z                               0x20000024   Data           1  usart2.o(.data)
    key_jump_x                               0x20000025   Data           1  usart2.o(.data)
    key_jump_c                               0x20000026   Data           1  usart2.o(.data)
    key_jump_v                               0x20000027   Data           1  usart2.o(.data)
    key_jump_g                               0x20000028   Data           1  usart2.o(.data)
    key_jump_f                               0x20000029   Data           1  usart2.o(.data)
    key_jump_r                               0x2000002a   Data           1  usart2.o(.data)
    key_jump_e                               0x2000002b   Data           1  usart2.o(.data)
    key_jump_q                               0x2000002c   Data           1  usart2.o(.data)
    key_jump_ctrl                            0x2000002d   Data           1  usart2.o(.data)
    key_jump_shift                           0x2000002e   Data           1  usart2.o(.data)
    cam_date                                 0x20000030   Data           8  usart3.o(.data)
    SystemCoreClock                          0x20000048   Data           4  system_stm32f4xx.o(.data)
    AHBPrescTable                            0x2000004c   Data          16  system_stm32f4xx.o(.data)
    OSCtxSwCtr                               0x2000005c   Data           4  os_core.o(.data)
    OSEventFreeList                          0x20000060   Data           4  os_core.o(.data)
    OSFlagFreeList                           0x20000064   Data           4  os_core.o(.data)
    OSCPUUsage                               0x20000068   Data           1  os_core.o(.data)
    OSIdleCtrMax                             0x2000006c   Data           4  os_core.o(.data)
    OSIdleCtrRun                             0x20000070   Data           4  os_core.o(.data)
    OSStatRdy                                0x20000074   Data           1  os_core.o(.data)
    OSIntNesting                             0x20000075   Data           1  os_core.o(.data)
    OSLockNesting                            0x20000076   Data           1  os_core.o(.data)
    OSPrioCur                                0x20000077   Data           1  os_core.o(.data)
    OSPrioHighRdy                            0x20000078   Data           1  os_core.o(.data)
    OSRdyGrp                                 0x20000079   Data           1  os_core.o(.data)
    OSRdyTbl                                 0x2000007a   Data           8  os_core.o(.data)
    OSRunning                                0x20000082   Data           1  os_core.o(.data)
    OSTaskCtr                                0x20000083   Data           1  os_core.o(.data)
    OSIdleCtr                                0x20000084   Data           4  os_core.o(.data)
    OSTCBCur                                 0x20000088   Data           4  os_core.o(.data)
    OSTCBFreeList                            0x2000008c   Data           4  os_core.o(.data)
    OSTCBHighRdy                             0x20000090   Data           4  os_core.o(.data)
    OSTCBList                                0x20000094   Data           4  os_core.o(.data)
    OSTickStepState                          0x20000098   Data           1  os_core.o(.data)
    OSQFreeList                              0x2000009c   Data           4  os_core.o(.data)
    OSTime                                   0x200000a0   Data           4  os_core.o(.data)
    pwm_set_1                                0x200000b4   Data           2  task_can.o(.data)
    pwm_set_2                                0x200000b6   Data           2  task_can.o(.data)
    pwm_set_3                                0x200000b8   Data           2  task_can.o(.data)
    pwm_set_4                                0x200000ba   Data           2  task_can.o(.data)
    can_id                                   0x200000bc   Data           6  task_can.o(.data)
    Gear                                     0x200000c4   Data           1  task_control.o(.data)
    Gear_flag                                0x200000c5   Data           1  task_control.o(.data)
    count                                    0x200000c8   Data           4  task_control.o(.data)
    temp                                     0x200000cc   Data           4  task_control.o(.data)
    limit_pitch_down                         0x200000d0   Data           2  task_control.o(.data)
    limit_pitch_up                           0x200000d2   Data           2  task_control.o(.data)
    limit_yaw_left                           0x200000d4   Data           2  task_control.o(.data)
    limit_yaw_right                          0x200000d6   Data           2  task_control.o(.data)
    Rammer_Moto_Measured_Speed               0x200000d8   Data           2  task_control.o(.data)
    Rammer_Moto_Speed                        0x200000da   Data           2  task_control.o(.data)
    Set_Rammer_Moto_Speed                    0x200000dc   Data           2  task_control.o(.data)
    Friction_wheel_set_speed                 0x200000de   Data           2  task_control.o(.data)
    fly_ready                                0x200000f4   Data           1  task_dbug.o(.data)
    mpu6050                                  0x200000f5   Data           4  task_dbug.o(.data)
    flash_write_flag                         0x200000f9   Data           1  task_dbug.o(.data)
    __stdout                                 0x20000104   Data           4  stdout.o(.data)
    START_TASK_STK                           0x2000010c   Data         256  main.o(.bss)
    CAN_TASK_STK                             0x2000020c   Data        1024  main.o(.bss)
    CONTROL_TASK_STK                         0x2000060c   Data        1024  main.o(.bss)
    DBUG_TASK_STK                            0x20000a0c   Data        1024  main.o(.bss)
    DOOR_TASK_STK                            0x20000e0c   Data         256  main.o(.bss)
    LED_TASK_STK                             0x20000f0c   Data         256  main.o(.bss)
    MPU6050_Raw_Data                         0x2000100c   Data          14  mpu6050_driver.o(.bss)
    MPU6050_Real_Data                        0x2000101c   Data          28  mpu6050_driver.o(.bss)
    Accel_Raw_Average_Data                   0x20001038   Data          12  mpu6050_process.o(.bss)
    Gyro_Radian_Data                         0x20001044   Data          12  mpu6050_process.o(.bss)
    MPU6050_Angle                            0x20001050   Data          12  mpu6050_process.o(.bss)
    Uart1_Rx                                 0x20001098   Data         256  usart1.o(.bss)
    RC_Ctl                                   0x20001198   Data          20  usart2.o(.bss)
    sbus_rx_buffer                           0x200011ac   Data          25  usart2.o(.bss)
    Uart3_Rx                                 0x200011c5   Data         128  usart3.o(.bss)
    OSEventTbl                               0x20001248   Data         200  os_core.o(.bss)
    OSFlagTbl                                0x20001310   Data          80  os_core.o(.bss)
    OSTaskStatStk                            0x20001360   Data         512  os_core.o(.bss)
    OSTaskIdleStk                            0x20001560   Data         512  os_core.o(.bss)
    OSTCBPrioTbl                             0x20001760   Data         256  os_core.o(.bss)
    OSTCBTbl                                 0x20001860   Data        1008  os_core.o(.bss)
    OSQTbl                                   0x20001c50   Data         120  os_core.o(.bss)
    measured_Position                        0x20001cc8   Data          24  task_can.o(.bss)
    mearsured_speed                          0x20001ce0   Data          12  task_can.o(.bss)
    PID_Rammer_moto                          0x20001cec   Data          52  task_control.o(.bss)
    PID_Yaw_V_Struct                         0x20001d20   Data          52  task_control.o(.bss)
    PID_Pitch_V_Struct                       0x20001d54   Data          52  task_control.o(.bss)
    PID_Roll_V_Struct                        0x20001d88   Data          52  task_control.o(.bss)
    PID_Yaw_P_Struct                         0x20001dbc   Data          52  task_control.o(.bss)
    PID_Pitch_P_Struct                       0x20001df0   Data          52  task_control.o(.bss)
    PID_Roll_P_Struct                        0x20001e24   Data          52  task_control.o(.bss)
    Chassis_Position_Control                 0x20001e58   Data          52  task_control.o(.bss)
    expect_position                          0x20001e8c   Data          20  task_control.o(.bss)
    f                                        0x20001ea0   Data          13  task_dbug.o(.bss)
    data_to_send                             0x20001ead   Data          50  task_dbug.o(.bss)
    Rc_Pwm_In                                0x20001ee0   Data          18  task_dbug.o(.bss)
    MPU6050_ACC_LAST                         0x20001ef4   Data          12  task_dbug.o(.bss)
    MPU6050_GYRO_LAST                        0x20001f00   Data          12  task_dbug.o(.bss)
    HMC5883L_MAG_LAST                        0x20001f0c   Data          12  task_dbug.o(.bss)
    GYRO_OFFSET                              0x20001f18   Data          12  task_dbug.o(.bss)
    ACC_OFFSET                               0x20001f24   Data          12  task_dbug.o(.bss)
    MAG_AVG                                  0x20001f30   Data          12  task_dbug.o(.bss)
    GYRO_AVG                                 0x20001f3c   Data          12  task_dbug.o(.bss)
    __initial_sp                             0x20002380   Data           0  startup_stm32f4xx.o(STACK)



==============================================================================

Memory Map of the image

  Image Entry point : 0x08000189

  Load Region LR_IROM1 (Base: 0x08000000, Size: 0x0000ab8c, Max: 0x00100000, ABSOLUTE)

    Execution Region ER_IROM1 (Base: 0x08000000, Size: 0x0000aa80, Max: 0x00100000, ABSOLUTE)

    Base Addr    Size         Type   Attr      Idx    E Section Name        Object

    0x08000000   0x00000188   Data   RO          854    RESET               startup_stm32f4xx.o
    0x08000188   0x00000000   Code   RO         1292  * .ARM.Collect$$$$00000000  mc_w.l(entry.o)
    0x08000188   0x00000004   Code   RO         1610    .ARM.Collect$$$$00000001  mc_w.l(entry2.o)
    0x0800018c   0x00000004   Code   RO         1613    .ARM.Collect$$$$00000004  mc_w.l(entry5.o)
    0x08000190   0x00000000   Code   RO         1615    .ARM.Collect$$$$00000008  mc_w.l(entry7b.o)
    0x08000190   0x00000000   Code   RO         1617    .ARM.Collect$$$$0000000A  mc_w.l(entry8b.o)
    0x08000190   0x00000008   Code   RO         1618    .ARM.Collect$$$$0000000B  mc_w.l(entry9a.o)
    0x08000198   0x00000000   Code   RO         1620    .ARM.Collect$$$$0000000D  mc_w.l(entry10a.o)
    0x08000198   0x00000000   Code   RO         1622    .ARM.Collect$$$$0000000F  mc_w.l(entry11a.o)
    0x08000198   0x00000004   Code   RO         1611    .ARM.Collect$$$$00002712  mc_w.l(entry2.o)
    0x0800019c   0x00000016   Code   RO            2    .text               stm32f4xx_it.o
    0x080001b2   0x00000002   PAD
    0x080001b4   0x000000fc   Code   RO          206    .text               main.o
    0x080002b0   0x000004d2   Code   RO          242    .text               mpu6050_driver.o
    0x08000782   0x00000002   PAD
    0x08000784   0x0000039c   Code   RO          268    .text               mpu6050_i2c.o
    0x08000b20   0x000001a4   Code   RO          284    .text               mpu6050_interrupt.o
    0x08000cc4   0x00000060   Code   RO          360    .text               bsp.o
    0x08000d24   0x00000110   Code   RO          376    .text               can1.o
    0x08000e34   0x00000150   Code   RO          395    .text               can2.o
    0x08000f84   0x000002d8   Code   RO          418    .text               usart1.o
    0x0800125c   0x0000015c   Code   RO          439    .text               delay.o
    0x080013b8   0x00000088   Code   RO          457    .text               tim6.o
    0x08001440   0x00000040   Code   RO          473    .text               led.o
    0x08001480   0x00000038   Code   RO          489    .text               laser.o
    0x080014b8   0x0000021c   Code   RO          505    .text               usart2.o
    0x080016d4   0x00000380   Code   RO          529    .text               pwm.o
    0x08001a54   0x00000288   Code   RO          546    .text               stmflash.o
    0x08001cdc   0x00000070   Code   RO          563    .text               buzzer.o
    0x08001d4c   0x000000b4   Code   RO          598    .text               encoder.o
    0x08001e00   0x00000040   Code   RO          614    .text               stm32f4xx_iwdg.o
    0x08001e40   0x00000030   Code   RO          630    .text               key.o
    0x08001e70   0x00000284   Code   RO          646    .text               usart3.o
    0x080020f4   0x00000022   Code   RO          669    .text               iwdg.o
    0x08002116   0x00000002   PAD
    0x08002118   0x00000048   Code   RO          685    .text               relay.o
    0x08002160   0x000000e0   Code   RO          701    .text               misc.o
    0x08002240   0x00000ca2   Code   RO          717    .text               stm32f4xx_tim.o
    0x08002ee2   0x00000002   PAD
    0x08002ee4   0x00000588   Code   RO          733    .text               stm32f4xx_rcc.o
    0x0800346c   0x000009f0   Code   RO          751    .text               stm32f4xx_can.o
    0x08003e5c   0x0000011c   Code   RO          767    .text               stm32f4xx_exti.o
    0x08003f78   0x0000025c   Code   RO          783    .text               stm32f4xx_gpio.o
    0x080041d4   0x0000041a   Code   RO          799    .text               stm32f4xx_usart.o
    0x080045ee   0x00000002   PAD
    0x080045f0   0x0000008c   Code   RO          815    .text               stm32f4xx_syscfg.o
    0x0800467c   0x00000210   Code   RO          831    .text               system_stm32f4xx.o
    0x0800488c   0x00000024   Code   RO          855    .text               startup_stm32f4xx.o
    0x080048b0   0x000004bc   Code   RO          895    .text               stm32f4xx_flash.o
    0x08004d6c   0x000003a8   Code   RO          911    .text               stm32f4xx_dma.o
    0x08005114   0x00000890   Code   RO          943    .text               os_core.o
    0x080059a4   0x0000080c   Code   RO          967    .text               os_flag.o
    0x080061b0   0x000005e8   Code   RO         1025    .text               os_q.o
    0x08006798   0x000007c4   Code   RO         1057    .text               os_task.o
    0x08006f5c   0x000001b0   Code   RO         1073    .text               os_time.o
    0x0800710c   0x000001c4   Code   RO         1099    .text               os_cpu_c.o
    0x080072d0   0x000000c8   Code   RO         1124    .text               os_cpu_a.o
    0x08007398   0x0000066c   Code   RO         1128    .text               task_can.o
    0x08007a04   0x000008c0   Code   RO         1156    .text               task_control.o
    0x080082c4   0x00000ef8   Code   RO         1181    .text               task_dbug.o
    0x080091bc   0x00000078   Code   RO         1208    .text               task_door.o
    0x08009234   0x00000130   Code   RO         1224    .text               task_led.o
    0x08009364   0x0000014e   Code   RO         1555    .text               mf_w.l(dadd.o)
    0x080094b2   0x000000e4   Code   RO         1557    .text               mf_w.l(dmul.o)
    0x08009596   0x000000de   Code   RO         1559    .text               mf_w.l(ddiv.o)
    0x08009674   0x00000022   Code   RO         1563    .text               mf_w.l(dflti.o)
    0x08009696   0x0000003e   Code   RO         1565    .text               mf_w.l(dfixi.o)
    0x080096d4   0x00000026   Code   RO         1567    .text               mf_w.l(f2d.o)
    0x080096fa   0x00000038   Code   RO         1569    .text               mf_w.l(d2f.o)
    0x08009732   0x0000001e   Code   RO         1629    .text               mc_w.l(llshl.o)
    0x08009750   0x00000020   Code   RO         1631    .text               mc_w.l(llushr.o)
    0x08009770   0x00000024   Code   RO         1633    .text               mc_w.l(llsshr.o)
    0x08009794   0x00000000   Code   RO         1642    .text               mc_w.l(iusefp.o)
    0x08009794   0x0000006e   Code   RO         1643    .text               mf_w.l(fepilogue.o)
    0x08009802   0x000000ba   Code   RO         1645    .text               mf_w.l(depilogue.o)
    0x080098bc   0x0000002e   Code   RO         1647    .text               mf_w.l(dscalb.o)
    0x080098ea   0x000000a2   Code   RO         1649    .text               mf_w.l(dsqrt.o)
    0x0800998c   0x00000030   Code   RO         1655    .text               mf_w.l(cdrcmple.o)
    0x080099bc   0x00000024   Code   RO         1657    .text               mc_w.l(init.o)
    0x080099e0   0x00000010   Code   RO         1296    i.__0printf$bare    mc_w.l(printfb.o)
    0x080099f0   0x00000030   Code   RO         1605    i.__ARM_fpclassify  m_wm.l(fpclassify.o)
    0x08009a20   0x00000c38   Code   RO         1266    i.__hardfp_pow      m_wm.l(pow.o)
    0x0800a658   0x000000f8   Code   RO         1607    i.__kernel_poly     m_wm.l(poly.o)
    0x0800a750   0x00000030   Code   RO         1585    i.__mathlib_dbl_divzero  m_wm.l(dunder.o)
    0x0800a780   0x00000014   Code   RO         1587    i.__mathlib_dbl_infnan2  m_wm.l(dunder.o)
    0x0800a794   0x00000004   PAD
    0x0800a798   0x00000020   Code   RO         1588    i.__mathlib_dbl_invalid  m_wm.l(dunder.o)
    0x0800a7b8   0x00000020   Code   RO         1589    i.__mathlib_dbl_overflow  m_wm.l(dunder.o)
    0x0800a7d8   0x00000020   Code   RO         1591    i.__mathlib_dbl_underflow  m_wm.l(dunder.o)
    0x0800a7f8   0x0000000e   Code   RO         1661    i.__scatterload_copy  mc_w.l(handlers.o)
    0x0800a806   0x00000002   Code   RO         1662    i.__scatterload_null  mc_w.l(handlers.o)
    0x0800a808   0x0000000e   Code   RO         1663    i.__scatterload_zeroinit  mc_w.l(handlers.o)
    0x0800a816   0x00000002   PAD
    0x0800a818   0x0000000c   Code   RO         1637    i.__set_errno       mc_w.l(errno.o)
    0x0800a824   0x00000022   Code   RO         1303    i._printf_core      mc_w.l(printfb.o)
    0x0800a846   0x00000018   Code   RO         1601    i.fabs              m_wm.l(fabs.o)
    0x0800a85e   0x0000006e   Code   RO         1282    i.sqrt              m_wm.l(sqrt.o)
    0x0800a8cc   0x00000100   Data   RO          945    .constdata          os_core.o
    0x0800a9cc   0x00000004   PAD
    0x0800a9d0   0x00000088   Data   RO         1269    .constdata          m_wm.l(pow.o)
    0x0800aa58   0x00000008   Data   RO         1609    .constdata          m_wm.l(qnan.o)
    0x0800aa60   0x00000020   Data   RO         1659    Region$$Table       anon$$obj.o


    Execution Region RW_IRAM1 (Base: 0x20000000, Size: 0x00002380, Max: 0x00020000, ABSOLUTE)

    Base Addr    Size         Type   Attr      Idx    E Section Name        Object

    0x20000000   0x00000009   Data   RW          397    .data               can2.o
    0x20000009   0x00000001   PAD
    0x2000000a   0x00000004   Data   RW          440    .data               delay.o
    0x2000000e   0x00000021   Data   RW          507    .data               usart2.o
    0x2000002f   0x00000001   PAD
    0x20000030   0x00000008   Data   RW          648    .data               usart3.o
    0x20000038   0x00000010   Data   RW          734    .data               stm32f4xx_rcc.o
    0x20000048   0x00000014   Data   RW          832    .data               system_stm32f4xx.o
    0x2000005c   0x00000048   Data   RW          946    .data               os_core.o
    0x200000a4   0x0000001e   Data   RW         1130    .data               task_can.o
    0x200000c2   0x00000002   PAD
    0x200000c4   0x00000030   Data   RW         1158    .data               task_control.o
    0x200000f4   0x0000000e   Data   RW         1183    .data               task_dbug.o
    0x20000102   0x00000001   Data   RW         1225    .data               task_led.o
    0x20000103   0x00000001   PAD
    0x20000104   0x00000004   Data   RW         1624    .data               mc_w.l(stdout.o)
    0x20000108   0x00000004   Data   RW         1638    .data               mc_w.l(errno.o)
    0x2000010c   0x00000f00   Zero   RW          207    .bss                main.o
    0x2000100c   0x0000002c   Zero   RW          243    .bss                mpu6050_driver.o
    0x20001038   0x00000060   Zero   RW          304    .bss                mpu6050_process.o
    0x20001098   0x00000100   Zero   RW          419    .bss                usart1.o
    0x20001198   0x0000002d   Zero   RW          506    .bss                usart2.o
    0x200011c5   0x00000080   Zero   RW          647    .bss                usart3.o
    0x20001245   0x00000003   PAD
    0x20001248   0x00000a80   Zero   RW          944    .bss                os_core.o
    0x20001cc8   0x00000024   Zero   RW         1129    .bss                task_can.o
    0x20001cec   0x000001b4   Zero   RW         1157    .bss                task_control.o
    0x20001ea0   0x000000da   Zero   RW         1182    .bss                task_dbug.o
    0x20001f7a   0x00000006   PAD
    0x20001f80   0x00000400   Zero   RW          852    STACK               startup_stm32f4xx.o


==============================================================================

Image component sizes


      Code (inc. data)   RO Data    RW Data    ZI Data      Debug   Object Name

        96          6          0          0          0        623   bsp.o
       112          6          0          0          0        758   buzzer.o
       272         10          0          0          0        837   can1.o
       336         14          0          9          0       2196   can2.o
       348         16          0          4          0       2513   delay.o
       180          6          0          0          0       1164   encoder.o
        34          0          0          0          0        568   iwdg.o
        48          6          0          0          0        604   key.o
        56          6          0          0          0        622   laser.o
        64          6          0          0          0        608   led.o
       252         48          0          0       3840       2198   main.o
       224         20          0          0          0       2013   misc.o
      1234        176          0          0         44       3872   mpu6050_driver.o
       924         90          0          0          0       4027   mpu6050_i2c.o
       420         28          0          0          0       1454   mpu6050_interrupt.o
         0          0          0          0         96       4435   mpu6050_process.o
      2192        218        256         72       2688      15499   os_core.o
       200         32          0          0          0        416   os_cpu_a.o
       452          6          0          0          0      11014   os_cpu_c.o
      2060         42          0          0          0       7096   os_flag.o
      1512         30          0          0          0       5725   os_q.o
      1988         70          0          0          0       7761   os_task.o
       432         30          0          0          0       1902   os_time.o
       896         42          0          0          0       1988   pwm.o
        72          6          0          0          0        609   relay.o
        36          8        392          0       1024        916   startup_stm32f4xx.o
      2544         38          0          0          0       8164   stm32f4xx_can.o
       936         32          0          0          0       6489   stm32f4xx_dma.o
       284         10          0          0          0       2491   stm32f4xx_exti.o
      1212         26          0          0          0       7109   stm32f4xx_flash.o
       604         36          0          0          0       4261   stm32f4xx_gpio.o
        22          0          0          0          0     297112   stm32f4xx_it.o
        64          6          0          0          0       1429   stm32f4xx_iwdg.o
      1416         48          0         16          0      11243   stm32f4xx_rcc.o
       140         12          0          0          0       1779   stm32f4xx_syscfg.o
      3234         60          0          0          0      22496   stm32f4xx_tim.o
      1050         26          0          0          0       7968   stm32f4xx_usart.o
       648         16          0          0          0       2658   stmflash.o
       528         46          0         20          0       2143   system_stm32f4xx.o
      1644        102          0         30         36       5186   task_can.o
      2240        266          0         48        436       7959   task_control.o
      3832        164          0         14        218      20132   task_dbug.o
       120         16          0          0          0        741   task_door.o
       304         10          0          1          0       1325   task_led.o
       136          4          0          0          0        900   tim6.o
       728         24          0          0        256       3563   usart1.o
       540         32          0         33         45       3872   usart2.o
       644         38          0          8        128       2687   usart3.o

    ----------------------------------------------------------------------
     37320       1934        684        260       8820     503125   Object Totals
         0          0         32          0          0          0   (incl. Generated)
        10          0          4          5          9          0   (incl. Padding)

    ----------------------------------------------------------------------

      Code (inc. data)   RO Data    RW Data    ZI Data      Debug   Library Member Name

       164         44          0          0          0        620   dunder.o
        24          0          0          0          0        124   fabs.o
        48          0          0          0          0        124   fpclassify.o
       248          0          0          0          0        152   poly.o
      3128        302        136          0          0        356   pow.o
         0          0          8          0          0          0   qnan.o
       110          0          0          0          0        148   sqrt.o
         0          0          0          0          0          0   entry.o
         0          0          0          0          0          0   entry10a.o
         0          0          0          0          0          0   entry11a.o
         8          4          0          0          0          0   entry2.o
         4          0          0          0          0          0   entry5.o
         0          0          0          0          0          0   entry7b.o
         0          0          0          0          0          0   entry8b.o
         8          4          0          0          0          0   entry9a.o
        12          6          0          4          0         68   errno.o
        30          0          0          0          0          0   handlers.o
        36          8          0          0          0         68   init.o
         0          0          0          0          0          0   iusefp.o
        30          0          0          0          0         68   llshl.o
        36          0          0          0          0         68   llsshr.o
        32          0          0          0          0         68   llushr.o
        50          8          0          0          0        152   printfb.o
         0          0          0          4          0          0   stdout.o
        48          0          0          0          0         68   cdrcmple.o
        56          0          0          0          0         88   d2f.o
       334          0          0          0          0        148   dadd.o
       222          0          0          0          0        100   ddiv.o
       186          0          0          0          0        176   depilogue.o
        62          0          0          0          0         80   dfixi.o
        34          0          0          0          0         76   dflti.o
       228          0          0          0          0         96   dmul.o
        46          0          0          0          0         80   dscalb.o
       162          0          0          0          0        100   dsqrt.o
        38          0          0          0          0         68   f2d.o
       110          0          0          0          0        168   fepilogue.o

    ----------------------------------------------------------------------
      5500        376        144          8          0       3264   Library Totals
         6          0          0          0          0          0   (incl. Padding)

    ----------------------------------------------------------------------

      Code (inc. data)   RO Data    RW Data    ZI Data      Debug   Library Name

      3722        346        144          0          0       1524   m_wm.l
       246         30          0          8          0        492   mc_w.l
      1526          0          0          0          0       1248   mf_w.l

    ----------------------------------------------------------------------
      5500        376        144          8          0       3264   Library Totals

    ----------------------------------------------------------------------

==============================================================================


      Code (inc. data)   RO Data    RW Data    ZI Data      Debug   

     42820       2310        828        268       8820     496561   Grand Totals
     42820       2310        828        268       8820     496561   ELF Image Totals
     42820       2310        828        268          0          0   ROM Totals

==============================================================================

    Total RO  Size (Code + RO Data)                43648 (  42.63kB)
    Total RW  Size (RW Data + ZI Data)              9088 (   8.88kB)
    Total ROM Size (Code + RO Data + RW Data)      43916 (  42.89kB)

==============================================================================

