Component: ARM Compiler 5.05 update 1 (build 106) Tool: armlink [4d0efa]

==============================================================================

Section Cross References

    system_stm32f10x.o(i.SetSysClock) refers to system_stm32f10x.o(i.SetSysClockTo72) for SetSysClockTo72
    system_stm32f10x.o(i.SystemCoreClockUpdate) refers to system_stm32f10x.o(.data) for SystemCoreClock
    system_stm32f10x.o(i.SystemInit) refers to system_stm32f10x.o(i.SetSysClock) for SetSysClock
    startup_stm32f10x_md.o(RESET) refers to startup_stm32f10x_md.o(STACK) for __initial_sp
    startup_stm32f10x_md.o(RESET) refers to startup_stm32f10x_md.o(.text) for Reset_Handler
    startup_stm32f10x_md.o(RESET) refers to stm32f10x_it.o(i.NMI_Handler) for NMI_Handler
    startup_stm32f10x_md.o(RESET) refers to stm32f10x_it.o(i.HardFault_Handler) for HardFault_Handler
    startup_stm32f10x_md.o(RESET) refers to stm32f10x_it.o(i.MemManage_Handler) for MemManage_Handler
    startup_stm32f10x_md.o(RESET) refers to stm32f10x_it.o(i.BusFault_Handler) for BusFault_Handler
    startup_stm32f10x_md.o(RESET) refers to stm32f10x_it.o(i.UsageFault_Handler) for UsageFault_Handler
    startup_stm32f10x_md.o(RESET) refers to stm32f10x_it.o(i.SVC_Handler) for SVC_Handler
    startup_stm32f10x_md.o(RESET) refers to stm32f10x_it.o(i.DebugMon_Handler) for DebugMon_Handler
    startup_stm32f10x_md.o(RESET) refers to stm32f10x_it.o(i.PendSV_Handler) for PendSV_Handler
    startup_stm32f10x_md.o(RESET) refers to stm32f10x_it.o(i.SysTick_Handler) for SysTick_Handler
    startup_stm32f10x_md.o(RESET) refers to uart.o(i.DMA1_Channel5_IRQHandler) for DMA1_Channel5_IRQHandler
    startup_stm32f10x_md.o(RESET) refers to can.o(i.USB_HP_CAN1_TX_IRQHandler) for USB_HP_CAN1_TX_IRQHandler
    startup_stm32f10x_md.o(RESET) refers to can.o(i.USB_LP_CAN1_RX0_IRQHandler) for USB_LP_CAN1_RX0_IRQHandler
    startup_stm32f10x_md.o(RESET) refers to encoder.o(i.TIM3_IRQHandler) for TIM3_IRQHandler
    startup_stm32f10x_md.o(RESET) refers to tim2.o(i.TIM4_IRQHandler) for TIM4_IRQHandler
    startup_stm32f10x_md.o(RESET) refers to uart.o(i.USART1_IRQHandler) for USART1_IRQHandler
    startup_stm32f10x_md.o(RESET) refers to key.o(i.EXTI15_10_IRQHandler) for EXTI15_10_IRQHandler
    startup_stm32f10x_md.o(.text) refers to system_stm32f10x.o(i.SystemInit) for SystemInit
    startup_stm32f10x_md.o(.text) refers to entry.o(.ARM.Collect$$$$00000000) for __main
    stm32f10x_adc.o(i.ADC_DeInit) refers to stm32f10x_rcc.o(i.RCC_APB2PeriphResetCmd) for RCC_APB2PeriphResetCmd
    stm32f10x_can.o(i.CAN_DeInit) refers to stm32f10x_rcc.o(i.RCC_APB1PeriphResetCmd) for RCC_APB1PeriphResetCmd
    stm32f10x_can.o(i.CAN_GetITStatus) refers to stm32f10x_can.o(i.CheckITStatus) for CheckITStatus
    stm32f10x_gpio.o(i.GPIO_AFIODeInit) refers to stm32f10x_rcc.o(i.RCC_APB2PeriphResetCmd) for RCC_APB2PeriphResetCmd
    stm32f10x_gpio.o(i.GPIO_DeInit) refers to stm32f10x_rcc.o(i.RCC_APB2PeriphResetCmd) for RCC_APB2PeriphResetCmd
    stm32f10x_rcc.o(i.RCC_GetClocksFreq) refers to stm32f10x_rcc.o(.data) for APBAHBPrescTable
    stm32f10x_rcc.o(i.RCC_WaitForHSEStartUp) refers to stm32f10x_rcc.o(i.RCC_GetFlagStatus) for RCC_GetFlagStatus
    stm32f10x_tim.o(i.TIM_DeInit) refers to stm32f10x_rcc.o(i.RCC_APB2PeriphResetCmd) for RCC_APB2PeriphResetCmd
    stm32f10x_tim.o(i.TIM_DeInit) refers to stm32f10x_rcc.o(i.RCC_APB1PeriphResetCmd) for RCC_APB1PeriphResetCmd
    stm32f10x_tim.o(i.TIM_ETRClockMode1Config) refers to stm32f10x_tim.o(i.TIM_ETRConfig) for TIM_ETRConfig
    stm32f10x_tim.o(i.TIM_ETRClockMode2Config) refers to stm32f10x_tim.o(i.TIM_ETRConfig) for TIM_ETRConfig
    stm32f10x_tim.o(i.TIM_ICInit) refers to stm32f10x_tim.o(i.TI1_Config) for TI1_Config
    stm32f10x_tim.o(i.TIM_ICInit) refers to stm32f10x_tim.o(i.TIM_SetIC1Prescaler) for TIM_SetIC1Prescaler
    stm32f10x_tim.o(i.TIM_ICInit) refers to stm32f10x_tim.o(i.TI2_Config) for TI2_Config
    stm32f10x_tim.o(i.TIM_ICInit) refers to stm32f10x_tim.o(i.TIM_SetIC2Prescaler) for TIM_SetIC2Prescaler
    stm32f10x_tim.o(i.TIM_ICInit) refers to stm32f10x_tim.o(i.TI3_Config) for TI3_Config
    stm32f10x_tim.o(i.TIM_ICInit) refers to stm32f10x_tim.o(i.TIM_SetIC3Prescaler) for TIM_SetIC3Prescaler
    stm32f10x_tim.o(i.TIM_ICInit) refers to stm32f10x_tim.o(i.TI4_Config) for TI4_Config
    stm32f10x_tim.o(i.TIM_ICInit) refers to stm32f10x_tim.o(i.TIM_SetIC4Prescaler) for TIM_SetIC4Prescaler
    stm32f10x_tim.o(i.TIM_ITRxExternalClockConfig) refers to stm32f10x_tim.o(i.TIM_SelectInputTrigger) for TIM_SelectInputTrigger
    stm32f10x_tim.o(i.TIM_PWMIConfig) refers to stm32f10x_tim.o(i.TI1_Config) for TI1_Config
    stm32f10x_tim.o(i.TIM_PWMIConfig) refers to stm32f10x_tim.o(i.TIM_SetIC1Prescaler) for TIM_SetIC1Prescaler
    stm32f10x_tim.o(i.TIM_PWMIConfig) refers to stm32f10x_tim.o(i.TI2_Config) for TI2_Config
    stm32f10x_tim.o(i.TIM_PWMIConfig) refers to stm32f10x_tim.o(i.TIM_SetIC2Prescaler) for TIM_SetIC2Prescaler
[...]
    Removing stm32f10x_adc.o(i.ADC_ExternalTrigInjectedConvConfig), (16 bytes).
    Removing stm32f10x_adc.o(i.ADC_GetConversionValue), (8 bytes).
    Removing stm32f10x_adc.o(i.ADC_GetDualModeConversionValue), (12 bytes).
    Removing stm32f10x_adc.o(i.ADC_GetFlagStatus), (18 bytes).
    Removing stm32f10x_adc.o(i.ADC_GetITStatus), (36 bytes).
    Removing stm32f10x_adc.o(i.ADC_GetInjectedConversionValue), (28 bytes).
    Removing stm32f10x_adc.o(i.ADC_GetSoftwareStartConvStatus), (20 bytes).
    Removing stm32f10x_adc.o(i.ADC_GetSoftwareStartInjectedConvCmdStatus), (20 bytes).
    Removing stm32f10x_adc.o(i.ADC_ITConfig), (24 bytes).
    Removing stm32f10x_adc.o(i.ADC_InjectedChannelConfig), (130 bytes).
    Removing stm32f10x_adc.o(i.ADC_InjectedDiscModeCmd), (22 bytes).
    Removing stm32f10x_adc.o(i.ADC_InjectedSequencerLengthConfig), (24 bytes).
    Removing stm32f10x_adc.o(i.ADC_SetInjectedOffset), (20 bytes).
    Removing stm32f10x_adc.o(i.ADC_SoftwareStartInjectedConvCmd), (22 bytes).
    Removing stm32f10x_adc.o(i.ADC_StructInit), (18 bytes).
    Removing stm32f10x_adc.o(i.ADC_TempSensorVrefintCmd), (36 bytes).
    Removing stm32f10x_can.o(i.CAN_CancelTransmit), (48 bytes).
    Removing stm32f10x_can.o(i.CAN_ClearFlag), (56 bytes).
    Removing stm32f10x_can.o(i.CAN_DBGFreeze), (22 bytes).
    Removing stm32f10x_can.o(i.CAN_FIFORelease), (22 bytes).
    Removing stm32f10x_can.o(i.CAN_GetFlagStatus), (120 bytes).
    Removing stm32f10x_can.o(i.CAN_GetLSBTransmitErrorCounter), (12 bytes).
    Removing stm32f10x_can.o(i.CAN_GetLastErrorCode), (12 bytes).
    Removing stm32f10x_can.o(i.CAN_GetReceiveErrorCounter), (10 bytes).
    Removing stm32f10x_can.o(i.CAN_MessagePending), (30 bytes).
    Removing stm32f10x_can.o(i.CAN_OperatingModeRequest), (162 bytes).
    Removing stm32f10x_can.o(i.CAN_SlaveStartBank), (52 bytes).
    Removing stm32f10x_can.o(i.CAN_Sleep), (30 bytes).
    Removing stm32f10x_can.o(i.CAN_StructInit), (32 bytes).
    Removing stm32f10x_can.o(i.CAN_TTComModeCmd), (118 bytes).
    Removing stm32f10x_can.o(i.CAN_TransmitStatus), (160 bytes).
    Removing stm32f10x_can.o(i.CAN_WakeUp), (48 bytes).
    Removing stm32f10x_gpio.o(i.GPIO_AFIODeInit), (20 bytes).
    Removing stm32f10x_gpio.o(i.GPIO_DeInit), (200 bytes).
    Removing stm32f10x_gpio.o(i.GPIO_ETH_MediaInterfaceConfig), (12 bytes).
    Removing stm32f10x_gpio.o(i.GPIO_EXTILineConfig), (64 bytes).
    Removing stm32f10x_gpio.o(i.GPIO_EventOutputCmd), (12 bytes).
    Removing stm32f10x_gpio.o(i.GPIO_EventOutputConfig), (32 bytes).
    Removing stm32f10x_gpio.o(i.GPIO_PinLockConfig), (18 bytes).
    Removing stm32f10x_gpio.o(i.GPIO_ReadInputData), (8 bytes).
    Removing stm32f10x_gpio.o(i.GPIO_ReadInputDataBit), (18 bytes).
    Removing stm32f10x_gpio.o(i.GPIO_ReadOutputData), (8 bytes).
    Removing stm32f10x_gpio.o(i.GPIO_ReadOutputDataBit), (18 bytes).
    Removing stm32f10x_gpio.o(i.GPIO_StructInit), (16 bytes).
    Removing stm32f10x_gpio.o(i.GPIO_Write), (4 bytes).
    Removing stm32f10x_gpio.o(i.GPIO_WriteBit), (10 bytes).
    Removing stm32f10x_rcc.o(i.RCC_AdjustHSICalibrationValue), (24 bytes).
    Removing stm32f10x_rcc.o(i.RCC_BackupResetCmd), (12 bytes).
    Removing stm32f10x_rcc.o(i.RCC_ClearFlag), (20 bytes).
    Removing stm32f10x_rcc.o(i.RCC_ClearITPendingBit), (12 bytes).
    Removing stm32f10x_rcc.o(i.RCC_ClockSecuritySystemCmd), (12 bytes).
    Removing stm32f10x_rcc.o(i.RCC_DeInit), (76 bytes).
    Removing stm32f10x_rcc.o(i.RCC_GetFlagStatus), (60 bytes).
    Removing stm32f10x_rcc.o(i.RCC_GetITStatus), (24 bytes).
    Removing stm32f10x_rcc.o(i.RCC_GetSYSCLKSource), (16 bytes).
    Removing stm32f10x_rcc.o(i.RCC_HCLKConfig), (24 bytes).
    Removing stm32f10x_rcc.o(i.RCC_HSEConfig), (76 bytes).
    Removing stm32f10x_rcc.o(i.RCC_HSICmd), (12 bytes).
    Removing stm32f10x_rcc.o(i.RCC_ITConfig), (32 bytes).
    Removing stm32f10x_rcc.o(i.RCC_LSEConfig), (52 bytes).
    Removing stm32f10x_rcc.o(i.RCC_LSICmd), (12 bytes).
    Removing stm32f10x_rcc.o(i.RCC_MCOConfig), (12 bytes).
    Removing stm32f10x_rcc.o(i.RCC_PCLK1Config), (24 bytes).
    Removing stm32f10x_rcc.o(i.RCC_PCLK2Config), (24 bytes).
    Removing stm32f10x_rcc.o(i.RCC_PLLCmd), (12 bytes).
    Removing stm32f10x_rcc.o(i.RCC_PLLConfig), (28 bytes).
    Removing stm32f10x_rcc.o(i.RCC_RTCCLKCmd), (12 bytes).
    Removing stm32f10x_rcc.o(i.RCC_RTCCLKConfig), (16 bytes).
    Removing stm32f10x_rcc.o(i.RCC_SYSCLKConfig), (24 bytes).
    Removing stm32f10x_rcc.o(i.RCC_USBCLKConfig), (12 bytes).
    Removing stm32f10x_rcc.o(i.RCC_WaitForHSEStartUp), (56 bytes).
    Removing stm32f10x_tim.o(i.TI1_Config), (128 bytes).
    Removing stm32f10x_tim.o(i.TI2_Config), (152 bytes).
    Removing stm32f10x_tim.o(i.TI3_Config), (144 bytes).
    Removing stm32f10x_tim.o(i.TI4_Config), (152 bytes).
    Removing stm32f10x_tim.o(i.TIM_ARRPreloadConfig), (24 bytes).
    Removing stm32f10x_tim.o(i.TIM_BDTRConfig), (32 bytes).
    Removing stm32f10x_tim.o(i.TIM_BDTRStructInit), (18 bytes).
    Removing stm32f10x_tim.o(i.TIM_CCPreloadControl), (24 bytes).
    Removing stm32f10x_tim.o(i.TIM_CCxCmd), (30 bytes).
    Removing stm32f10x_tim.o(i.TIM_CCxNCmd), (30 bytes).
    Removing stm32f10x_tim.o(i.TIM_ClearOC1Ref), (18 bytes).
    Removing stm32f10x_tim.o(i.TIM_ClearOC2Ref), (24 bytes).
    Removing stm32f10x_tim.o(i.TIM_ClearOC3Ref), (18 bytes).
    Removing stm32f10x_tim.o(i.TIM_ClearOC4Ref), (24 bytes).
    Removing stm32f10x_tim.o(i.TIM_CounterModeConfig), (18 bytes).
    Removing stm32f10x_tim.o(i.TIM_DMACmd), (18 bytes).
    Removing stm32f10x_tim.o(i.TIM_DMAConfig), (10 bytes).
    Removing stm32f10x_tim.o(i.TIM_ETRClockMode1Config), (54 bytes).
    Removing stm32f10x_tim.o(i.TIM_ETRClockMode2Config), (32 bytes).
    Removing stm32f10x_tim.o(i.TIM_ETRConfig), (28 bytes).
    Removing stm32f10x_tim.o(i.TIM_ForcedOC1Config), (18 bytes).
    Removing stm32f10x_tim.o(i.TIM_ForcedOC2Config), (26 bytes).
    Removing stm32f10x_tim.o(i.TIM_ForcedOC3Config), (18 bytes).
    Removing stm32f10x_tim.o(i.TIM_ForcedOC4Config), (26 bytes).
    Removing stm32f10x_tim.o(i.TIM_GenerateEvent), (4 bytes).
    Removing stm32f10x_tim.o(i.TIM_GetCapture1), (6 bytes).
    Removing stm32f10x_tim.o(i.TIM_GetCapture2), (6 bytes).
    Removing stm32f10x_tim.o(i.TIM_GetCapture3), (6 bytes).
    Removing stm32f10x_tim.o(i.TIM_GetCapture4), (8 bytes).
    Removing stm32f10x_tim.o(i.TIM_GetCounter), (6 bytes).
    Removing stm32f10x_tim.o(i.TIM_GetFlagStatus), (18 bytes).
    Removing stm32f10x_tim.o(i.TIM_GetPrescaler), (6 bytes).
    Removing stm32f10x_tim.o(i.TIM_ICInit), (172 bytes).
    Removing stm32f10x_tim.o(i.TIM_ICStructInit), (18 bytes).
    Removing stm32f10x_tim.o(i.TIM_ITRxExternalClockConfig), (24 bytes).
    Removing stm32f10x_tim.o(i.TIM_InternalClockConfig), (12 bytes).
    Removing stm32f10x_tim.o(i.TIM_OC1FastConfig), (18 bytes).
    Removing stm32f10x_tim.o(i.TIM_OC1Init), (152 bytes).
    Removing stm32f10x_tim.o(i.TIM_OC1NPolarityConfig), (18 bytes).
    Removing stm32f10x_tim.o(i.TIM_OC1PolarityConfig), (18 bytes).
    Removing stm32f10x_tim.o(i.TIM_OC1PreloadConfig), (18 bytes).
    Removing stm32f10x_tim.o(i.TIM_OC2FastConfig), (26 bytes).
    Removing stm32f10x_tim.o(i.TIM_OC2Init), (164 bytes).
    Removing stm32f10x_tim.o(i.TIM_OC2NPolarityConfig), (26 bytes).
    Removing stm32f10x_tim.o(i.TIM_OC2PolarityConfig), (26 bytes).
    Removing stm32f10x_tim.o(i.TIM_OC2PreloadConfig), (26 bytes).
    Removing stm32f10x_tim.o(i.TIM_OC3FastConfig), (18 bytes).
    Removing stm32f10x_tim.o(i.TIM_OC3NPolarityConfig), (26 bytes).
    Removing stm32f10x_tim.o(i.TIM_OC3PolarityConfig), (26 bytes).
    Removing stm32f10x_tim.o(i.TIM_OC3PreloadConfig), (18 bytes).
    Removing stm32f10x_tim.o(i.TIM_OC4FastConfig), (26 bytes).
    Removing stm32f10x_tim.o(i.TIM_OC4PolarityConfig), (26 bytes).
    Removing stm32f10x_tim.o(i.TIM_OC4PreloadConfig), (26 bytes).
    Removing stm32f10x_tim.o(i.TIM_OCStructInit), (20 bytes).
    Removing stm32f10x_tim.o(i.TIM_PWMIConfig), (124 bytes).
    Removing stm32f10x_tim.o(i.TIM_PrescalerConfig), (6 bytes).
    Removing stm32f10x_tim.o(i.TIM_SelectCCDMA), (24 bytes).
    Removing stm32f10x_tim.o(i.TIM_SelectCOM), (24 bytes).
    Removing stm32f10x_tim.o(i.TIM_SelectHallSensor), (24 bytes).
    Removing stm32f10x_tim.o(i.TIM_SelectInputTrigger), (18 bytes).
    Removing stm32f10x_tim.o(i.TIM_SelectMasterSlaveMode), (18 bytes).
    Removing stm32f10x_tim.o(i.TIM_SelectOCxM), (82 bytes).
    Removing stm32f10x_tim.o(i.TIM_SelectOnePulseMode), (18 bytes).
    Removing stm32f10x_tim.o(i.TIM_SelectOutputTrigger), (18 bytes).
    Removing stm32f10x_tim.o(i.TIM_SelectSlaveMode), (18 bytes).
    Removing stm32f10x_tim.o(i.TIM_SetAutoreload), (4 bytes).
    Removing stm32f10x_tim.o(i.TIM_SetClockDivision), (18 bytes).
    Removing stm32f10x_tim.o(i.TIM_SetCompare1), (4 bytes).
    Removing stm32f10x_tim.o(i.TIM_SetCompare2), (4 bytes).
    Removing stm32f10x_tim.o(i.TIM_SetCompare3), (4 bytes).
    Removing stm32f10x_tim.o(i.TIM_SetCompare4), (6 bytes).
    Removing stm32f10x_tim.o(i.TIM_SetCounter), (4 bytes).
    Removing stm32f10x_tim.o(i.TIM_SetIC1Prescaler), (18 bytes).
    Removing stm32f10x_tim.o(i.TIM_SetIC2Prescaler), (26 bytes).
    Removing stm32f10x_tim.o(i.TIM_SetIC3Prescaler), (18 bytes).
    Removing stm32f10x_tim.o(i.TIM_SetIC4Prescaler), (26 bytes).
    Removing stm32f10x_tim.o(i.TIM_TIxExternalClockConfig), (62 bytes).
    Removing stm32f10x_tim.o(i.TIM_TimeBaseStructInit), (18 bytes).
    Removing stm32f10x_tim.o(i.TIM_UpdateDisableConfig), (24 bytes).
    Removing stm32f10x_tim.o(i.TIM_UpdateRequestConfig), (24 bytes).
    Removing stm32f10x_usart.o(i.USART_ClearFlag), (18 bytes).
    Removing stm32f10x_usart.o(i.USART_ClearITPendingBit), (30 bytes).
    Removing stm32f10x_usart.o(i.USART_ClockInit), (34 bytes).
    Removing stm32f10x_usart.o(i.USART_ClockStructInit), (12 bytes).
    Removing stm32f10x_usart.o(i.USART_HalfDuplexCmd), (24 bytes).
    Removing stm32f10x_usart.o(i.USART_IrDACmd), (24 bytes).
    Removing stm32f10x_usart.o(i.USART_IrDAConfig), (18 bytes).
    Removing stm32f10x_usart.o(i.USART_LINBreakDetectLengthConfig), (18 bytes).
    Removing stm32f10x_usart.o(i.USART_LINCmd), (24 bytes).
    Removing stm32f10x_usart.o(i.USART_OneBitMethodCmd), (24 bytes).
    Removing stm32f10x_usart.o(i.USART_OverSampling8Cmd), (22 bytes).
    Removing stm32f10x_usart.o(i.USART_ReceiveData), (10 bytes).
    Removing stm32f10x_usart.o(i.USART_ReceiverWakeUpCmd), (24 bytes).
    Removing stm32f10x_usart.o(i.USART_SendBreak), (10 bytes).
    Removing stm32f10x_usart.o(i.USART_SetAddress), (18 bytes).
    Removing stm32f10x_usart.o(i.USART_SetGuardTime), (16 bytes).
    Removing stm32f10x_usart.o(i.USART_SetPrescaler), (16 bytes).
    Removing stm32f10x_usart.o(i.USART_SmartCardCmd), (24 bytes).
    Removing stm32f10x_usart.o(i.USART_SmartCardNACKCmd), (24 bytes).
    Removing stm32f10x_usart.o(i.USART_StructInit), (24 bytes).
    Removing stm32f10x_usart.o(i.USART_WakeUpConfig), (18 bytes).
    Removing stm32f10x_dma.o(i.DMA_GetFlagStatus), (44 bytes).
    Removing stm32f10x_dma.o(i.DMA_StructInit), (26 bytes).
    Removing stm32f10x_flash.o(i.FLASH_ClearFlag), (12 bytes).
    Removing stm32f10x_flash.o(i.FLASH_EnableWriteProtection), (196 bytes).
    Removing stm32f10x_flash.o(i.FLASH_EraseAllBank1Pages), (72 bytes).
    Removing stm32f10x_flash.o(i.FLASH_EraseAllPages), (72 bytes).
    Removing stm32f10x_flash.o(i.FLASH_EraseOptionBytes), (168 bytes).
    Removing stm32f10x_flash.o(i.FLASH_GetFlagStatus), (48 bytes).
    Removing stm32f10x_flash.o(i.FLASH_GetPrefetchBufferStatus), (24 bytes).
    Removing stm32f10x_flash.o(i.FLASH_GetReadOutProtectionStatus), (24 bytes).
    Removing stm32f10x_flash.o(i.FLASH_GetStatus), (52 bytes).
    Removing stm32f10x_flash.o(i.FLASH_GetUserOptionByte), (12 bytes).
    Removing stm32f10x_flash.o(i.FLASH_GetWriteProtectionOptionByte), (12 bytes).
    Removing stm32f10x_flash.o(i.FLASH_HalfCycleAccessCmd), (28 bytes).
    Removing stm32f10x_flash.o(i.FLASH_ITConfig), (32 bytes).
    Removing stm32f10x_flash.o(i.FLASH_Lock), (20 bytes).
    Removing stm32f10x_flash.o(i.FLASH_LockBank1), (20 bytes).
    Removing stm32f10x_flash.o(i.FLASH_PrefetchBufferCmd), (28 bytes).
    Removing stm32f10x_flash.o(i.FLASH_ProgramOptionByteData), (84 bytes).
    Removing stm32f10x_flash.o(i.FLASH_ProgramWord), (108 bytes).
    Removing stm32f10x_flash.o(i.FLASH_ReadOutProtection), (172 bytes).
    Removing stm32f10x_flash.o(i.FLASH_SetLatency), (24 bytes).
    Removing stm32f10x_flash.o(i.FLASH_UnlockBank1), (24 bytes).
    Removing stm32f10x_flash.o(i.FLASH_UserOptionByteConfig), (104 bytes).
    Removing stm32f10x_flash.o(i.FLASH_WaitForLastBank1Operation), (38 bytes).
    Removing stm32f10x_exti.o(i.EXTI_ClearFlag), (12 bytes).
    Removing stm32f10x_exti.o(i.EXTI_DeInit), (36 bytes).
    Removing stm32f10x_exti.o(i.EXTI_GenerateSWInterrupt), (16 bytes).
    Removing stm32f10x_exti.o(i.EXTI_GetFlagStatus), (24 bytes).
    Removing stm32f10x_exti.o(i.EXTI_Init), (148 bytes).
    Removing stm32f10x_exti.o(i.EXTI_StructInit), (16 bytes).
    Removing stm32f10x_iwdg.o(i.IWDG_Enable), (16 bytes).
    Removing stm32f10x_iwdg.o(i.IWDG_GetFlagStatus), (24 bytes).
    Removing stm32f10x_iwdg.o(i.IWDG_ReloadCounter), (16 bytes).
    Removing stm32f10x_iwdg.o(i.IWDG_SetPrescaler), (12 bytes).
    Removing stm32f10x_iwdg.o(i.IWDG_SetReload), (12 bytes).
    Removing stm32f10x_iwdg.o(i.IWDG_WriteAccessCmd), (12 bytes).
    Removing delay.o(i.delay_us), (26 bytes).
    Removing key.o(i.KEY_Configuration), (56 bytes).
    Removing iwdg.o(i.iwdg_init), (34 bytes).
    Removing control.o(i.PIDz_Calculate), (176 bytes).
    Removing control.o(.data), (32 bytes).
    Removing uart.o(i.USART1_SendChar), (32 bytes).
    Removing uart.o(i.fputc), (36 bytes).
    Removing uart.o(.data), (2 bytes).
    Removing datascope_dp.o(i.DataScope_Data_Generate), (156 bytes).
    Removing datascope_dp.o(i.DataScope_Get_Channel_Data), (164 bytes).
    Removing datascope_dp.o(i.DataScope_Output), (172 bytes).
    Removing datascope_dp.o(i.Float2Byte), (28 bytes).
    Removing datascope_dp.o(.bss), (42 bytes).
    Removing datascope_dp.o(.data), (28 bytes).

240 unused section(s) (total 9442 bytes) removed from the image.

==============================================================================

Image Symbol Table

    Local Symbols

    Symbol Name                              Value     Ov Type        Size  Object(Section)

    ../clib/microlib/init/entry.s            0x00000000   Number         0  entry2.o ABSOLUTE
    ../clib/microlib/init/entry.s            0x00000000   Number         0  entry7a.o ABSOLUTE
    ../clib/microlib/init/entry.s            0x00000000   Number         0  entry5.o ABSOLUTE
    ../clib/microlib/init/entry.s            0x00000000   Number         0  entry9b.o ABSOLUTE
    ../clib/microlib/init/entry.s            0x00000000   Number         0  entry10a.o ABSOLUTE
    ../clib/microlib/init/entry.s            0x00000000   Number         0  entry.o ABSOLUTE
    ../clib/microlib/init/entry.s            0x00000000   Number         0  entry10b.o ABSOLUTE
    ../clib/microlib/init/entry.s            0x00000000   Number         0  entry7b.o ABSOLUTE
    ../clib/microlib/init/entry.s            0x00000000   Number         0  entry8a.o ABSOLUTE
    ../clib/microlib/init/entry.s            0x00000000   Number         0  entry11a.o ABSOLUTE
    ../clib/microlib/init/entry.s            0x00000000   Number         0  entry8b.o ABSOLUTE
    ../clib/microlib/init/entry.s            0x00000000   Number         0  entry11b.o ABSOLUTE
    ../clib/microlib/init/entry.s            0x00000000   Number         0  entry9a.o ABSOLUTE
    ../clib/microlib/longlong.c              0x00000000   Number         0  llushr.o ABSOLUTE
    ../clib/microlib/longlong.c              0x00000000   Number         0  llshl.o ABSOLUTE
    ../clib/microlib/stubs.s                 0x00000000   Number         0  iusefp.o ABSOLUTE
    ../fplib/microlib/d2f.c                  0x00000000   Number         0  d2f.o ABSOLUTE
    ../fplib/microlib/f2d.c                  0x00000000   Number         0  f2d.o ABSOLUTE
    ../fplib/microlib/fpadd.c                0x00000000   Number         0  fadd.o ABSOLUTE
    ../fplib/microlib/fpdiv.c                0x00000000   Number         0  ddiv.o ABSOLUTE
    ../fplib/microlib/fpdiv.c                0x00000000   Number         0  fdiv.o ABSOLUTE
    ../fplib/microlib/fpepilogue.c           0x00000000   Number         0  depilogue.o ABSOLUTE
    ../fplib/microlib/fpepilogue.c           0x00000000   Number         0  fepilogue.o ABSOLUTE
    ../fplib/microlib/fpfix.c                0x00000000   Number         0  ffixi.o ABSOLUTE
    ../fplib/microlib/fpfix.c                0x00000000   Number         0  ffixui.o ABSOLUTE
    ../fplib/microlib/fpflt.c                0x00000000   Number         0  fflti.o ABSOLUTE
    ../fplib/microlib/fpflt.c                0x00000000   Number         0  ffltui.o ABSOLUTE
    ../fplib/microlib/fpflt.c                0x00000000   Number         0  dflti.o ABSOLUTE
    ../fplib/microlib/fpmul.c                0x00000000   Number         0  dmul.o ABSOLUTE
    ../fplib/microlib/fpmul.c                0x00000000   Number         0  fmul.o ABSOLUTE
    ..\CM3\core_cm3.c                        0x00000000   Number         0  core_cm3.o ABSOLUTE
    ..\CM3\startup_stm32f10x_md.s            0x00000000   Number         0  startup_stm32f10x_md.o ABSOLUTE
    ..\CM3\system_stm32f10x.c                0x00000000   Number         0  system_stm32f10x.o ABSOLUTE
    ..\Libraries\misc.c                      0x00000000   Number         0  misc.o ABSOLUTE
    ..\Libraries\stm32f10x_adc.c             0x00000000   Number         0  stm32f10x_adc.o ABSOLUTE
    ..\Libraries\stm32f10x_can.c             0x00000000   Number         0  stm32f10x_can.o ABSOLUTE
    ..\Libraries\stm32f10x_dma.c             0x00000000   Number         0  stm32f10x_dma.o ABSOLUTE
    ..\Libraries\stm32f10x_exti.c            0x00000000   Number         0  stm32f10x_exti.o ABSOLUTE
    ..\Libraries\stm32f10x_flash.c           0x00000000   Number         0  stm32f10x_flash.o ABSOLUTE
    ..\Libraries\stm32f10x_gpio.c            0x00000000   Number         0  stm32f10x_gpio.o ABSOLUTE
    ..\Libraries\stm32f10x_iwdg.c            0x00000000   Number         0  stm32f10x_iwdg.o ABSOLUTE
    ..\Libraries\stm32f10x_rcc.c             0x00000000   Number         0  stm32f10x_rcc.o ABSOLUTE
    ..\Libraries\stm32f10x_tim.c             0x00000000   Number         0  stm32f10x_tim.o ABSOLUTE
    ..\Libraries\stm32f10x_usart.c           0x00000000   Number         0  stm32f10x_usart.o ABSOLUTE
    ..\Mylib\BSP.c                           0x00000000   Number         0  bsp.o ABSOLUTE
    ..\Mylib\DEBUG.c                         0x00000000   Number         0  debug.o ABSOLUTE
    ..\Mylib\Iwdg.c                          0x00000000   Number         0  iwdg.o ABSOLUTE
    ..\Mylib\UART.c                          0x00000000   Number         0  uart.o ABSOLUTE
    ..\Mylib\ad.c                            0x00000000   Number         0  ad.o ABSOLUTE
    ..\Mylib\can.c                           0x00000000   Number         0  can.o ABSOLUTE
    ..\Mylib\control.c                       0x00000000   Number         0  control.o ABSOLUTE
    ..\Mylib\delay.c                         0x00000000   Number         0  delay.o ABSOLUTE
    ..\Mylib\encoder.c                       0x00000000   Number         0  encoder.o ABSOLUTE
    ..\Mylib\flash.c                         0x00000000   Number         0  flash.o ABSOLUTE
    ..\Mylib\key.c                           0x00000000   Number         0  key.o ABSOLUTE
    ..\Mylib\led.c                           0x00000000   Number         0  led.o ABSOLUTE
    ..\Mylib\pwm.c                           0x00000000   Number         0  pwm.o ABSOLUTE
    ..\Mylib\tim2.c                          0x00000000   Number         0  tim2.o ABSOLUTE
    ..\User\debug\DataScope_DP.C             0x00000000   Number         0  datascope_dp.o ABSOLUTE
    ..\User\main.c                           0x00000000   Number         0  main.o ABSOLUTE
    ..\User\stm32f10x_it.c                   0x00000000   Number         0  stm32f10x_it.o ABSOLUTE
    ..\\CM3\\core_cm3.c                      0x00000000   Number         0  core_cm3.o ABSOLUTE
    cfcmple.s                                0x00000000   Number         0  cfcmple.o ABSOLUTE
    cfrcmple.s                               0x00000000   Number         0  cfrcmple.o ABSOLUTE
    dc.s                                     0x00000000   Number         0  dc.o ABSOLUTE
    handlers.s                               0x00000000   Number         0  handlers.o ABSOLUTE
    init.s                                   0x00000000   Number         0  init.o ABSOLUTE
    RESET                                    0x08000000   Section      236  startup_stm32f10x_md.o(RESET)
    .ARM.Collect$$$$00000000                 0x080000ec   Section        0  entry.o(.ARM.Collect$$$$00000000)
    .ARM.Collect$$$$00000001                 0x080000ec   Section        4  entry2.o(.ARM.Collect$$$$00000001)
    .ARM.Collect$$$$00000004                 0x080000f0   Section        4  entry5.o(.ARM.Collect$$$$00000004)
    .ARM.Collect$$$$00000008                 0x080000f4   Section        0  entry7b.o(.ARM.Collect$$$$00000008)
    .ARM.Collect$$$$0000000A                 0x080000f4   Section        0  entry8b.o(.ARM.Collect$$$$0000000A)
    .ARM.Collect$$$$0000000B                 0x080000f4   Section        8  entry9a.o(.ARM.Collect$$$$0000000B)
    .ARM.Collect$$$$0000000D                 0x080000fc   Section        0  entry10a.o(.ARM.Collect$$$$0000000D)
    .ARM.Collect$$$$0000000F                 0x080000fc   Section        0  entry11a.o(.ARM.Collect$$$$0000000F)
    .ARM.Collect$$$$00002712                 0x080000fc   Section        4  entry2.o(.ARM.Collect$$$$00002712)
    __lit__00000000                          0x080000fc   Data           4  entry2.o(.ARM.Collect$$$$00002712)
    .text                                    0x08000100   Section       36  startup_stm32f10x_md.o(.text)
    .text                                    0x08000124   Section        0  fadd.o(.text)
    .text                                    0x080001d4   Section        0  fmul.o(.text)
    .text                                    0x08000238   Section        0  fdiv.o(.text)
    .text                                    0x080002b4   Section        0  dmul.o(.text)
    .text                                    0x08000398   Section        0  ddiv.o(.text)
    .text                                    0x08000476   Section        0  fflti.o(.text)
    .text                                    0x08000488   Section        0  ffltui.o(.text)
    .text                                    0x08000492   Section        0  dflti.o(.text)
    .text                                    0x080004b4   Section        0  ffixi.o(.text)
    .text                                    0x080004e6   Section        0  ffixui.o(.text)
    .text                                    0x0800050e   Section        0  f2d.o(.text)
    .text                                    0x08000534   Section        0  d2f.o(.text)
    .text                                    0x0800056c   Section       20  cfcmple.o(.text)
    .text                                    0x08000580   Section       20  cfrcmple.o(.text)
    .text                                    0x08000594   Section        0  fepilogue.o(.text)
    .text                                    0x08000594   Section        0  iusefp.o(.text)
    .text                                    0x08000602   Section        0  depilogue.o(.text)
    .text                                    0x080006bc   Section       36  init.o(.text)
    .text                                    0x080006e0   Section        0  llshl.o(.text)
    .text                                    0x080006fe   Section        0  llushr.o(.text)
    i.ADC_Cmd                                0x0800071e   Section        0  stm32f10x_adc.o(i.ADC_Cmd)
    i.ADC_Configuration                      0x08000734   Section        0  ad.o(i.ADC_Configuration)
    i.ADC_DMACmd                             0x08000844   Section        0  stm32f10x_adc.o(i.ADC_DMACmd)
    i.ADC_Filter                             0x0800085c   Section        0  ad.o(i.ADC_Filter)
    i.ADC_GetCalibrationStatus               0x0800087c   Section        0  stm32f10x_adc.o(i.ADC_GetCalibrationStatus)
    i.ADC_GetResetCalibrationStatus          0x08000890   Section        0  stm32f10x_adc.o(i.ADC_GetResetCalibrationStatus)
    i.ADC_Init                               0x080008a4   Section        0  stm32f10x_adc.o(i.ADC_Init)
    i.ADC_RegularChannelConfig               0x080008f4   Section        0  stm32f10x_adc.o(i.ADC_RegularChannelConfig)
    i.ADC_ResetCalibration                   0x080009ac   Section        0  stm32f10x_adc.o(i.ADC_ResetCalibration)
    i.ADC_SoftwareStartConvCmd               0x080009b6   Section        0  stm32f10x_adc.o(i.ADC_SoftwareStartConvCmd)
    i.ADC_StartCalibration                   0x080009cc   Section        0  stm32f10x_adc.o(i.ADC_StartCalibration)
    i.AD_Power                               0x080009d8   Section        0  ad.o(i.AD_Power)
    i.ANO_DT_Data_Exchange                   0x08000a24   Section        0  debug.o(i.ANO_DT_Data_Exchange)
    i.ANO_DT_Data_Receive_Anl                0x08000d04   Section        0  debug.o(i.ANO_DT_Data_Receive_Anl)
    i.ANO_DT_Data_Receive_Prepare            0x080010dc   Section        0  debug.o(i.ANO_DT_Data_Receive_Prepare)
    i.ANO_DT_Send_Check                      0x080011c4   Section        0  debug.o(i.ANO_DT_Send_Check)
    ANO_DT_Send_Check                        0x080011c5   Thumb Code    66  debug.o(i.ANO_DT_Send_Check)
    i.ANO_DT_Send_Data                       0x0800120c   Section        0  debug.o(i.ANO_DT_Send_Data)
    i.ANO_DT_Send_MotoPWM                    0x08001224   Section        0  debug.o(i.ANO_DT_Send_MotoPWM)
    i.ANO_DT_Send_PID                        0x08001350   Section        0  debug.o(i.ANO_DT_Send_PID)
    i.ANO_DT_Send_Power                      0x08001550   Section        0  debug.o(i.ANO_DT_Send_Power)
    i.ANO_DT_Send_RCData                     0x080015e4   Section        0  debug.o(i.ANO_DT_Send_RCData)
    i.ANO_DT_Send_Senser                     0x08001748   Section        0  debug.o(i.ANO_DT_Send_Senser)
    i.ANO_DT_Send_Status                     0x080018c4   Section        0  debug.o(i.ANO_DT_Send_Status)
    i.ANO_DT_Send_Version                    0x08001a04   Section        0  debug.o(i.ANO_DT_Send_Version)
    i.BusFault_Handler                       0x08001acc   Section        0  stm32f10x_it.o(i.BusFault_Handler)
    i.CAN_ClearITPendingBit                  0x08001ad0   Section        0  stm32f10x_can.o(i.CAN_ClearITPendingBit)
    i.CAN_Configuration                      0x08001b78   Section        0  can.o(i.CAN_Configuration)
    i.CAN_DeInit                             0x08001cac   Section        0  stm32f10x_can.o(i.CAN_DeInit)
    i.CAN_FilterInit                         0x08001ce4   Section        0  stm32f10x_can.o(i.CAN_FilterInit)
    i.CAN_GetITStatus                        0x08001dec   Section        0  stm32f10x_can.o(i.CAN_GetITStatus)
    i.CAN_ITConfig                           0x08001f0c   Section        0  stm32f10x_can.o(i.CAN_ITConfig)
    i.CAN_Init                               0x08001f1e   Section        0  stm32f10x_can.o(i.CAN_Init)
    i.CAN_Receive                            0x08002032   Section        0  stm32f10x_can.o(i.CAN_Receive)
    i.CAN_Transmit                           0x08002122   Section        0  stm32f10x_can.o(i.CAN_Transmit)
    i.CheckITStatus                          0x08002248   Section        0  stm32f10x_can.o(i.CheckITStatus)
    CheckITStatus                            0x08002249   Thumb Code    18  stm32f10x_can.o(i.CheckITStatus)
    i.DMA1_Channel5_IRQHandler               0x0800225a   Section        0  uart.o(i.DMA1_Channel5_IRQHandler)
    i.DMA_ClearFlag                          0x08002278   Section        0  stm32f10x_dma.o(i.DMA_ClearFlag)
    i.DMA_ClearITPendingBit                  0x08002294   Section        0  stm32f10x_dma.o(i.DMA_ClearITPendingBit)
    i.DMA_Cmd                                0x080022b0   Section        0  stm32f10x_dma.o(i.DMA_Cmd)
    i.DMA_DeInit                             0x080022c8   Section        0  stm32f10x_dma.o(i.DMA_DeInit)
    i.DMA_GetCurrDataCounter                 0x08002414   Section        0  stm32f10x_dma.o(i.DMA_GetCurrDataCounter)
    i.DMA_GetITStatus                        0x0800241c   Section        0  stm32f10x_dma.o(i.DMA_GetITStatus)
    i.DMA_ITConfig                           0x08002448   Section        0  stm32f10x_dma.o(i.DMA_ITConfig)
    i.DMA_Init                               0x0800245a   Section        0  stm32f10x_dma.o(i.DMA_Init)
    i.DMA_SetCurrDataCounter                 0x08002496   Section        0  stm32f10x_dma.o(i.DMA_SetCurrDataCounter)
    i.DebugMon_Handler                       0x0800249a   Section        0  stm32f10x_it.o(i.DebugMon_Handler)
    i.EE_FindValidPage                       0x0800249c   Section        0  flash.o(i.EE_FindValidPage)
    EE_FindValidPage                         0x0800249d   Thumb Code    80  flash.o(i.EE_FindValidPage)
    i.EE_Format                              0x080024f4   Section        0  flash.o(i.EE_Format)
    EE_Format                                0x080024f5   Thumb Code    50  flash.o(i.EE_Format)
    i.EE_INIT                                0x08002530   Section        0  bsp.o(i.EE_INIT)
    i.EE_Init                                0x08002538   Section        0  flash.o(i.EE_Init)
    i.EE_PageTransfer                        0x08002548   Section        0  flash.o(i.EE_PageTransfer)
    EE_PageTransfer                          0x08002549   Thumb Code   228  flash.o(i.EE_PageTransfer)
    i.EE_READ_PID                            0x0800263c   Section        0  bsp.o(i.EE_READ_PID)
    i.EE_ReadVariable                        0x080027e4   Section        0  flash.o(i.EE_ReadVariable)
    i.EE_SAVE_PID                            0x08002844   Section        0  bsp.o(i.EE_SAVE_PID)
    i.EE_VerifyPageFullWriteVariable         0x08002998   Section        0  flash.o(i.EE_VerifyPageFullWriteVariable)
    EE_VerifyPageFullWriteVariable           0x08002999   Thumb Code   122  flash.o(i.EE_VerifyPageFullWriteVariable)
    i.EE_WriteVariable                       0x08002a20   Section        0  flash.o(i.EE_WriteVariable)
    i.EXTI15_10_IRQHandler                   0x08002a44   Section        0  key.o(i.EXTI15_10_IRQHandler)
    i.EXTI_ClearITPendingBit                 0x08002a5c   Section        0  stm32f10x_exti.o(i.EXTI_ClearITPendingBit)
    i.EXTI_GetITStatus                       0x08002a68   Section        0  stm32f10x_exti.o(i.EXTI_GetITStatus)
    i.Encoder_Configuration                  0x08002a90   Section        0  encoder.o(i.Encoder_Configuration)
    i.Encoder_Get_CNT                        0x08002ae8   Section        0  encoder.o(i.Encoder_Get_CNT)
    i.Encoder_Start                          0x08002b04   Section        0  encoder.o(i.Encoder_Start)
    i.FLASH_ErasePage                        0x08002b14   Section        0  stm32f10x_flash.o(i.FLASH_ErasePage)
    i.FLASH_GetBank1Status                   0x08002b60   Section        0  stm32f10x_flash.o(i.FLASH_GetBank1Status)
    i.FLASH_ProgramHalfWord                  0x08002b94   Section        0  stm32f10x_flash.o(i.FLASH_ProgramHalfWord)
    i.FLASH_Unlock                           0x08002bd4   Section        0  stm32f10x_flash.o(i.FLASH_Unlock)
    i.FLASH_WaitForLastOperation             0x08002bec   Section        0  stm32f10x_flash.o(i.FLASH_WaitForLastOperation)
    i.GPIO_Init                              0x08002c12   Section        0  stm32f10x_gpio.o(i.GPIO_Init)
    i.GPIO_PinRemapConfig                    0x08002d28   Section        0  stm32f10x_gpio.o(i.GPIO_PinRemapConfig)
    i.GPIO_ResetBits                         0x08002db8   Section        0  stm32f10x_gpio.o(i.GPIO_ResetBits)
    i.GPIO_SetBits                           0x08002dbc   Section        0  stm32f10x_gpio.o(i.GPIO_SetBits)
    i.HardFault_Handler                      0x08002dc0   Section        0  stm32f10x_it.o(i.HardFault_Handler)
    i.InitCurrWrAddress                      0x08002dc4   Section        0  flash.o(i.InitCurrWrAddress)
    i.LED_Configuration                      0x08002e28   Section        0  led.o(i.LED_Configuration)
    i.MemManage_Handler                      0x08002e64   Section        0  stm32f10x_it.o(i.MemManage_Handler)
    i.Moto_Init                              0x08002e68   Section        0  pwm.o(i.Moto_Init)
    i.MotorSpeedOut                          0x08002e74   Section        0  pwm.o(i.MotorSpeedOut)
    i.NMI_Handler                            0x08002ed0   Section        0  stm32f10x_it.o(i.NMI_Handler)
    i.NVIC_Init                              0x08002ed4   Section        0  misc.o(i.NVIC_Init)
    i.NVIC_PriorityGroupConfig               0x08002f44   Section        0  misc.o(i.NVIC_PriorityGroupConfig)
    i.PID_Calculate                          0x08002f58   Section        0  control.o(i.PID_Calculate)
    i.PID_P_Init                             0x0800300c   Section        0  control.o(i.PID_P_Init)
    i.PID_Position_Init                      0x08003044   Section        0  control.o(i.PID_Position_Init)
    i.PID_V_Init                             0x0800307c   Section        0  control.o(i.PID_V_Init)
    i.PWM_Configuration                      0x080030ac   Section        0  pwm.o(i.PWM_Configuration)
    i.PWM_GPIO_Config                        0x08003120   Section        0  pwm.o(i.PWM_GPIO_Config)
    i.PendSV_Handler                         0x0800316c   Section        0  stm32f10x_it.o(i.PendSV_Handler)
    i.RCC_ADCCLKConfig                       0x08003170   Section        0  stm32f10x_rcc.o(i.RCC_ADCCLKConfig)
    i.RCC_AHBPeriphClockCmd                  0x08003188   Section        0  stm32f10x_rcc.o(i.RCC_AHBPeriphClockCmd)
    i.RCC_APB1PeriphClockCmd                 0x080031a8   Section        0  stm32f10x_rcc.o(i.RCC_APB1PeriphClockCmd)
    i.RCC_APB1PeriphResetCmd                 0x080031c8   Section        0  stm32f10x_rcc.o(i.RCC_APB1PeriphResetCmd)
    i.RCC_APB2PeriphClockCmd                 0x080031e8   Section        0  stm32f10x_rcc.o(i.RCC_APB2PeriphClockCmd)
    i.RCC_APB2PeriphResetCmd                 0x08003208   Section        0  stm32f10x_rcc.o(i.RCC_APB2PeriphResetCmd)
    i.RCC_GetClocksFreq                      0x08003228   Section        0  stm32f10x_rcc.o(i.RCC_GetClocksFreq)
    i.SVC_Handler                            0x080032fc   Section        0  stm32f10x_it.o(i.SVC_Handler)
    i.SetMotorVoltage                        0x08003300   Section        0  pwm.o(i.SetMotorVoltage)
    i.SetSysClock                            0x08003354   Section        0  system_stm32f10x.o(i.SetSysClock)
    SetSysClock                              0x08003355   Thumb Code     8  system_stm32f10x.o(i.SetSysClock)
    i.SetSysClockTo72                        0x0800335c   Section        0  system_stm32f10x.o(i.SetSysClockTo72)
    SetSysClockTo72                          0x0800335d   Thumb Code   214  system_stm32f10x.o(i.SetSysClockTo72)
    i.SysTick_Handler                        0x0800343c   Section        0  stm32f10x_it.o(i.SysTick_Handler)
    i.SystemInit                             0x080034dc   Section        0  system_stm32f10x.o(i.SystemInit)
    i.TIM3_IRQHandler                        0x0800353c   Section        0  encoder.o(i.TIM3_IRQHandler)
    i.TIM4_IRQHandler                        0x08003558   Section        0  tim2.o(i.TIM4_IRQHandler)
    i.TIM4_Init                              0x080036e4   Section        0  tim2.o(i.TIM4_Init)
    i.TIM_ClearFlag                          0x08003760   Section        0  stm32f10x_tim.o(i.TIM_ClearFlag)
    i.TIM_ClearITPendingBit                  0x08003766   Section        0  stm32f10x_tim.o(i.TIM_ClearITPendingBit)
    i.TIM_Cmd                                0x0800376c   Section        0  stm32f10x_tim.o(i.TIM_Cmd)
    i.TIM_CtrlPWMOutputs                     0x08003784   Section        0  stm32f10x_tim.o(i.TIM_CtrlPWMOutputs)
    i.TIM_DeInit                             0x080037a4   Section        0  stm32f10x_tim.o(i.TIM_DeInit)
    i.TIM_EncoderInterfaceConfig             0x0800398c   Section        0  stm32f10x_tim.o(i.TIM_EncoderInterfaceConfig)
    i.TIM_GetITStatus                        0x080039ce   Section        0  stm32f10x_tim.o(i.TIM_GetITStatus)
    i.TIM_ITConfig                           0x080039f0   Section        0  stm32f10x_tim.o(i.TIM_ITConfig)
    i.TIM_OC3Init                            0x08003a04   Section        0  stm32f10x_tim.o(i.TIM_OC3Init)
    i.TIM_OC4Init                            0x08003aa4   Section        0  stm32f10x_tim.o(i.TIM_OC4Init)
    i.TIM_TimeBaseInit                       0x08003b20   Section        0  stm32f10x_tim.o(i.TIM_TimeBaseInit)
    i.USART1_Configuration                   0x08003bc4   Section        0  uart.o(i.USART1_Configuration)
    i.USART1_IRQHandler                      0x08003d04   Section        0  uart.o(i.USART1_IRQHandler)
    i.USART1_Send_Date                       0x08003d74   Section        0  uart.o(i.USART1_Send_Date)
    i.USART_Cmd                              0x08003da8   Section        0  stm32f10x_usart.o(i.USART_Cmd)
    i.USART_DMACmd                           0x08003dc0   Section        0  stm32f10x_usart.o(i.USART_DMACmd)
    i.USART_DeInit                           0x08003dd4   Section        0  stm32f10x_usart.o(i.USART_DeInit)
    i.USART_GetFlagStatus                    0x08003e70   Section        0  stm32f10x_usart.o(i.USART_GetFlagStatus)
    i.USART_GetITStatus                      0x08003e8a   Section        0  stm32f10x_usart.o(i.USART_GetITStatus)
    i.USART_ITConfig                         0x08003ede   Section        0  stm32f10x_usart.o(i.USART_ITConfig)
    i.USART_Init                             0x08003f28   Section        0  stm32f10x_usart.o(i.USART_Init)
    i.USART_SendData                         0x08004000   Section        0  stm32f10x_usart.o(i.USART_SendData)
    i.USB_HP_CAN1_TX_IRQHandler              0x08004008   Section        0  can.o(i.USB_HP_CAN1_TX_IRQHandler)
    i.USB_LP_CAN1_RX0_IRQHandler             0x0800402c   Section        0  can.o(i.USB_LP_CAN1_RX0_IRQHandler)
    i.UsageFault_Handler                     0x080043f4   Section        0  stm32f10x_it.o(i.UsageFault_Handler)
    i.__EE_Init                              0x080043f8   Section        0  flash.o(i.__EE_Init)
    i.__scatterload_copy                     0x080045f0   Section       14  handlers.o(i.__scatterload_copy)
    i.__scatterload_null                     0x080045fe   Section        2  handlers.o(i.__scatterload_null)
    i.__scatterload_zeroinit                 0x08004600   Section       14  handlers.o(i.__scatterload_zeroinit)
    i.calibrate_IMU                          0x08004610   Section        0  debug.o(i.calibrate_IMU)
    i.delay_ms                               0x08004654   Section        0  delay.o(i.delay_ms)
    i.main                                   0x08004670   Section        0  main.o(i.main)
    i.pid_init_struct                        0x080047d4   Section        0  control.o(i.pid_init_struct)
    i.send_position                          0x080047f8   Section        0  can.o(i.send_position)
    .data                                    0x20000000   Section       20  system_stm32f10x.o(.data)
    .data                                    0x20000014   Section       20  stm32f10x_rcc.o(.data)
    APBAHBPrescTable                         0x20000014   Data          16  stm32f10x_rcc.o(.data)
    ADCPrescTable                            0x20000024   Data           4  stm32f10x_rcc.o(.data)
    .data                                    0x20000028   Section       18  can.o(.data)
    Mode_Chioce_flage                        0x2000002b   Data           1  can.o(.data)
    Value_H                                  0x2000002c   Data           2  can.o(.data)
    Value_L                                  0x2000002e   Data           2  can.o(.data)
    Value                                    0x20000030   Data           2  can.o(.data)
    Value_HH                                 0x20000032   Data           2  can.o(.data)
    Value_HL                                 0x20000034   Data           2  can.o(.data)
    Value_LH                                 0x20000036   Data           2  can.o(.data)
    Value_LL                                 0x20000038   Data           2  can.o(.data)
    .data                                    0x2000003c   Section        8  flash.o(.data)
    .data                                    0x20000044   Section       11  debug.o(.data)
    cnt                                      0x20000047   Data           1  debug.o(.data)
    senser_cnt                               0x20000048   Data           1  debug.o(.data)
    status_cnt                               0x20000049   Data           1  debug.o(.data)
    rcdata_cnt                               0x2000004a   Data           1  debug.o(.data)
    motopwm_cnt                              0x2000004b   Data           1  debug.o(.data)
    _data_len                                0x2000004c   Data           1  debug.o(.data)
    _data_cnt                                0x2000004d   Data           1  debug.o(.data)
    state                                    0x2000004e   Data           1  debug.o(.data)
    .data                                    0x20000050   Section       24  tim2.o(.data)
    k                                        0x20000050   Data           1  tim2.o(.data)
    i                                        0x20000051   Data           1  tim2.o(.data)
    out_pwm                                  0x20000054   Data           4  tim2.o(.data)
    AD_out                                   0x20000058   Data           4  tim2.o(.data)
    AD_out_new                               0x2000005c   Data           4  tim2.o(.data)
    AD_out_old                               0x20000060   Data           4  tim2.o(.data)
    Speed_out                                0x20000064   Data           4  tim2.o(.data)
    .data                                    0x20000068   Section      116  bsp.o(.data)
    .data                                    0x200000dc   Section        1  main.o(.data)
    i                                        0x200000dc   Data           1  main.o(.data)
    .data                                    0x200000de   Section        8  stm32f10x_it.o(.data)
    .bss                                     0x200000e8   Section       56  can.o(.bss)
    .bss                                     0x20000120   Section       32  ad.o(.bss)
    .bss                                     0x20000140   Section      262  debug.o(.bss)
    RxBuffer                                 0x20000214   Data          50  debug.o(.bss)
    .bss                                     0x20000248   Section      424  control.o(.bss)
    .bss                                     0x200003f0   Section      128  uart.o(.bss)
    STACK                                    0x20000470   Section     1024  startup_stm32f10x_md.o(STACK)

    Global Symbols

    Symbol Name                              Value     Ov Type        Size  Object(Section)

    BuildAttributes$$THM_ISAv4$P$D$K$B$S$PE$A:L22UL41UL21$X:L11$S22US41US21$IEEE1$IW$USESV6$~STKCKD$USESV7$~SHL$OTIME$ROPI$EBA8$MICROLIB$REQ8$PRES8$EABIv2 0x00000000   Number         0  anon$$obj.o ABSOLUTE
    __ARM_use_no_argv                        0x00000000   Number         0  main.o ABSOLUTE
    __cpp_initialize__aeabi_                  - Undefined Weak Reference
    __cxa_finalize                            - Undefined Weak Reference
    __decompress                              - Undefined Weak Reference
    _clock_init                               - Undefined Weak Reference
    _microlib_exit                            - Undefined Weak Reference
    __Vectors_Size                           0x000000ec   Number         0  startup_stm32f10x_md.o ABSOLUTE
    __Vectors                                0x08000000   Data           4  startup_stm32f10x_md.o(RESET)
    __Vectors_End                            0x080000ec   Data           0  startup_stm32f10x_md.o(RESET)
    __main                                   0x080000ed   Thumb Code     0  entry.o(.ARM.Collect$$$$00000000)
    _main_stk                                0x080000ed   Thumb Code     0  entry2.o(.ARM.Collect$$$$00000001)
    _main_scatterload                        0x080000f1   Thumb Code     0  entry5.o(.ARM.Collect$$$$00000004)
    __main_after_scatterload                 0x080000f5   Thumb Code     0  entry5.o(.ARM.Collect$$$$00000004)
    _main_clock                              0x080000f5   Thumb Code     0  entry7b.o(.ARM.Collect$$$$00000008)
    _main_cpp_init                           0x080000f5   Thumb Code     0  entry8b.o(.ARM.Collect$$$$0000000A)
    _main_init                               0x080000f5   Thumb Code     0  entry9a.o(.ARM.Collect$$$$0000000B)
    __rt_final_cpp                           0x080000fd   Thumb Code     0  entry10a.o(.ARM.Collect$$$$0000000D)
    __rt_final_exit                          0x080000fd   Thumb Code     0  entry11a.o(.ARM.Collect$$$$0000000F)
    Reset_Handler                            0x08000101   Thumb Code     8  startup_stm32f10x_md.o(.text)
    ADC1_2_IRQHandler                        0x0800011b   Thumb Code     0  startup_stm32f10x_md.o(.text)
    CAN1_RX1_IRQHandler                      0x0800011b   Thumb Code     0  startup_stm32f10x_md.o(.text)
    CAN1_SCE_IRQHandler                      0x0800011b   Thumb Code     0  startup_stm32f10x_md.o(.text)
    DMA1_Channel1_IRQHandler                 0x0800011b   Thumb Code     0  startup_stm32f10x_md.o(.text)
    DMA1_Channel2_IRQHandler                 0x0800011b   Thumb Code     0  startup_stm32f10x_md.o(.text)
    DMA1_Channel3_IRQHandler                 0x0800011b   Thumb Code     0  startup_stm32f10x_md.o(.text)
    DMA1_Channel4_IRQHandler                 0x0800011b   Thumb Code     0  startup_stm32f10x_md.o(.text)
    DMA1_Channel6_IRQHandler                 0x0800011b   Thumb Code     0  startup_stm32f10x_md.o(.text)
    DMA1_Channel7_IRQHandler                 0x0800011b   Thumb Code     0  startup_stm32f10x_md.o(.text)
    EXTI0_IRQHandler                         0x0800011b   Thumb Code     0  startup_stm32f10x_md.o(.text)
    EXTI1_IRQHandler                         0x0800011b   Thumb Code     0  startup_stm32f10x_md.o(.text)
    EXTI2_IRQHandler                         0x0800011b   Thumb Code     0  startup_stm32f10x_md.o(.text)
    EXTI3_IRQHandler                         0x0800011b   Thumb Code     0  startup_stm32f10x_md.o(.text)
    EXTI4_IRQHandler                         0x0800011b   Thumb Code     0  startup_stm32f10x_md.o(.text)
    EXTI9_5_IRQHandler                       0x0800011b   Thumb Code     0  startup_stm32f10x_md.o(.text)
    FLASH_IRQHandler                         0x0800011b   Thumb Code     0  startup_stm32f10x_md.o(.text)
    I2C1_ER_IRQHandler                       0x0800011b   Thumb Code     0  startup_stm32f10x_md.o(.text)
    I2C1_EV_IRQHandler                       0x0800011b   Thumb Code     0  startup_stm32f10x_md.o(.text)
    I2C2_ER_IRQHandler                       0x0800011b   Thumb Code     0  startup_stm32f10x_md.o(.text)
    I2C2_EV_IRQHandler                       0x0800011b   Thumb Code     0  startup_stm32f10x_md.o(.text)
    PVD_IRQHandler                           0x0800011b   Thumb Code     0  startup_stm32f10x_md.o(.text)
    RCC_IRQHandler                           0x0800011b   Thumb Code     0  startup_stm32f10x_md.o(.text)
    RTCAlarm_IRQHandler                      0x0800011b   Thumb Code     0  startup_stm32f10x_md.o(.text)
    RTC_IRQHandler                           0x0800011b   Thumb Code     0  startup_stm32f10x_md.o(.text)
    SPI1_IRQHandler                          0x0800011b   Thumb Code     0  startup_stm32f10x_md.o(.text)
    SPI2_IRQHandler                          0x0800011b   Thumb Code     0  startup_stm32f10x_md.o(.text)
    TAMPER_IRQHandler                        0x0800011b   Thumb Code     0  startup_stm32f10x_md.o(.text)
    TIM1_BRK_IRQHandler                      0x0800011b   Thumb Code     0  startup_stm32f10x_md.o(.text)
    TIM1_CC_IRQHandler                       0x0800011b   Thumb Code     0  startup_stm32f10x_md.o(.text)
    TIM1_TRG_COM_IRQHandler                  0x0800011b   Thumb Code     0  startup_stm32f10x_md.o(.text)
    TIM1_UP_IRQHandler                       0x0800011b   Thumb Code     0  startup_stm32f10x_md.o(.text)
    TIM2_IRQHandler                          0x0800011b   Thumb Code     0  startup_stm32f10x_md.o(.text)
    USART2_IRQHandler                        0x0800011b   Thumb Code     0  startup_stm32f10x_md.o(.text)
    USART3_IRQHandler                        0x0800011b   Thumb Code     0  startup_stm32f10x_md.o(.text)
    USBWakeUp_IRQHandler                     0x0800011b   Thumb Code     0  startup_stm32f10x_md.o(.text)
    WWDG_IRQHandler                          0x0800011b   Thumb Code     0  startup_stm32f10x_md.o(.text)
    __aeabi_fadd                             0x08000125   Thumb Code   164  fadd.o(.text)
    __aeabi_fsub                             0x080001c9   Thumb Code     6  fadd.o(.text)
    __aeabi_frsub                            0x080001cf   Thumb Code     6  fadd.o(.text)
    __aeabi_fmul                             0x080001d5   Thumb Code   100  fmul.o(.text)
    __aeabi_fdiv                             0x08000239   Thumb Code   124  fdiv.o(.text)
    __aeabi_dmul                             0x080002b5   Thumb Code   228  dmul.o(.text)
    __aeabi_ddiv                             0x08000399   Thumb Code   222  ddiv.o(.text)
    __aeabi_i2f                              0x08000477   Thumb Code    18  fflti.o(.text)
    __aeabi_ui2f                             0x08000489   Thumb Code    10  ffltui.o(.text)
    __aeabi_i2d                              0x08000493   Thumb Code    34  dflti.o(.text)
    __aeabi_f2iz                             0x080004b5   Thumb Code    50  ffixi.o(.text)
    __aeabi_f2uiz                            0x080004e7   Thumb Code    40  ffixui.o(.text)
    __aeabi_f2d                              0x0800050f   Thumb Code    38  f2d.o(.text)
    __aeabi_d2f                              0x08000535   Thumb Code    56  d2f.o(.text)
    __aeabi_cfcmpeq                          0x0800056d   Thumb Code     0  cfcmple.o(.text)
    __aeabi_cfcmple                          0x0800056d   Thumb Code    20  cfcmple.o(.text)
    __aeabi_cfrcmple                         0x08000581   Thumb Code    20  cfrcmple.o(.text)
    __I$use$fp                               0x08000595   Thumb Code     0  iusefp.o(.text)
    _float_round                             0x08000595   Thumb Code    18  fepilogue.o(.text)
    _float_epilogue                          0x080005a7   Thumb Code    92  fepilogue.o(.text)
    _double_round                            0x08000603   Thumb Code    30  depilogue.o(.text)
    _double_epilogue                         0x08000621   Thumb Code   156  depilogue.o(.text)
    __scatterload                            0x080006bd   Thumb Code    28  init.o(.text)
    __scatterload_rt2                        0x080006bd   Thumb Code     0  init.o(.text)
    __aeabi_llsl                             0x080006e1   Thumb Code    30  llshl.o(.text)
    _ll_shift_l                              0x080006e1   Thumb Code     0  llshl.o(.text)
    __aeabi_llsr                             0x080006ff   Thumb Code    32  llushr.o(.text)
    _ll_ushift_r                             0x080006ff   Thumb Code     0  llushr.o(.text)
    ADC_Cmd                                  0x0800071f   Thumb Code    22  stm32f10x_adc.o(i.ADC_Cmd)
    ADC_Configuration                        0x08000735   Thumb Code   254  ad.o(i.ADC_Configuration)
    ADC_DMACmd                               0x08000845   Thumb Code    22  stm32f10x_adc.o(i.ADC_DMACmd)
    ADC_Filter                               0x0800085d   Thumb Code    26  ad.o(i.ADC_Filter)
    ADC_GetCalibrationStatus                 0x0800087d   Thumb Code    20  stm32f10x_adc.o(i.ADC_GetCalibrationStatus)
    ADC_GetResetCalibrationStatus            0x08000891   Thumb Code    20  stm32f10x_adc.o(i.ADC_GetResetCalibrationStatus)
    ADC_Init                                 0x080008a5   Thumb Code    70  stm32f10x_adc.o(i.ADC_Init)
    ADC_RegularChannelConfig                 0x080008f5   Thumb Code   184  stm32f10x_adc.o(i.ADC_RegularChannelConfig)
    ADC_ResetCalibration                     0x080009ad   Thumb Code    10  stm32f10x_adc.o(i.ADC_ResetCalibration)
    ADC_SoftwareStartConvCmd                 0x080009b7   Thumb Code    22  stm32f10x_adc.o(i.ADC_SoftwareStartConvCmd)
    ADC_StartCalibration                     0x080009cd   Thumb Code    10  stm32f10x_adc.o(i.ADC_StartCalibration)
    AD_Power                                 0x080009d9   Thumb Code    64  ad.o(i.AD_Power)
    ANO_DT_Data_Exchange                     0x08000a25   Thumb Code   658  debug.o(i.ANO_DT_Data_Exchange)
    ANO_DT_Data_Receive_Anl                  0x08000d05   Thumb Code   936  debug.o(i.ANO_DT_Data_Receive_Anl)
    ANO_DT_Data_Receive_Prepare              0x080010dd   Thumb Code   216  debug.o(i.ANO_DT_Data_Receive_Prepare)
    ANO_DT_Send_Data                         0x0800120d   Thumb Code    18  debug.o(i.ANO_DT_Send_Data)
    ANO_DT_Send_MotoPWM                      0x08001225   Thumb Code   294  debug.o(i.ANO_DT_Send_MotoPWM)
    ANO_DT_Send_PID                          0x08001351   Thumb Code   504  debug.o(i.ANO_DT_Send_PID)
    ANO_DT_Send_Power                        0x08001551   Thumb Code   142  debug.o(i.ANO_DT_Send_Power)
    ANO_DT_Send_RCData                       0x080015e5   Thumb Code   350  debug.o(i.ANO_DT_Send_RCData)
    ANO_DT_Send_Senser                       0x08001749   Thumb Code   374  debug.o(i.ANO_DT_Send_Senser)
    ANO_DT_Send_Status                       0x080018c5   Thumb Code   312  debug.o(i.ANO_DT_Send_Status)
    ANO_DT_Send_Version                      0x08001a05   Thumb Code   196  debug.o(i.ANO_DT_Send_Version)
    BusFault_Handler                         0x08001acd   Thumb Code     4  stm32f10x_it.o(i.BusFault_Handler)
    CAN_ClearITPendingBit                    0x08001ad1   Thumb Code   162  stm32f10x_can.o(i.CAN_ClearITPendingBit)
    CAN_Configuration                        0x08001b79   Thumb Code   300  can.o(i.CAN_Configuration)
    CAN_DeInit                               0x08001cad   Thumb Code    50  stm32f10x_can.o(i.CAN_DeInit)
    CAN_FilterInit                           0x08001ce5   Thumb Code   258  stm32f10x_can.o(i.CAN_FilterInit)
    CAN_GetITStatus                          0x08001ded   Thumb Code   284  stm32f10x_can.o(i.CAN_GetITStatus)
    CAN_ITConfig                             0x08001f0d   Thumb Code    18  stm32f10x_can.o(i.CAN_ITConfig)
    CAN_Init                                 0x08001f1f   Thumb Code   276  stm32f10x_can.o(i.CAN_Init)
    CAN_Receive                              0x08002033   Thumb Code   240  stm32f10x_can.o(i.CAN_Receive)
    CAN_Transmit                             0x08002123   Thumb Code   294  stm32f10x_can.o(i.CAN_Transmit)
    DMA1_Channel5_IRQHandler                 0x0800225b   Thumb Code    30  uart.o(i.DMA1_Channel5_IRQHandler)
    DMA_ClearFlag                            0x08002279   Thumb Code    18  stm32f10x_dma.o(i.DMA_ClearFlag)
    DMA_ClearITPendingBit                    0x08002295   Thumb Code    18  stm32f10x_dma.o(i.DMA_ClearITPendingBit)
    DMA_Cmd                                  0x080022b1   Thumb Code    24  stm32f10x_dma.o(i.DMA_Cmd)
    DMA_DeInit                               0x080022c9   Thumb Code   324  stm32f10x_dma.o(i.DMA_DeInit)
    DMA_GetCurrDataCounter                   0x08002415   Thumb Code     8  stm32f10x_dma.o(i.DMA_GetCurrDataCounter)
    DMA_GetITStatus                          0x0800241d   Thumb Code    36  stm32f10x_dma.o(i.DMA_GetITStatus)
    DMA_ITConfig                             0x08002449   Thumb Code    18  stm32f10x_dma.o(i.DMA_ITConfig)
    DMA_Init                                 0x0800245b   Thumb Code    60  stm32f10x_dma.o(i.DMA_Init)
    DMA_SetCurrDataCounter                   0x08002497   Thumb Code     4  stm32f10x_dma.o(i.DMA_SetCurrDataCounter)
    DebugMon_Handler                         0x0800249b   Thumb Code     2  stm32f10x_it.o(i.DebugMon_Handler)
    EE_INIT                                  0x08002531   Thumb Code     8  bsp.o(i.EE_INIT)
    EE_Init                                  0x08002539   Thumb Code    16  flash.o(i.EE_Init)
    EE_READ_PID                              0x0800263d   Thumb Code   396  bsp.o(i.EE_READ_PID)
    EE_ReadVariable                          0x080027e5   Thumb Code    88  flash.o(i.EE_ReadVariable)
    EE_SAVE_PID                              0x08002845   Thumb Code   316  bsp.o(i.EE_SAVE_PID)
    EE_WriteVariable                         0x08002a21   Thumb Code    36  flash.o(i.EE_WriteVariable)
    EXTI15_10_IRQHandler                     0x08002a45   Thumb Code    22  key.o(i.EXTI15_10_IRQHandler)
    EXTI_ClearITPendingBit                   0x08002a5d   Thumb Code     6  stm32f10x_exti.o(i.EXTI_ClearITPendingBit)
    EXTI_GetITStatus                         0x08002a69   Thumb Code    34  stm32f10x_exti.o(i.EXTI_GetITStatus)
    Encoder_Configuration                    0x08002a91   Thumb Code    74  encoder.o(i.Encoder_Configuration)
    Encoder_Get_CNT                          0x08002ae9   Thumb Code    22  encoder.o(i.Encoder_Get_CNT)
    Encoder_Start                            0x08002b05   Thumb Code    10  encoder.o(i.Encoder_Start)
    FLASH_ErasePage                          0x08002b15   Thumb Code    72  stm32f10x_flash.o(i.FLASH_ErasePage)
    FLASH_GetBank1Status                     0x08002b61   Thumb Code    48  stm32f10x_flash.o(i.FLASH_GetBank1Status)
    FLASH_ProgramHalfWord                    0x08002b95   Thumb Code    60  stm32f10x_flash.o(i.FLASH_ProgramHalfWord)
    FLASH_Unlock                             0x08002bd5   Thumb Code    12  stm32f10x_flash.o(i.FLASH_Unlock)
    FLASH_WaitForLastOperation               0x08002bed   Thumb Code    38  stm32f10x_flash.o(i.FLASH_WaitForLastOperation)
    GPIO_Init                                0x08002c13   Thumb Code   278  stm32f10x_gpio.o(i.GPIO_Init)
    GPIO_PinRemapConfig                      0x08002d29   Thumb Code   138  stm32f10x_gpio.o(i.GPIO_PinRemapConfig)
    GPIO_ResetBits                           0x08002db9   Thumb Code     4  stm32f10x_gpio.o(i.GPIO_ResetBits)
    GPIO_SetBits                             0x08002dbd   Thumb Code     4  stm32f10x_gpio.o(i.GPIO_SetBits)
    HardFault_Handler                        0x08002dc1   Thumb Code     4  stm32f10x_it.o(i.HardFault_Handler)
    InitCurrWrAddress                        0x08002dc5   Thumb Code    92  flash.o(i.InitCurrWrAddress)
    LED_Configuration                        0x08002e29   Thumb Code    54  led.o(i.LED_Configuration)
    MemManage_Handler                        0x08002e65   Thumb Code     4  stm32f10x_it.o(i.MemManage_Handler)
    Moto_Init                                0x08002e69   Thumb Code    12  pwm.o(i.Moto_Init)
    MotorSpeedOut                            0x08002e75   Thumb Code    80  pwm.o(i.MotorSpeedOut)
    NMI_Handler                              0x08002ed1   Thumb Code     2  stm32f10x_it.o(i.NMI_Handler)
    NVIC_Init                                0x08002ed5   Thumb Code   100  misc.o(i.NVIC_Init)
    NVIC_PriorityGroupConfig                 0x08002f45   Thumb Code    10  misc.o(i.NVIC_PriorityGroupConfig)
    PID_Calculate                            0x08002f59   Thumb Code   180  control.o(i.PID_Calculate)
    PID_P_Init                               0x0800300d   Thumb Code    38  control.o(i.PID_P_Init)
    PID_Position_Init                        0x08003045   Thumb Code    38  control.o(i.PID_Position_Init)
    PID_V_Init                               0x0800307d   Thumb Code    38  control.o(i.PID_V_Init)
    PWM_Configuration                        0x080030ad   Thumb Code   116  pwm.o(i.PWM_Configuration)
    PWM_GPIO_Config                          0x08003121   Thumb Code    72  pwm.o(i.PWM_GPIO_Config)
    PendSV_Handler                           0x0800316d   Thumb Code     2  stm32f10x_it.o(i.PendSV_Handler)
    RCC_ADCCLKConfig                         0x08003171   Thumb Code    18  stm32f10x_rcc.o(i.RCC_ADCCLKConfig)
    RCC_AHBPeriphClockCmd                    0x08003189   Thumb Code    26  stm32f10x_rcc.o(i.RCC_AHBPeriphClockCmd)
    RCC_APB1PeriphClockCmd                   0x080031a9   Thumb Code    26  stm32f10x_rcc.o(i.RCC_APB1PeriphClockCmd)
    RCC_APB1PeriphResetCmd                   0x080031c9   Thumb Code    26  stm32f10x_rcc.o(i.RCC_APB1PeriphResetCmd)
    RCC_APB2PeriphClockCmd                   0x080031e9   Thumb Code    26  stm32f10x_rcc.o(i.RCC_APB2PeriphClockCmd)
    RCC_APB2PeriphResetCmd                   0x08003209   Thumb Code    26  stm32f10x_rcc.o(i.RCC_APB2PeriphResetCmd)
    RCC_GetClocksFreq                        0x08003229   Thumb Code   192  stm32f10x_rcc.o(i.RCC_GetClocksFreq)
    SVC_Handler                              0x080032fd   Thumb Code     2  stm32f10x_it.o(i.SVC_Handler)
    SetMotorVoltage                          0x08003301   Thumb Code    70  pwm.o(i.SetMotorVoltage)
    SysTick_Handler                          0x0800343d   Thumb Code   132  stm32f10x_it.o(i.SysTick_Handler)
    SystemInit                               0x080034dd   Thumb Code    78  system_stm32f10x.o(i.SystemInit)
    TIM3_IRQHandler                          0x0800353d   Thumb Code    22  encoder.o(i.TIM3_IRQHandler)
    TIM4_IRQHandler                          0x08003559   Thumb Code   340  tim2.o(i.TIM4_IRQHandler)
    TIM4_Init                                0x080036e5   Thumb Code   120  tim2.o(i.TIM4_Init)
    TIM_ClearFlag                            0x08003761   Thumb Code     6  stm32f10x_tim.o(i.TIM_ClearFlag)
    TIM_ClearITPendingBit                    0x08003767   Thumb Code     6  stm32f10x_tim.o(i.TIM_ClearITPendingBit)
    TIM_Cmd                                  0x0800376d   Thumb Code    24  stm32f10x_tim.o(i.TIM_Cmd)
    TIM_CtrlPWMOutputs                       0x08003785   Thumb Code    30  stm32f10x_tim.o(i.TIM_CtrlPWMOutputs)
    TIM_DeInit                               0x080037a5   Thumb Code   424  stm32f10x_tim.o(i.TIM_DeInit)
    TIM_EncoderInterfaceConfig               0x0800398d   Thumb Code    66  stm32f10x_tim.o(i.TIM_EncoderInterfaceConfig)
    TIM_GetITStatus                          0x080039cf   Thumb Code    34  stm32f10x_tim.o(i.TIM_GetITStatus)
    TIM_ITConfig                             0x080039f1   Thumb Code    18  stm32f10x_tim.o(i.TIM_ITConfig)
    TIM_OC3Init                              0x08003a05   Thumb Code   150  stm32f10x_tim.o(i.TIM_OC3Init)
    TIM_OC4Init                              0x08003aa5   Thumb Code   114  stm32f10x_tim.o(i.TIM_OC4Init)
    TIM_TimeBaseInit                         0x08003b21   Thumb Code   122  stm32f10x_tim.o(i.TIM_TimeBaseInit)
    USART1_Configuration                     0x08003bc5   Thumb Code   304  uart.o(i.USART1_Configuration)
    USART1_IRQHandler                        0x08003d05   Thumb Code    96  uart.o(i.USART1_IRQHandler)
    USART1_Send_Date                         0x08003d75   Thumb Code    52  uart.o(i.USART1_Send_Date)
    USART_Cmd                                0x08003da9   Thumb Code    24  stm32f10x_usart.o(i.USART_Cmd)
    USART_DMACmd                             0x08003dc1   Thumb Code    18  stm32f10x_usart.o(i.USART_DMACmd)
    USART_DeInit                             0x08003dd5   Thumb Code   134  stm32f10x_usart.o(i.USART_DeInit)
    USART_GetFlagStatus                      0x08003e71   Thumb Code    26  stm32f10x_usart.o(i.USART_GetFlagStatus)
    USART_GetITStatus                        0x08003e8b   Thumb Code    84  stm32f10x_usart.o(i.USART_GetITStatus)
    USART_ITConfig                           0x08003edf   Thumb Code    74  stm32f10x_usart.o(i.USART_ITConfig)
    USART_Init                               0x08003f29   Thumb Code   210  stm32f10x_usart.o(i.USART_Init)
    USART_SendData                           0x08004001   Thumb Code     8  stm32f10x_usart.o(i.USART_SendData)
    USB_HP_CAN1_TX_IRQHandler                0x08004009   Thumb Code    28  can.o(i.USB_HP_CAN1_TX_IRQHandler)
    USB_LP_CAN1_RX0_IRQHandler               0x0800402d   Thumb Code   908  can.o(i.USB_LP_CAN1_RX0_IRQHandler)
    UsageFault_Handler                       0x080043f5   Thumb Code     4  stm32f10x_it.o(i.UsageFault_Handler)
    __EE_Init                                0x080043f9   Thumb Code   488  flash.o(i.__EE_Init)
    __scatterload_copy                       0x080045f1   Thumb Code    14  handlers.o(i.__scatterload_copy)
    __scatterload_null                       0x080045ff   Thumb Code     2  handlers.o(i.__scatterload_null)
    __scatterload_zeroinit                   0x08004601   Thumb Code    14  handlers.o(i.__scatterload_zeroinit)
    calibrate_IMU                            0x08004611   Thumb Code    56  debug.o(i.calibrate_IMU)
    delay_ms                                 0x08004655   Thumb Code    28  delay.o(i.delay_ms)
    main                                     0x08004671   Thumb Code   304  main.o(i.main)
    pid_init_struct                          0x080047d5   Thumb Code    22  control.o(i.pid_init_struct)
    send_position                            0x080047f9   Thumb Code   108  can.o(i.send_position)
    Region$$Table$$Base                      0x0800486c   Number         0  anon$$obj.o(Region$$Table)
    Region$$Table$$Limit                     0x0800488c   Number         0  anon$$obj.o(Region$$Table)
    SystemCoreClock                          0x20000000   Data           4  system_stm32f10x.o(.data)
    AHBPrescTable                            0x20000004   Data          16  system_stm32f10x.o(.data)
    can_flag                                 0x20000028   Data           2  can.o(.data)
    can_tx_success_flag                      0x2000002a   Data           1  can.o(.data)
    DataVar                                  0x2000003c   Data           2  flash.o(.data)
    CurWrAddress                             0x20000040   Data           4  flash.o(.data)
    fly_ready                                0x20000044   Data           1  debug.o(.data)
    mpu6050                                  0x20000045   Data           2  debug.o(.data)
    VirtAddVarTab                            0x20000068   Data         114  bsp.o(.data)
    temp                                     0x200000da   Data           2  bsp.o(.data)
    SystemCounter                            0x200000de   Data           2  stm32f10x_it.o(.data)
    Moto_pid_1000Hz                          0x200000e0   Data           1  stm32f10x_it.o(.data)
    Attitude_500Hz                           0x200000e1   Data           1  stm32f10x_it.o(.data)
    Motor_100Hz                              0x200000e2   Data           1  stm32f10x_it.o(.data)
    Com_10Hz                                 0x200000e3   Data           1  stm32f10x_it.o(.data)
    Set_2Hz                                  0x200000e4   Data           1  stm32f10x_it.o(.data)
    SystemInitReady                          0x200000e5   Data           1  stm32f10x_it.o(.data)
    RxMessage                                0x200000e8   Data          20  can.o(.bss)
    TxMessage                                0x200000fc   Data          20  can.o(.bss)
    Can_Moto_Date_struct                     0x20000110   Data          16  can.o(.bss)
    ADC_ConvertedValue                       0x20000120   Data          32  ad.o(.bss)
    f                                        0x20000140   Data          13  debug.o(.bss)
    data_to_send                             0x2000014d   Data          50  debug.o(.bss)
    Rc_Pwm_In                                0x20000180   Data          18  debug.o(.bss)
    MPU6050_ACC_LAST                         0x20000194   Data          12  debug.o(.bss)
    MPU6050_GYRO_LAST                        0x200001a0   Data          12  debug.o(.bss)
    HMC5883L_MAG_LAST                        0x200001ac   Data          12  debug.o(.bss)
    GYRO_OFFSET                              0x200001b8   Data          12  debug.o(.bss)
    ACC_OFFSET                               0x200001c4   Data          12  debug.o(.bss)
    MAG_OFFSET                               0x200001d0   Data          12  debug.o(.bss)
    MAG_AVG                                  0x200001dc   Data          12  debug.o(.bss)
    GYRO_AVG                                 0x200001e8   Data          12  debug.o(.bss)
    Q_angle                                  0x200001f4   Data          12  debug.o(.bss)
    rx_message                               0x20000200   Data          20  debug.o(.bss)
    PID_Power_Struct                         0x20000248   Data          52  control.o(.bss)
    PID_Position_Struct                      0x2000027c   Data          52  control.o(.bss)
    PID_Pitch_V_Struct                       0x200002b0   Data          52  control.o(.bss)
    PID_Yaw_P_Struct                         0x200002e4   Data          52  control.o(.bss)
    PID_Roll_P_Struct                        0x20000318   Data          52  control.o(.bss)
    PID_Pitch_P_Struct                       0x2000034c   Data          52  control.o(.bss)
    PID_Moto_Drive                           0x20000380   Data          52  control.o(.bss)
    Moto_Drive                               0x200003b4   Data          60  control.o(.bss)
    Uart1_Rx                                 0x200003f0   Data         128  uart.o(.bss)
    __initial_sp                             0x20000870   Data           0  startup_stm32f10x_md.o(STACK)



==============================================================================

Memory Map of the image

  Image Entry point : 0x080000ed

  Load Region LR_IROM1 (Base: 0x08000000, Size: 0x00004974, Max: 0x00010000, ABSOLUTE)

    Execution Region ER_IROM1 (Base: 0x08000000, Size: 0x0000488c, Max: 0x00010000, ABSOLUTE)

    Base Addr    Size         Type   Attr      Idx    E Section Name        Object

    0x08000000   0x000000ec   Data   RO           99    RESET               startup_stm32f10x_md.o
    0x080000ec   0x00000000   Code   RO         2588  * .ARM.Collect$$$$00000000  mc_w.l(entry.o)
    0x080000ec   0x00000004   Code   RO         2619    .ARM.Collect$$$$00000001  mc_w.l(entry2.o)
    0x080000f0   0x00000004   Code   RO         2622    .ARM.Collect$$$$00000004  mc_w.l(entry5.o)
    0x080000f4   0x00000000   Code   RO         2624    .ARM.Collect$$$$00000008  mc_w.l(entry7b.o)
    0x080000f4   0x00000000   Code   RO         2626    .ARM.Collect$$$$0000000A  mc_w.l(entry8b.o)
    0x080000f4   0x00000008   Code   RO         2627    .ARM.Collect$$$$0000000B  mc_w.l(entry9a.o)
    0x080000fc   0x00000000   Code   RO         2629    .ARM.Collect$$$$0000000D  mc_w.l(entry10a.o)
    0x080000fc   0x00000000   Code   RO         2631    .ARM.Collect$$$$0000000F  mc_w.l(entry11a.o)
    0x080000fc   0x00000004   Code   RO         2620    .ARM.Collect$$$$00002712  mc_w.l(entry2.o)
    0x08000100   0x00000024   Code   RO          100    .text               startup_stm32f10x_md.o
    0x08000124   0x000000b0   Code   RO         2591    .text               mf_w.l(fadd.o)
    0x080001d4   0x00000064   Code   RO         2593    .text               mf_w.l(fmul.o)
    0x08000238   0x0000007c   Code   RO         2595    .text               mf_w.l(fdiv.o)
    0x080002b4   0x000000e4   Code   RO         2597    .text               mf_w.l(dmul.o)
    0x08000398   0x000000de   Code   RO         2599    .text               mf_w.l(ddiv.o)
    0x08000476   0x00000012   Code   RO         2601    .text               mf_w.l(fflti.o)
    0x08000488   0x0000000a   Code   RO         2603    .text               mf_w.l(ffltui.o)
    0x08000492   0x00000022   Code   RO         2605    .text               mf_w.l(dflti.o)
    0x080004b4   0x00000032   Code   RO         2607    .text               mf_w.l(ffixi.o)
    0x080004e6   0x00000028   Code   RO         2609    .text               mf_w.l(ffixui.o)
    0x0800050e   0x00000026   Code   RO         2611    .text               mf_w.l(f2d.o)
    0x08000534   0x00000038   Code   RO         2613    .text               mf_w.l(d2f.o)
    0x0800056c   0x00000014   Code   RO         2615    .text               mf_w.l(cfcmple.o)
    0x08000580   0x00000014   Code   RO         2617    .text               mf_w.l(cfrcmple.o)
    0x08000594   0x00000000   Code   RO         2633    .text               mc_w.l(iusefp.o)
    0x08000594   0x0000006e   Code   RO         2634    .text               mf_w.l(fepilogue.o)
    0x08000602   0x000000ba   Code   RO         2636    .text               mf_w.l(depilogue.o)
    0x080006bc   0x00000024   Code   RO         2638    .text               mc_w.l(init.o)
    0x080006e0   0x0000001e   Code   RO         2640    .text               mc_w.l(llshl.o)
    0x080006fe   0x00000020   Code   RO         2642    .text               mc_w.l(llushr.o)
    0x0800071e   0x00000016   Code   RO          150    i.ADC_Cmd           stm32f10x_adc.o
    0x08000734   0x00000110   Code   RO         2103    i.ADC_Configuration  ad.o
    0x08000844   0x00000016   Code   RO          151    i.ADC_DMACmd        stm32f10x_adc.o
    0x0800085a   0x00000002   PAD
    0x0800085c   0x00000020   Code   RO         2104    i.ADC_Filter        ad.o
    0x0800087c   0x00000014   Code   RO          158    i.ADC_GetCalibrationStatus  stm32f10x_adc.o
    0x08000890   0x00000014   Code   RO          164    i.ADC_GetResetCalibrationStatus  stm32f10x_adc.o
    0x080008a4   0x00000050   Code   RO          168    i.ADC_Init          stm32f10x_adc.o
    0x080008f4   0x000000b8   Code   RO          172    i.ADC_RegularChannelConfig  stm32f10x_adc.o
    0x080009ac   0x0000000a   Code   RO          173    i.ADC_ResetCalibration  stm32f10x_adc.o
    0x080009b6   0x00000016   Code   RO          175    i.ADC_SoftwareStartConvCmd  stm32f10x_adc.o
    0x080009cc   0x0000000a   Code   RO          177    i.ADC_StartCalibration  stm32f10x_adc.o
    0x080009d6   0x00000002   PAD
    0x080009d8   0x0000004c   Code   RO         2105    i.AD_Power          ad.o
    0x08000a24   0x000002e0   Code   RO         2220    i.ANO_DT_Data_Exchange  debug.o
    0x08000d04   0x000003d8   Code   RO         2221    i.ANO_DT_Data_Receive_Anl  debug.o
    0x080010dc   0x000000e8   Code   RO         2222    i.ANO_DT_Data_Receive_Prepare  debug.o
    0x080011c4   0x00000048   Code   RO         2223    i.ANO_DT_Send_Check  debug.o
    0x0800120c   0x00000018   Code   RO         2224    i.ANO_DT_Send_Data  debug.o
    0x08001224   0x0000012c   Code   RO         2225    i.ANO_DT_Send_MotoPWM  debug.o
    0x08001350   0x00000200   Code   RO         2226    i.ANO_DT_Send_PID   debug.o
    0x08001550   0x00000094   Code   RO         2227    i.ANO_DT_Send_Power  debug.o
    0x080015e4   0x00000164   Code   RO         2228    i.ANO_DT_Send_RCData  debug.o
    0x08001748   0x0000017c   Code   RO         2229    i.ANO_DT_Send_Senser  debug.o
    0x080018c4   0x00000140   Code   RO         2230    i.ANO_DT_Send_Status  debug.o
    0x08001a04   0x000000c8   Code   RO         2231    i.ANO_DT_Send_Version  debug.o
    0x08001acc   0x00000004   Code   RO         2485    i.BusFault_Handler  stm32f10x_it.o
    0x08001ad0   0x000000a8   Code   RO          368    i.CAN_ClearITPendingBit  stm32f10x_can.o
    0x08001b78   0x00000134   Code   RO         2047    i.CAN_Configuration  can.o
    0x08001cac   0x00000038   Code   RO          370    i.CAN_DeInit        stm32f10x_can.o
    0x08001ce4   0x00000108   Code   RO          372    i.CAN_FilterInit    stm32f10x_can.o
    0x08001dec   0x00000120   Code   RO          374    i.CAN_GetITStatus   stm32f10x_can.o
    0x08001f0c   0x00000012   Code   RO          378    i.CAN_ITConfig      stm32f10x_can.o
    0x08001f1e   0x00000114   Code   RO          379    i.CAN_Init          stm32f10x_can.o
    0x08002032   0x000000f0   Code   RO          382    i.CAN_Receive       stm32f10x_can.o
    0x08002122   0x00000126   Code   RO          387    i.CAN_Transmit      stm32f10x_can.o
    0x08002248   0x00000012   Code   RO          390    i.CheckITStatus     stm32f10x_can.o
    0x0800225a   0x0000001e   Code   RO         2370    i.DMA1_Channel5_IRQHandler  uart.o
    0x08002278   0x0000001c   Code   RO         1563    i.DMA_ClearFlag     stm32f10x_dma.o
    0x08002294   0x0000001c   Code   RO         1564    i.DMA_ClearITPendingBit  stm32f10x_dma.o
    0x080022b0   0x00000018   Code   RO         1565    i.DMA_Cmd           stm32f10x_dma.o
    0x080022c8   0x0000014c   Code   RO         1566    i.DMA_DeInit        stm32f10x_dma.o
    0x08002414   0x00000008   Code   RO         1567    i.DMA_GetCurrDataCounter  stm32f10x_dma.o
    0x0800241c   0x0000002c   Code   RO         1569    i.DMA_GetITStatus   stm32f10x_dma.o
    0x08002448   0x00000012   Code   RO         1570    i.DMA_ITConfig      stm32f10x_dma.o
    0x0800245a   0x0000003c   Code   RO         1571    i.DMA_Init          stm32f10x_dma.o
    0x08002496   0x00000004   Code   RO         1572    i.DMA_SetCurrDataCounter  stm32f10x_dma.o
    0x0800249a   0x00000002   Code   RO         2486    i.DebugMon_Handler  stm32f10x_it.o
    0x0800249c   0x00000058   Code   RO         2130    i.EE_FindValidPage  flash.o
    0x080024f4   0x0000003c   Code   RO         2131    i.EE_Format         flash.o
    0x08002530   0x00000008   Code   RO         2436    i.EE_INIT           bsp.o
    0x08002538   0x00000010   Code   RO         2132    i.EE_Init           flash.o
    0x08002548   0x000000f4   Code   RO         2133    i.EE_PageTransfer   flash.o
    0x0800263c   0x000001a8   Code   RO         2437    i.EE_READ_PID       bsp.o
    0x080027e4   0x00000060   Code   RO         2134    i.EE_ReadVariable   flash.o
    0x08002844   0x00000154   Code   RO         2438    i.EE_SAVE_PID       bsp.o
    0x08002998   0x00000088   Code   RO         2135    i.EE_VerifyPageFullWriteVariable  flash.o
    0x08002a20   0x00000024   Code   RO         2136    i.EE_WriteVariable  flash.o
    0x08002a44   0x00000016   Code   RO         2190    i.EXTI15_10_IRQHandler  key.o
    0x08002a5a   0x00000002   PAD
    0x08002a5c   0x0000000c   Code   RO         1810    i.EXTI_ClearITPendingBit  stm32f10x_exti.o
    0x08002a68   0x00000028   Code   RO         1814    i.EXTI_GetITStatus  stm32f10x_exti.o
    0x08002a90   0x00000058   Code   RO         1981    i.Encoder_Configuration  encoder.o
    0x08002ae8   0x0000001c   Code   RO         1982    i.Encoder_Get_CNT   encoder.o
    0x08002b04   0x00000010   Code   RO         1983    i.Encoder_Start     encoder.o
    0x08002b14   0x0000004c   Code   RO         1640    i.FLASH_ErasePage   stm32f10x_flash.o
    0x08002b60   0x00000034   Code   RO         1641    i.FLASH_GetBank1Status  stm32f10x_flash.o
    0x08002b94   0x00000040   Code   RO         1653    i.FLASH_ProgramHalfWord  stm32f10x_flash.o
    0x08002bd4   0x00000018   Code   RO         1658    i.FLASH_Unlock      stm32f10x_flash.o
    0x08002bec   0x00000026   Code   RO         1662    i.FLASH_WaitForLastOperation  stm32f10x_flash.o
    0x08002c12   0x00000116   Code   RO          527    i.GPIO_Init         stm32f10x_gpio.o
    0x08002d28   0x00000090   Code   RO          529    i.GPIO_PinRemapConfig  stm32f10x_gpio.o
    0x08002db8   0x00000004   Code   RO          534    i.GPIO_ResetBits    stm32f10x_gpio.o
    0x08002dbc   0x00000004   Code   RO          535    i.GPIO_SetBits      stm32f10x_gpio.o
    0x08002dc0   0x00000004   Code   RO         2487    i.HardFault_Handler  stm32f10x_it.o
    0x08002dc4   0x00000064   Code   RO         2137    i.InitCurrWrAddress  flash.o
    0x08002e28   0x0000003c   Code   RO         1905    i.LED_Configuration  led.o
    0x08002e64   0x00000004   Code   RO         2488    i.MemManage_Handler  stm32f10x_it.o
    0x08002e68   0x0000000c   Code   RO         2011    i.Moto_Init         pwm.o
    0x08002e74   0x0000005c   Code   RO         2012    i.MotorSpeedOut     pwm.o
    0x08002ed0   0x00000002   Code   RO         2489    i.NMI_Handler       stm32f10x_it.o
    0x08002ed2   0x00000002   PAD
    0x08002ed4   0x00000070   Code   RO          104    i.NVIC_Init         misc.o
    0x08002f44   0x00000014   Code   RO          105    i.NVIC_PriorityGroupConfig  misc.o
    0x08002f58   0x000000b4   Code   RO         2314    i.PID_Calculate     control.o
    0x0800300c   0x00000038   Code   RO         2315    i.PID_P_Init        control.o
    0x08003044   0x00000038   Code   RO         2316    i.PID_Position_Init  control.o
    0x0800307c   0x00000030   Code   RO         2317    i.PID_V_Init        control.o
    0x080030ac   0x00000074   Code   RO         2013    i.PWM_Configuration  pwm.o
    0x08003120   0x0000004c   Code   RO         2014    i.PWM_GPIO_Config   pwm.o
    0x0800316c   0x00000002   Code   RO         2490    i.PendSV_Handler    stm32f10x_it.o
    0x0800316e   0x00000002   PAD
    0x08003170   0x00000018   Code   RO          635    i.RCC_ADCCLKConfig  stm32f10x_rcc.o
    0x08003188   0x00000020   Code   RO          636    i.RCC_AHBPeriphClockCmd  stm32f10x_rcc.o
    0x080031a8   0x00000020   Code   RO          637    i.RCC_APB1PeriphClockCmd  stm32f10x_rcc.o
    0x080031c8   0x00000020   Code   RO          638    i.RCC_APB1PeriphResetCmd  stm32f10x_rcc.o
    0x080031e8   0x00000020   Code   RO          639    i.RCC_APB2PeriphClockCmd  stm32f10x_rcc.o
    0x08003208   0x00000020   Code   RO          640    i.RCC_APB2PeriphResetCmd  stm32f10x_rcc.o
    0x08003228   0x000000d4   Code   RO          647    i.RCC_GetClocksFreq  stm32f10x_rcc.o
    0x080032fc   0x00000002   Code   RO         2491    i.SVC_Handler       stm32f10x_it.o
    0x080032fe   0x00000002   PAD
    0x08003300   0x00000054   Code   RO         2015    i.SetMotorVoltage   pwm.o
    0x08003354   0x00000008   Code   RO           17    i.SetSysClock       system_stm32f10x.o
    0x0800335c   0x000000e0   Code   RO           18    i.SetSysClockTo72   system_stm32f10x.o
    0x0800343c   0x000000a0   Code   RO         2492    i.SysTick_Handler   stm32f10x_it.o
    0x080034dc   0x00000060   Code   RO           20    i.SystemInit        system_stm32f10x.o
    0x0800353c   0x0000001c   Code   RO         1984    i.TIM3_IRQHandler   encoder.o
    0x08003558   0x0000018c   Code   RO         2416    i.TIM4_IRQHandler   tim2.o
    0x080036e4   0x0000007c   Code   RO         2417    i.TIM4_Init         tim2.o
    0x08003760   0x00000006   Code   RO          845    i.TIM_ClearFlag     stm32f10x_tim.o
    0x08003766   0x00000006   Code   RO          846    i.TIM_ClearITPendingBit  stm32f10x_tim.o
    0x0800376c   0x00000018   Code   RO          851    i.TIM_Cmd           stm32f10x_tim.o
    0x08003784   0x0000001e   Code   RO          853    i.TIM_CtrlPWMOutputs  stm32f10x_tim.o
    0x080037a2   0x00000002   PAD
    0x080037a4   0x000001e8   Code   RO          856    i.TIM_DeInit        stm32f10x_tim.o
    0x0800398c   0x00000042   Code   RO          860    i.TIM_EncoderInterfaceConfig  stm32f10x_tim.o
    0x080039ce   0x00000022   Code   RO          872    i.TIM_GetITStatus   stm32f10x_tim.o
    0x080039f0   0x00000012   Code   RO          876    i.TIM_ITConfig      stm32f10x_tim.o
    0x08003a02   0x00000002   PAD
    0x08003a04   0x000000a0   Code   RO          890    i.TIM_OC3Init       stm32f10x_tim.o
    0x08003aa4   0x0000007c   Code   RO          895    i.TIM_OC4Init       stm32f10x_tim.o
    0x08003b20   0x000000a4   Code   RO          922    i.TIM_TimeBaseInit  stm32f10x_tim.o
    0x08003bc4   0x00000140   Code   RO         2371    i.USART1_Configuration  uart.o
    0x08003d04   0x00000070   Code   RO         2372    i.USART1_IRQHandler  uart.o
    0x08003d74   0x00000034   Code   RO         2374    i.USART1_Send_Date  uart.o
    0x08003da8   0x00000018   Code   RO         1387    i.USART_Cmd         stm32f10x_usart.o
    0x08003dc0   0x00000012   Code   RO         1388    i.USART_DMACmd      stm32f10x_usart.o
    0x08003dd2   0x00000002   PAD
    0x08003dd4   0x0000009c   Code   RO         1389    i.USART_DeInit      stm32f10x_usart.o
    0x08003e70   0x0000001a   Code   RO         1390    i.USART_GetFlagStatus  stm32f10x_usart.o
    0x08003e8a   0x00000054   Code   RO         1391    i.USART_GetITStatus  stm32f10x_usart.o
    0x08003ede   0x0000004a   Code   RO         1393    i.USART_ITConfig    stm32f10x_usart.o
    0x08003f28   0x000000d8   Code   RO         1394    i.USART_Init        stm32f10x_usart.o
    0x08004000   0x00000008   Code   RO         1404    i.USART_SendData    stm32f10x_usart.o
    0x08004008   0x00000024   Code   RO         2048    i.USB_HP_CAN1_TX_IRQHandler  can.o
    0x0800402c   0x000003c8   Code   RO         2049    i.USB_LP_CAN1_RX0_IRQHandler  can.o
    0x080043f4   0x00000004   Code   RO         2493    i.UsageFault_Handler  stm32f10x_it.o
    0x080043f8   0x000001f8   Code   RO         2138    i.__EE_Init         flash.o
    0x080045f0   0x0000000e   Code   RO         2646    i.__scatterload_copy  mc_w.l(handlers.o)
    0x080045fe   0x00000002   Code   RO         2647    i.__scatterload_null  mc_w.l(handlers.o)
    0x08004600   0x0000000e   Code   RO         2648    i.__scatterload_zeroinit  mc_w.l(handlers.o)
    0x0800460e   0x00000002   PAD
    0x08004610   0x00000044   Code   RO         2232    i.calibrate_IMU     debug.o
    0x08004654   0x0000001c   Code   RO         2085    i.delay_ms          delay.o
    0x08004670   0x00000164   Code   RO         2467    i.main              main.o
    0x080047d4   0x00000024   Code   RO         2319    i.pid_init_struct   control.o
    0x080047f8   0x00000074   Code   RO         2050    i.send_position     can.o
    0x0800486c   0x00000020   Data   RO         2644    Region$$Table       anon$$obj.o


    Execution Region RW_IRAM1 (Base: 0x20000000, Size: 0x00000870, Max: 0x00005000, ABSOLUTE)

    Base Addr    Size         Type   Attr      Idx    E Section Name        Object

    0x20000000   0x00000014   Data   RW           21    .data               system_stm32f10x.o
    0x20000014   0x00000014   Data   RW          667    .data               stm32f10x_rcc.o
    0x20000028   0x00000012   Data   RW         2052    .data               can.o
    0x2000003a   0x00000002   PAD
    0x2000003c   0x00000008   Data   RW         2139    .data               flash.o
    0x20000044   0x0000000b   Data   RW         2234    .data               debug.o
    0x2000004f   0x00000001   PAD
    0x20000050   0x00000018   Data   RW         2418    .data               tim2.o
    0x20000068   0x00000074   Data   RW         2439    .data               bsp.o
    0x200000dc   0x00000001   Data   RW         2468    .data               main.o
    0x200000dd   0x00000001   PAD
    0x200000de   0x00000008   Data   RW         2494    .data               stm32f10x_it.o
    0x200000e6   0x00000002   PAD
    0x200000e8   0x00000038   Zero   RW         2051    .bss                can.o
    0x20000120   0x00000020   Zero   RW         2106    .bss                ad.o
    0x20000140   0x00000106   Zero   RW         2233    .bss                debug.o
    0x20000246   0x00000002   PAD
    0x20000248   0x000001a8   Zero   RW         2320    .bss                control.o
    0x200003f0   0x00000080   Zero   RW         2376    .bss                uart.o
    0x20000470   0x00000400   Zero   RW           97    STACK               startup_stm32f10x_md.o


==============================================================================

Image component sizes


      Code (inc. data)   RO Data    RW Data    ZI Data      Debug   Object Name

       380         36          0          0         32       2229   ad.o
       772         52          0        116          0       3255   bsp.o
      1428         84          0         18         56       7827   can.o
       376         60          0          0        424       4929   control.o
         0          0          0          0          0       4536   core_cm3.o
      4332        210          0         11        262      14513   debug.o
        28          0          0          0          0        563   delay.o
       160         32          0          0          0       1868   encoder.o
      1280         80          0          8          0       7562   flash.o
        22          0          0          0          0        463   key.o
        60          6          0          0          0        488   led.o
       356         52          0          1          0      15898   main.o
       132         22          0          0          0       1479   misc.o
       380         30          0          0          0       2608   pwm.o
        36          8        236          0       1024        796   startup_stm32f10x_md.o
       390         10          0          0          0       7181   stm32f10x_adc.o
      1622         22          0          0          0       6679   stm32f10x_can.o
       546         36          0          0          0       6601   stm32f10x_dma.o
        52         12          0          0          0       1088   stm32f10x_exti.o
       254         24          0          0          0       2853   stm32f10x_flash.o
       430          6          0          0          0       3762   stm32f10x_gpio.o
       184         28          0          8          0       4482   stm32f10x_it.o
       396         56          0         20          0       6551   stm32f10x_rcc.o
      1120        126          0          0          0       7389   stm32f10x_tim.o
       606         28          0          0          0       6607   stm32f10x_usart.o
       328         28          0         20          0     282421   system_stm32f10x.o
       520         60          0         24          0       1426   tim2.o
       514         32          0          0        128       3012   uart.o

    ----------------------------------------------------------------------
     16722       1140        268        232       1928     409066   Object Totals
         0          0         32          0          0          0   (incl. Generated)
        18          0          0          6          2          0   (incl. Padding)

    ----------------------------------------------------------------------

      Code (inc. data)   RO Data    RW Data    ZI Data      Debug   Library Member Name

         0          0          0          0          0          0   entry.o
         0          0          0          0          0          0   entry10a.o
         0          0          0          0          0          0   entry11a.o
         8          4          0          0          0          0   entry2.o
         4          0          0          0          0          0   entry5.o
         0          0          0          0          0          0   entry7b.o
         0          0          0          0          0          0   entry8b.o
         8          4          0          0          0          0   entry9a.o
        30          0          0          0          0          0   handlers.o
        36          8          0          0          0         68   init.o
         0          0          0          0          0          0   iusefp.o
        30          0          0          0          0         68   llshl.o
        32          0          0          0          0         68   llushr.o
        20          0          0          0          0         68   cfcmple.o
        20          0          0          0          0         68   cfrcmple.o
        56          0          0          0          0         88   d2f.o
       222          0          0          0          0        100   ddiv.o
       186          0          0          0          0        176   depilogue.o
        34          0          0          0          0         76   dflti.o
       228          0          0          0          0         96   dmul.o
        38          0          0          0          0         68   f2d.o
       176          0          0          0          0        140   fadd.o
       124          0          0          0          0         88   fdiv.o
       110          0          0          0          0        168   fepilogue.o
        50          0          0          0          0         68   ffixi.o
        40          0          0          0          0         68   ffixui.o
        18          0          0          0          0         68   fflti.o
        10          0          0          0          0         68   ffltui.o
       100          0          0          0          0         76   fmul.o

    ----------------------------------------------------------------------
      1582         16          0          0          0       1688   Library Totals
         2          0          0          0          0          0   (incl. Padding)

    ----------------------------------------------------------------------

      Code (inc. data)   RO Data    RW Data    ZI Data      Debug   Library Name

       148         16          0          0          0        204   mc_w.l
      1432          0          0          0          0       1484   mf_w.l

    ----------------------------------------------------------------------
      1582         16          0          0          0       1688   Library Totals

    ----------------------------------------------------------------------

==============================================================================


      Code (inc. data)   RO Data    RW Data    ZI Data      Debug   

     18304       1156        268        232       1928     403262   Grand Totals
     18304       1156        268        232       1928     403262   ELF Image Totals
     18304       1156        268        232          0          0   ROM Totals

==============================================================================

    Total RO  Size (Code + RO Data)                18572 (  18.14kB)
    Total RW  Size (RW Data + ZI Data)              2160 (   2.11kB)
    Total ROM Size (Code + RO Data + RW Data)      18804 (  18.36kB)

==============================================================================

