Component: ARM Compiler 5.05 update 1 (build 106) Tool: armlink [4d0efa]

==============================================================================

Section Cross References

    main.o(.text) refers to os_core.o(.text) for OSStatInit
    main.o(.text) refers to os_cpu_a.o(.text) for OS_CPU_SR_Save
    main.o(.text) refers to os_task.o(.text) for OSTaskCreate
    main.o(.text) refers to bsp.o(.text) for BSP_Init
    main.o(.text) refers to delay.o(.text) for delayms
    main.o(.text) refers to stm32f4xx_gpio.o(.text) for GPIO_ToggleBits
    main.o(.text) refers to mpu6050_driver.o(.text) for MPU6050_Initialization
    main.o(.text) refers to task_control.o(.text) for pid_init_struct
    main.o(.text) refers to mpu6050_interrupt.o(.text) for MPU6050_Interrupt_Configuration
    main.o(.text) refers to tim6.o(.text) for TIM6_Start
    main.o(.text) refers to stmflash.o(.text) for Data_Read
    main.o(.text) refers to iwdg.o(.text) for iwdg_init
    main.o(.text) refers to main.o(.bss) for CAN_TASK_STK
    main.o(.text) refers to task_can.o(.text) for can_task
    main.o(.text) refers to task_dbug.o(.text) for dbug_task
    main.o(.text) refers to task_door.o(.text) for door_task
    main.o(.text) refers to task_led.o(.text) for led_task
    mpu6050_driver.o(.text) refers to mpu6050_i2c.o(.text) for IIC_GPIO_Init
    mpu6050_driver.o(.text) refers to printfb.o(i.__0printf$bare) for __2printf
    mpu6050_driver.o(.text) refers to f2d.o(.text) for __aeabi_f2d
    mpu6050_driver.o(.text) refers to ddiv.o(.text) for __aeabi_ddiv
    mpu6050_driver.o(.text) refers to d2f.o(.text) for __aeabi_d2f
    mpu6050_driver.o(.text) refers to dadd.o(.text) for __aeabi_dadd
    mpu6050_driver.o(.text) refers to delay.o(.text) for delay_ms
    mpu6050_driver.o(.text) refers to mpu6050_driver.o(.bss) for MPU6050_Raw_Data
    mpu6050_driver.o(.text) refers to task_dbug.o(.bss) for GYRO_OFFSET
    mpu6050_i2c.o(.text) refers to stm32f4xx_rcc.o(.text) for RCC_AHB1PeriphClockCmd
    mpu6050_i2c.o(.text) refers to stm32f4xx_gpio.o(.text) for GPIO_Init
    mpu6050_i2c.o(.text) refers to printfb.o(i.__0printf$bare) for __2printf
    mpu6050_interrupt.o(.text) refers to stm32f4xx_rcc.o(.text) for RCC_APB2PeriphClockCmd
    mpu6050_interrupt.o(.text) refers to stm32f4xx_gpio.o(.text) for GPIO_Init
    mpu6050_interrupt.o(.text) refers to stm32f4xx_syscfg.o(.text) for SYSCFG_EXTILineConfig
    mpu6050_interrupt.o(.text) refers to stm32f4xx_exti.o(.text) for EXTI_Init
    mpu6050_interrupt.o(.text) refers to misc.o(.text) for NVIC_Init
    mpu6050_interrupt.o(.text) refers to mpu6050_driver.o(.text) for MPU6050_ReadData
    mpu6050_interrupt.o(.text) refers to f2d.o(.text) for __aeabi_f2d
    mpu6050_interrupt.o(.text) refers to ddiv.o(.text) for __aeabi_ddiv
    mpu6050_interrupt.o(.text) refers to dadd.o(.text) for __aeabi_dsub
    mpu6050_interrupt.o(.text) refers to d2f.o(.text) for __aeabi_d2f
    mpu6050_interrupt.o(.text) refers to mpu6050_driver.o(.bss) for MPU6050_Real_Data
    mpu6050_interrupt.o(.text) refers to mpu6050_process.o(.bss) for MPU6050_Angle
    mpu6050_process.o(.text) refers to f2d.o(.text) for __aeabi_f2d
    mpu6050_process.o(.text) refers to ddiv.o(.text) for __aeabi_ddiv
    mpu6050_process.o(.text) refers to d2f.o(.text) for __aeabi_d2f
    mpu6050_process.o(.text) refers to dmul.o(.text) for __aeabi_dmul
    mpu6050_process.o(.text) refers to dadd.o(.text) for __aeabi_dadd
    mpu6050_process.o(.text) refers to sqrt.o(i.__hardfp_sqrt) for __hardfp_sqrt
    mpu6050_process.o(.text) refers to mpu6050_process.o(.data) for first_flag
    mpu6050_process.o(.text) refers to mpu6050_driver.o(.bss) for MPU6050_Raw_Data
    mpu6050_process.o(.text) refers to mpu6050_process.o(.bss) for accel_x_buffer
    mpu6050_process.o(.text) refers to asin.o(i.__hardfp_asin) for __hardfp_asin
    mpu6050_process.o(.text) refers to atan2.o(i.__hardfp_atan2) for __hardfp_atan2
    hmc5883l.o(.text) refers to stm32f4xx_gpio.o(.text) for GPIO_ReadInputDataBit
    hmc5883l.o(.text) refers to mpu6050_i2c.o(.text) for IIC_ReadData
    hmc5883l.o(.text) refers to delay.o(.text) for delay_us
    hmc5883l.o(.text) refers to hmc5883l.o(.bss) for HMC5883_FIFO
    hmc5883l.o(.text) refers to hmc5883l.o(.data) for HMC5883_calib
    bsp.o(.text) refers to misc.o(.text) for NVIC_PriorityGroupConfig
    bsp.o(.text) refers to led.o(.text) for LED_Configuration
    bsp.o(.text) refers to key.o(.text) for Key_Configuration
    bsp.o(.text) refers to buzzer.o(.text) for Buzzer_Configuration
    bsp.o(.text) refers to relay.o(.text) for RELAY_init
    bsp.o(.text) refers to laser.o(.text) for LASER_Configuration
    bsp.o(.text) refers to can1.o(.text) for CAN1_Configuration
    bsp.o(.text) refers to can2.o(.text) for CAN2_Configuration
    bsp.o(.text) refers to usart1.o(.text) for USART1_Configuration
    bsp.o(.text) refers to usart2.o(.text) for USART2_Configuration
    bsp.o(.text) refers to usart3.o(.text) for USART3_Configuration
[...]
    __cpp_initialize__aeabi_                  - Undefined Weak Reference
    __cxa_finalize                            - Undefined Weak Reference
    _clock_init                               - Undefined Weak Reference
    _microlib_exit                            - Undefined Weak Reference
    __Vectors_Size                           0x00000188   Number         0  startup_stm32f4xx.o ABSOLUTE
    __Vectors                                0x08000000   Data           4  startup_stm32f4xx.o(RESET)
    __Vectors_End                            0x08000188   Data           0  startup_stm32f4xx.o(RESET)
    __main                                   0x08000189   Thumb Code     0  entry.o(.ARM.Collect$$$$00000000)
    _main_stk                                0x08000189   Thumb Code     0  entry2.o(.ARM.Collect$$$$00000001)
    _main_scatterload                        0x0800018d   Thumb Code     0  entry5.o(.ARM.Collect$$$$00000004)
    __main_after_scatterload                 0x08000191   Thumb Code     0  entry5.o(.ARM.Collect$$$$00000004)
    _main_clock                              0x08000191   Thumb Code     0  entry7b.o(.ARM.Collect$$$$00000008)
    _main_cpp_init                           0x08000191   Thumb Code     0  entry8b.o(.ARM.Collect$$$$0000000A)
    _main_init                               0x08000191   Thumb Code     0  entry9a.o(.ARM.Collect$$$$0000000B)
    __rt_final_cpp                           0x08000199   Thumb Code     0  entry10a.o(.ARM.Collect$$$$0000000D)
    __rt_final_exit                          0x08000199   Thumb Code     0  entry11a.o(.ARM.Collect$$$$0000000F)
    NMI_Handler                              0x0800019d   Thumb Code     2  stm32f4xx_it.o(.text)
    HardFault_Handler                        0x0800019f   Thumb Code     4  stm32f4xx_it.o(.text)
    MemManage_Handler                        0x080001a3   Thumb Code     4  stm32f4xx_it.o(.text)
    BusFault_Handler                         0x080001a7   Thumb Code     4  stm32f4xx_it.o(.text)
    UsageFault_Handler                       0x080001ab   Thumb Code     4  stm32f4xx_it.o(.text)
    SVC_Handler                              0x080001af   Thumb Code     2  stm32f4xx_it.o(.text)
    DebugMon_Handler                         0x080001b1   Thumb Code     2  stm32f4xx_it.o(.text)
    start_task                               0x080001b5   Thumb Code    92  main.o(.text)
    main                                     0x08000211   Thumb Code   104  main.o(.text)
    MPU6050_Initialization                   0x080002a9   Thumb Code   228  mpu6050_driver.o(.text)
    MPU6050_ReadData                         0x0800038d   Thumb Code   568  mpu6050_driver.o(.text)
    MPU6050_Gyro_calibration                 0x080005c5   Thumb Code   438  mpu6050_driver.o(.text)
    IIC_Delay                                0x0800077d   Thumb Code    26  mpu6050_i2c.o(.text)
    HEAT_Configuration                       0x08000797   Thumb Code    50  mpu6050_i2c.o(.text)
    IIC_GPIO_Init                            0x080007c9   Thumb Code    40  mpu6050_i2c.o(.text)
    IIC_SDA_Out                              0x080007f1   Thumb Code    32  mpu6050_i2c.o(.text)
    IIC_SDA_In                               0x08000811   Thumb Code    36  mpu6050_i2c.o(.text)
    IIC_Start                                0x08000835   Thumb Code    52  mpu6050_i2c.o(.text)
    IIC_Stop                                 0x08000869   Thumb Code    52  mpu6050_i2c.o(.text)
    IIC_Ack                                  0x0800089d   Thumb Code    58  mpu6050_i2c.o(.text)
    IIC_WaitAck                              0x080008d7   Thumb Code    86  mpu6050_i2c.o(.text)
    IIC_WriteBit                             0x0800092d   Thumb Code    86  mpu6050_i2c.o(.text)
    IIC_ReadBit                              0x08000983   Thumb Code    78  mpu6050_i2c.o(.text)
    IIC_WriteData                            0x080009d1   Thumb Code    92  mpu6050_i2c.o(.text)
    IIC_ReadData                             0x08000a2d   Thumb Code   146  mpu6050_i2c.o(.text)
    MPU6050_Interrupt_Configuration          0x08000b19   Thumb Code   122  mpu6050_interrupt.o(.text)
    hmc5883_Interrupt_Configuration          0x08000b93   Thumb Code   122  mpu6050_interrupt.o(.text)
    EXTI9_5_IRQHandler                       0x08000c0d   Thumb Code   122  mpu6050_interrupt.o(.text)
    EXTI2_IRQHandler                         0x08000c87   Thumb Code    26  mpu6050_interrupt.o(.text)
    BSP_Init                                 0x08000cbd   Thumb Code    90  bsp.o(.text)
    CAN1_Configuration                       0x08000d1d   Thumb Code   262  can1.o(.text)
    CAN2_Configuration                       0x08000e2d   Thumb Code   272  can2.o(.text)
    CAN2_TX_IRQHandler                       0x08000f3d   Thumb Code    28  can2.o(.text)
    CAN2_RX0_IRQHandler                      0x08000f59   Thumb Code   208  can2.o(.text)
    RM6025Cmd                                0x08001029   Thumb Code   100  can2.o(.text)
    USART1_Configuration                     0x080010a5   Thumb Code   322  usart1.o(.text)
    USART1_SendChar                          0x080011e7   Thumb Code    28  usart1.o(.text)
    fputc                                    0x08001203   Thumb Code    32  usart1.o(.text)
    fgetc                                    0x08001223   Thumb Code    26  usart1.o(.text)
    RS232_VisualScope                        0x08001277   Thumb Code    70  usart1.o(.text)
    send_str                                 0x080012bd   Thumb Code    54  usart1.o(.text)
    USART1_IRQHandler                        0x080012f3   Thumb Code    84  usart1.o(.text)
    DMA2_Stream5_IRQHandler                  0x08001347   Thumb Code    30  usart1.o(.text)
    delayms                                  0x0800137d   Thumb Code    28  delay.o(.text)
    delayus                                  0x08001399   Thumb Code    26  delay.o(.text)
    delay_osschedlock                        0x080013b3   Thumb Code     8  delay.o(.text)
    delay_osschedunlock                      0x080013bb   Thumb Code     8  delay.o(.text)
    delay_ostimedly                          0x080013c3   Thumb Code    12  delay.o(.text)
    SysTick_Handler                          0x080013cf   Thumb Code    24  delay.o(.text)
    delay_init                               0x080013e7   Thumb Code    76  delay.o(.text)
    delay_us                                 0x08001433   Thumb Code    84  delay.o(.text)
    delay_ms                                 0x08001487   Thumb Code    66  delay.o(.text)
    TIM6_Configuration                       0x080014d9   Thumb Code    72  tim6.o(.text)
    TIM6_Start                               0x08001521   Thumb Code    30  tim6.o(.text)
    TIM6_DAC_IRQHandler                      0x0800153f   Thumb Code    30  tim6.o(.text)
    LED_Configuration                        0x08001561   Thumb Code    58  led.o(.text)
    LASER_Configuration                      0x080015a1   Thumb Code    50  laser.o(.text)
    USART2_Configuration                     0x080015d9   Thumb Code   276  usart2.o(.text)
    DMA1_Stream5_IRQHandler                  0x080016ed   Thumb Code   232  usart2.o(.text)
    PWM1_Configuration                       0x080017f5   Thumb Code   192  pwm.o(.text)
    TIM12_CH12_Init                          0x080018b5   Thumb Code   190  pwm.o(.text)
    PWM2_Configuration                       0x08001973   Thumb Code   202  pwm.o(.text)
    Rammer_moto_run                          0x08001b07   Thumb Code    68  pwm.o(.text)
    Data_Save                                0x08001c19   Thumb Code  1506  stmflash.o(.text)
    Data_Read                                0x08002211   Thumb Code   756  stmflash.o(.text)
    Buzzer_Configuration                     0x0800251d   Thumb Code    50  buzzer.o(.text)
    BUZZER_BEE                               0x0800254f   Thumb Code    56  buzzer.o(.text)
    Encoder_Configuration                    0x0800258d   Thumb Code   134  encoder.o(.text)
    Encoder_Get_CNT                          0x08002613   Thumb Code    18  encoder.o(.text)
    TIM2_IRQHandler                          0x08002625   Thumb Code    22  encoder.o(.text)
    IWDG_WriteAccessCmd                      0x08002641   Thumb Code     6  stm32f4xx_iwdg.o(.text)
    IWDG_SetPrescaler                        0x08002647   Thumb Code     6  stm32f4xx_iwdg.o(.text)
    IWDG_SetReload                           0x0800264d   Thumb Code     6  stm32f4xx_iwdg.o(.text)
    IWDG_ReloadCounter                       0x08002653   Thumb Code    10  stm32f4xx_iwdg.o(.text)
    IWDG_Enable                              0x0800265d   Thumb Code    10  stm32f4xx_iwdg.o(.text)
    IWDG_GetFlagStatus                       0x08002667   Thumb Code    20  stm32f4xx_iwdg.o(.text)
    Key_Configuration                        0x08002681   Thumb Code    42  key.o(.text)
    USART3_Configuration                     0x080026b1   Thumb Code   328  usart3.o(.text)
    serialcom                                0x080027f9   Thumb Code   180  usart3.o(.text)
    USART3_IRQHandler                        0x080028ad   Thumb Code    68  usart3.o(.text)
    DMA1_Stream1_IRQHandler                  0x080028f1   Thumb Code    30  usart3.o(.text)
    iwdg_init                                0x08002935   Thumb Code    34  iwdg.o(.text)
    RELAY_init                               0x08002959   Thumb Code    66  relay.o(.text)
    NVIC_PriorityGroupConfig                 0x080029a1   Thumb Code    10  misc.o(.text)
    NVIC_Init                                0x080029ab   Thumb Code   106  misc.o(.text)
    NVIC_SetVectorTable                      0x08002a15   Thumb Code    14  misc.o(.text)
    NVIC_SystemLPConfig                      0x08002a23   Thumb Code    34  misc.o(.text)
    SysTick_CLKSourceConfig                  0x08002a45   Thumb Code    40  misc.o(.text)
    TIM_DeInit                               0x08002a81   Thumb Code   346  stm32f4xx_tim.o(.text)
    TIM_TimeBaseInit                         0x08002bdb   Thumb Code   104  stm32f4xx_tim.o(.text)
    TIM_TimeBaseStructInit                   0x08002c43   Thumb Code    18  stm32f4xx_tim.o(.text)
    TIM_PrescalerConfig                      0x08002c55   Thumb Code     6  stm32f4xx_tim.o(.text)
    TIM_CounterModeConfig                    0x08002c5b   Thumb Code    18  stm32f4xx_tim.o(.text)
    TIM_SetCounter                           0x08002c6d   Thumb Code     4  stm32f4xx_tim.o(.text)
    TIM_SetAutoreload                        0x08002c71   Thumb Code     4  stm32f4xx_tim.o(.text)
    TIM_GetCounter                           0x08002c75   Thumb Code     6  stm32f4xx_tim.o(.text)
    TIM_GetPrescaler                         0x08002c7b   Thumb Code     6  stm32f4xx_tim.o(.text)
    TIM_UpdateDisableConfig                  0x08002c81   Thumb Code    24  stm32f4xx_tim.o(.text)
    TIM_UpdateRequestConfig                  0x08002c99   Thumb Code    24  stm32f4xx_tim.o(.text)
    TIM_ARRPreloadConfig                     0x08002cb1   Thumb Code    24  stm32f4xx_tim.o(.text)
    TIM_SelectOnePulseMode                   0x08002cc9   Thumb Code    18  stm32f4xx_tim.o(.text)
    TIM_SetClockDivision                     0x08002cdb   Thumb Code    18  stm32f4xx_tim.o(.text)
    TIM_Cmd                                  0x08002ced   Thumb Code    24  stm32f4xx_tim.o(.text)
    TIM_OC1Init                              0x08002d05   Thumb Code   114  stm32f4xx_tim.o(.text)
    TIM_OC2Init                              0x08002d77   Thumb Code   154  stm32f4xx_tim.o(.text)
    TIM_OC3Init                              0x08002e11   Thumb Code   204  stm32f4xx_tim.o(.text)
    TIM_OC4Init                              0x08002edd   Thumb Code   112  stm32f4xx_tim.o(.text)
    TIM_OCStructInit                         0x08002f4d   Thumb Code    20  stm32f4xx_tim.o(.text)
    TIM_SelectOCxM                           0x08002f61   Thumb Code    86  stm32f4xx_tim.o(.text)
    TIM_SetCompare1                          0x08002fb7   Thumb Code     4  stm32f4xx_tim.o(.text)
    TIM_SetCompare2                          0x08002fbb   Thumb Code     4  stm32f4xx_tim.o(.text)
    TIM_SetCompare3                          0x08002fbf   Thumb Code     4  stm32f4xx_tim.o(.text)
    TIM_SetCompare4                          0x08002fc3   Thumb Code     4  stm32f4xx_tim.o(.text)
    TIM_ForcedOC1Config                      0x08002fc7   Thumb Code    18  stm32f4xx_tim.o(.text)
    TIM_ForcedOC2Config                      0x08002fd9   Thumb Code    26  stm32f4xx_tim.o(.text)
    TIM_ForcedOC3Config                      0x08002ff3   Thumb Code    18  stm32f4xx_tim.o(.text)
    TIM_ForcedOC4Config                      0x08003005   Thumb Code    26  stm32f4xx_tim.o(.text)
    TIM_OC1PreloadConfig                     0x0800301f   Thumb Code    18  stm32f4xx_tim.o(.text)
    TIM_OC2PreloadConfig                     0x08003031   Thumb Code    26  stm32f4xx_tim.o(.text)
    TIM_OC3PreloadConfig                     0x0800304b   Thumb Code    18  stm32f4xx_tim.o(.text)
    TIM_OC4PreloadConfig                     0x0800305d   Thumb Code    26  stm32f4xx_tim.o(.text)
    TIM_OC1FastConfig                        0x08003077   Thumb Code    18  stm32f4xx_tim.o(.text)
    TIM_OC2FastConfig                        0x08003089   Thumb Code    26  stm32f4xx_tim.o(.text)
    TIM_OC3FastConfig                        0x080030a3   Thumb Code    18  stm32f4xx_tim.o(.text)
    TIM_OC4FastConfig                        0x080030b5   Thumb Code    26  stm32f4xx_tim.o(.text)
    TIM_ClearOC1Ref                          0x080030cf   Thumb Code    18  stm32f4xx_tim.o(.text)
    TIM_ClearOC2Ref                          0x080030e1   Thumb Code    24  stm32f4xx_tim.o(.text)
    TIM_ClearOC3Ref                          0x080030f9   Thumb Code    18  stm32f4xx_tim.o(.text)
    TIM_ClearOC4Ref                          0x0800310b   Thumb Code    24  stm32f4xx_tim.o(.text)
    TIM_OC1PolarityConfig                    0x08003123   Thumb Code    18  stm32f4xx_tim.o(.text)
    TIM_OC1NPolarityConfig                   0x08003135   Thumb Code    18  stm32f4xx_tim.o(.text)
    TIM_OC2PolarityConfig                    0x08003147   Thumb Code    26  stm32f4xx_tim.o(.text)
    TIM_OC2NPolarityConfig                   0x08003161   Thumb Code    26  stm32f4xx_tim.o(.text)
    TIM_OC3PolarityConfig                    0x0800317b   Thumb Code    26  stm32f4xx_tim.o(.text)
    TIM_OC3NPolarityConfig                   0x08003195   Thumb Code    26  stm32f4xx_tim.o(.text)
    TIM_OC4PolarityConfig                    0x080031af   Thumb Code    26  stm32f4xx_tim.o(.text)
    TIM_CCxCmd                               0x080031c9   Thumb Code    30  stm32f4xx_tim.o(.text)
    TIM_CCxNCmd                              0x080031e7   Thumb Code    30  stm32f4xx_tim.o(.text)
    TIM_SetIC4Prescaler                      0x08003205   Thumb Code    26  stm32f4xx_tim.o(.text)
    TIM_SetIC3Prescaler                      0x0800326f   Thumb Code    18  stm32f4xx_tim.o(.text)
    TIM_SetIC2Prescaler                      0x080032c9   Thumb Code    26  stm32f4xx_tim.o(.text)
    TIM_SetIC1Prescaler                      0x0800333d   Thumb Code    18  stm32f4xx_tim.o(.text)
    TIM_ICInit                               0x08003389   Thumb Code   110  stm32f4xx_tim.o(.text)
    TIM_ICStructInit                         0x080033f7   Thumb Code    18  stm32f4xx_tim.o(.text)
    TIM_PWMIConfig                           0x08003409   Thumb Code   124  stm32f4xx_tim.o(.text)
    TIM_GetCapture1                          0x08003485   Thumb Code     6  stm32f4xx_tim.o(.text)
    TIM_GetCapture2                          0x0800348b   Thumb Code     6  stm32f4xx_tim.o(.text)
    TIM_GetCapture3                          0x08003491   Thumb Code     6  stm32f4xx_tim.o(.text)
    TIM_GetCapture4                          0x08003497   Thumb Code     6  stm32f4xx_tim.o(.text)
    TIM_BDTRConfig                           0x0800349d   Thumb Code    32  stm32f4xx_tim.o(.text)
    TIM_BDTRStructInit                       0x080034bd   Thumb Code    18  stm32f4xx_tim.o(.text)
    TIM_CtrlPWMOutputs                       0x080034cf   Thumb Code    30  stm32f4xx_tim.o(.text)
    TIM_SelectCOM                            0x080034ed   Thumb Code    24  stm32f4xx_tim.o(.text)
    TIM_CCPreloadControl                     0x08003505   Thumb Code    24  stm32f4xx_tim.o(.text)
    TIM_ITConfig                             0x0800351d   Thumb Code    18  stm32f4xx_tim.o(.text)
    TIM_GenerateEvent                        0x0800352f   Thumb Code     4  stm32f4xx_tim.o(.text)
    TIM_GetFlagStatus                        0x08003533   Thumb Code    18  stm32f4xx_tim.o(.text)
    TIM_ClearFlag                            0x08003545   Thumb Code     6  stm32f4xx_tim.o(.text)
    TIM_GetITStatus                          0x0800354b   Thumb Code    34  stm32f4xx_tim.o(.text)
    TIM_ClearITPendingBit                    0x0800356d   Thumb Code     6  stm32f4xx_tim.o(.text)
    TIM_DMAConfig                            0x08003573   Thumb Code    10  stm32f4xx_tim.o(.text)
    TIM_DMACmd                               0x0800357d   Thumb Code    18  stm32f4xx_tim.o(.text)
    TIM_SelectCCDMA                          0x0800358f   Thumb Code    24  stm32f4xx_tim.o(.text)
    TIM_InternalClockConfig                  0x080035a7   Thumb Code    12  stm32f4xx_tim.o(.text)
    TIM_SelectInputTrigger                   0x080035b3   Thumb Code    18  stm32f4xx_tim.o(.text)
    TIM_ITRxExternalClockConfig              0x080035c5   Thumb Code    24  stm32f4xx_tim.o(.text)
    TIM_TIxExternalClockConfig               0x080035dd   Thumb Code    62  stm32f4xx_tim.o(.text)
    TIM_ETRConfig                            0x0800361b   Thumb Code    28  stm32f4xx_tim.o(.text)
    TIM_ETRClockMode1Config                  0x08003637   Thumb Code    54  stm32f4xx_tim.o(.text)
    TIM_ETRClockMode2Config                  0x0800366d   Thumb Code    32  stm32f4xx_tim.o(.text)
    TIM_SelectOutputTrigger                  0x0800368d   Thumb Code    18  stm32f4xx_tim.o(.text)
    TIM_SelectSlaveMode                      0x0800369f   Thumb Code    18  stm32f4xx_tim.o(.text)
    TIM_SelectMasterSlaveMode                0x080036b1   Thumb Code    18  stm32f4xx_tim.o(.text)
    TIM_EncoderInterfaceConfig               0x080036c3   Thumb Code    66  stm32f4xx_tim.o(.text)
    TIM_SelectHallSensor                     0x08003705   Thumb Code    24  stm32f4xx_tim.o(.text)
    TIM_RemapConfig                          0x0800371d   Thumb Code     6  stm32f4xx_tim.o(.text)
    RCC_DeInit                               0x08003725   Thumb Code    60  stm32f4xx_rcc.o(.text)
    RCC_HSEConfig                            0x08003761   Thumb Code    14  stm32f4xx_rcc.o(.text)
    RCC_GetFlagStatus                        0x0800376f   Thumb Code    60  stm32f4xx_rcc.o(.text)
    RCC_WaitForHSEStartUp                    0x080037ab   Thumb Code    56  stm32f4xx_rcc.o(.text)
    RCC_AdjustHSICalibrationValue            0x080037e3   Thumb Code    20  stm32f4xx_rcc.o(.text)
    RCC_HSICmd                               0x080037f7   Thumb Code     6  stm32f4xx_rcc.o(.text)
    RCC_LSEConfig                            0x080037fd   Thumb Code    46  stm32f4xx_rcc.o(.text)
    RCC_LSICmd                               0x0800382b   Thumb Code     6  stm32f4xx_rcc.o(.text)
    RCC_PLLConfig                            0x08003831   Thumb Code    32  stm32f4xx_rcc.o(.text)
    RCC_PLLCmd                               0x08003851   Thumb Code     6  stm32f4xx_rcc.o(.text)
    RCC_PLLI2SConfig                         0x08003857   Thumb Code    14  stm32f4xx_rcc.o(.text)
    RCC_PLLI2SCmd                            0x08003865   Thumb Code     6  stm32f4xx_rcc.o(.text)
    RCC_ClockSecuritySystemCmd               0x0800386b   Thumb Code     6  stm32f4xx_rcc.o(.text)
    RCC_MCO1Config                           0x08003871   Thumb Code    28  stm32f4xx_rcc.o(.text)
    RCC_MCO2Config                           0x0800388d   Thumb Code    28  stm32f4xx_rcc.o(.text)
    RCC_SYSCLKConfig                         0x080038a9   Thumb Code    20  stm32f4xx_rcc.o(.text)
    RCC_GetSYSCLKSource                      0x080038bd   Thumb Code    12  stm32f4xx_rcc.o(.text)
    RCC_HCLKConfig                           0x080038c9   Thumb Code    20  stm32f4xx_rcc.o(.text)
    RCC_PCLK1Config                          0x080038dd   Thumb Code    20  stm32f4xx_rcc.o(.text)
    RCC_PCLK2Config                          0x080038f1   Thumb Code    22  stm32f4xx_rcc.o(.text)
    RCC_GetClocksFreq                        0x08003907   Thumb Code   222  stm32f4xx_rcc.o(.text)
    RCC_RTCCLKConfig                         0x080039e5   Thumb Code    54  stm32f4xx_rcc.o(.text)
    RCC_RTCCLKCmd                            0x08003a1b   Thumb Code     8  stm32f4xx_rcc.o(.text)
    RCC_BackupResetCmd                       0x08003a23   Thumb Code     8  stm32f4xx_rcc.o(.text)
    RCC_I2SCLKConfig                         0x08003a2b   Thumb Code     6  stm32f4xx_rcc.o(.text)
    RCC_AHB1PeriphClockCmd                   0x08003a31   Thumb Code    34  stm32f4xx_rcc.o(.text)
    RCC_AHB2PeriphClockCmd                   0x08003a53   Thumb Code    34  stm32f4xx_rcc.o(.text)
    RCC_AHB3PeriphClockCmd                   0x08003a75   Thumb Code    34  stm32f4xx_rcc.o(.text)
    RCC_APB1PeriphClockCmd                   0x08003a97   Thumb Code    34  stm32f4xx_rcc.o(.text)
    RCC_APB2PeriphClockCmd                   0x08003ab9   Thumb Code    34  stm32f4xx_rcc.o(.text)
    RCC_AHB1PeriphResetCmd                   0x08003adb   Thumb Code    34  stm32f4xx_rcc.o(.text)
    RCC_AHB2PeriphResetCmd                   0x08003afd   Thumb Code    72  stm32f4xx_rcc.o(.text)
    RCC_AHB3PeriphResetCmd                   0x08003b45   Thumb Code    34  stm32f4xx_rcc.o(.text)
    RCC_APB1PeriphResetCmd                   0x08003b67   Thumb Code    34  stm32f4xx_rcc.o(.text)
    RCC_APB2PeriphResetCmd                   0x08003b89   Thumb Code    34  stm32f4xx_rcc.o(.text)
    RCC_AHB1PeriphClockLPModeCmd             0x08003bab   Thumb Code    34  stm32f4xx_rcc.o(.text)
    RCC_AHB2PeriphClockLPModeCmd             0x08003bcd   Thumb Code    34  stm32f4xx_rcc.o(.text)
    RCC_AHB3PeriphClockLPModeCmd             0x08003bef   Thumb Code    34  stm32f4xx_rcc.o(.text)
    RCC_APB1PeriphClockLPModeCmd             0x08003c11   Thumb Code    34  stm32f4xx_rcc.o(.text)
    RCC_APB2PeriphClockLPModeCmd             0x08003c33   Thumb Code    34  stm32f4xx_rcc.o(.text)
    RCC_ITConfig                             0x08003c55   Thumb Code    34  stm32f4xx_rcc.o(.text)
    RCC_ClearFlag                            0x08003c77   Thumb Code    18  stm32f4xx_rcc.o(.text)
    RCC_GetITStatus                          0x08003c89   Thumb Code    22  stm32f4xx_rcc.o(.text)
    RCC_ClearITPendingBit                    0x08003c9f   Thumb Code     8  stm32f4xx_rcc.o(.text)
    CAN_DeInit                               0x08003cad   Thumb Code    50  stm32f4xx_can.o(.text)
    CAN_Init                                 0x08003cdf   Thumb Code   276  stm32f4xx_can.o(.text)
    CAN_FilterInit                           0x08003df3   Thumb Code   258  stm32f4xx_can.o(.text)
    CAN_StructInit                           0x08003ef5   Thumb Code    32  stm32f4xx_can.o(.text)
    CAN_SlaveStartBank                       0x08003f15   Thumb Code    48  stm32f4xx_can.o(.text)
    CAN_DBGFreeze                            0x08003f45   Thumb Code    22  stm32f4xx_can.o(.text)
    CAN_TTComModeCmd                         0x08003f5b   Thumb Code   118  stm32f4xx_can.o(.text)
    CAN_Transmit                             0x08003fd1   Thumb Code   304  stm32f4xx_can.o(.text)
    CAN_TransmitStatus                       0x08004101   Thumb Code   138  stm32f4xx_can.o(.text)
    CAN_CancelTransmit                       0x0800418b   Thumb Code    48  stm32f4xx_can.o(.text)
    CAN_Receive                              0x080041bb   Thumb Code   240  stm32f4xx_can.o(.text)
    CAN_FIFORelease                          0x080042ab   Thumb Code    22  stm32f4xx_can.o(.text)
    CAN_MessagePending                       0x080042c1   Thumb Code    30  stm32f4xx_can.o(.text)
    CAN_OperatingModeRequest                 0x080042df   Thumb Code   162  stm32f4xx_can.o(.text)
    CAN_Sleep                                0x08004381   Thumb Code    30  stm32f4xx_can.o(.text)
    CAN_WakeUp                               0x0800439f   Thumb Code    48  stm32f4xx_can.o(.text)
    CAN_GetLastErrorCode                     0x080043cf   Thumb Code    12  stm32f4xx_can.o(.text)
    CAN_GetReceiveErrorCounter               0x080043db   Thumb Code    10  stm32f4xx_can.o(.text)
    CAN_GetLSBTransmitErrorCounter           0x080043e5   Thumb Code    12  stm32f4xx_can.o(.text)
    CAN_ITConfig                             0x080043f1   Thumb Code    18  stm32f4xx_can.o(.text)
    CAN_GetFlagStatus                        0x08004403   Thumb Code   120  stm32f4xx_can.o(.text)
    CAN_ClearFlag                            0x0800447b   Thumb Code    52  stm32f4xx_can.o(.text)
    CAN_GetITStatus                          0x080044c1   Thumb Code   310  stm32f4xx_can.o(.text)
    CAN_ClearITPendingBit                    0x080045f7   Thumb Code   162  stm32f4xx_can.o(.text)
    EXTI_DeInit                              0x0800469d   Thumb Code    28  stm32f4xx_exti.o(.text)
    EXTI_Init                                0x080046b9   Thumb Code   142  stm32f4xx_exti.o(.text)
    EXTI_StructInit                          0x08004747   Thumb Code    16  stm32f4xx_exti.o(.text)
    EXTI_GenerateSWInterrupt                 0x08004757   Thumb Code    16  stm32f4xx_exti.o(.text)
    EXTI_GetFlagStatus                       0x08004767   Thumb Code    22  stm32f4xx_exti.o(.text)
    EXTI_ClearFlag                           0x0800477d   Thumb Code     8  stm32f4xx_exti.o(.text)
    EXTI_GetITStatus                         0x08004785   Thumb Code    34  stm32f4xx_exti.o(.text)
    EXTI_ClearITPendingBit                   0x080047a7   Thumb Code     8  stm32f4xx_exti.o(.text)
    GPIO_DeInit                              0x080047b9   Thumb Code   220  stm32f4xx_gpio.o(.text)
    GPIO_Init                                0x08004895   Thumb Code   144  stm32f4xx_gpio.o(.text)
    GPIO_StructInit                          0x08004925   Thumb Code    18  stm32f4xx_gpio.o(.text)
    GPIO_PinLockConfig                       0x08004937   Thumb Code    34  stm32f4xx_gpio.o(.text)
    GPIO_ReadInputDataBit                    0x08004959   Thumb Code    18  stm32f4xx_gpio.o(.text)
    GPIO_ReadInputData                       0x0800496b   Thumb Code     8  stm32f4xx_gpio.o(.text)
    GPIO_ReadOutputDataBit                   0x08004973   Thumb Code    18  stm32f4xx_gpio.o(.text)
    GPIO_ReadOutputData                      0x08004985   Thumb Code     8  stm32f4xx_gpio.o(.text)
    GPIO_SetBits                             0x0800498d   Thumb Code     4  stm32f4xx_gpio.o(.text)
    GPIO_ResetBits                           0x08004991   Thumb Code     4  stm32f4xx_gpio.o(.text)
    GPIO_WriteBit                            0x08004995   Thumb Code    10  stm32f4xx_gpio.o(.text)
    GPIO_Write                               0x0800499f   Thumb Code     4  stm32f4xx_gpio.o(.text)
    GPIO_ToggleBits                          0x080049a3   Thumb Code     8  stm32f4xx_gpio.o(.text)
    GPIO_PinAFConfig                         0x080049ab   Thumb Code    70  stm32f4xx_gpio.o(.text)
    USART_DeInit                             0x08004a15   Thumb Code   156  stm32f4xx_usart.o(.text)
    USART_Init                               0x08004ab1   Thumb Code   204  stm32f4xx_usart.o(.text)
    USART_StructInit                         0x08004b7d   Thumb Code    24  stm32f4xx_usart.o(.text)
    USART_ClockInit                          0x08004b95   Thumb Code    32  stm32f4xx_usart.o(.text)
    USART_ClockStructInit                    0x08004bb5   Thumb Code    12  stm32f4xx_usart.o(.text)
    USART_Cmd                                0x08004bc1   Thumb Code    24  stm32f4xx_usart.o(.text)
    USART_SetPrescaler                       0x08004bd9   Thumb Code    16  stm32f4xx_usart.o(.text)
    USART_OverSampling8Cmd                   0x08004be9   Thumb Code    22  stm32f4xx_usart.o(.text)
    USART_OneBitMethodCmd                    0x08004bff   Thumb Code    24  stm32f4xx_usart.o(.text)
    USART_SendData                           0x08004c17   Thumb Code     8  stm32f4xx_usart.o(.text)
    USART_ReceiveData                        0x08004c1f   Thumb Code    10  stm32f4xx_usart.o(.text)
    USART_SetAddress                         0x08004c29   Thumb Code    18  stm32f4xx_usart.o(.text)
    USART_ReceiverWakeUpCmd                  0x08004c3b   Thumb Code    24  stm32f4xx_usart.o(.text)
    USART_WakeUpConfig                       0x08004c53   Thumb Code    18  stm32f4xx_usart.o(.text)
    USART_LINBreakDetectLengthConfig         0x08004c65   Thumb Code    18  stm32f4xx_usart.o(.text)
    USART_LINCmd                             0x08004c77   Thumb Code    24  stm32f4xx_usart.o(.text)
    USART_SendBreak                          0x08004c8f   Thumb Code    10  stm32f4xx_usart.o(.text)
    USART_HalfDuplexCmd                      0x08004c99   Thumb Code    24  stm32f4xx_usart.o(.text)
    USART_SetGuardTime                       0x08004cb1   Thumb Code    16  stm32f4xx_usart.o(.text)
    USART_SmartCardCmd                       0x08004cc1   Thumb Code    24  stm32f4xx_usart.o(.text)
    USART_SmartCardNACKCmd                   0x08004cd9   Thumb Code    24  stm32f4xx_usart.o(.text)
    USART_IrDAConfig                         0x08004cf1   Thumb Code    18  stm32f4xx_usart.o(.text)
    USART_IrDACmd                            0x08004d03   Thumb Code    24  stm32f4xx_usart.o(.text)
    USART_DMACmd                             0x08004d1b   Thumb Code    18  stm32f4xx_usart.o(.text)
    USART_ITConfig                           0x08004d2d   Thumb Code    74  stm32f4xx_usart.o(.text)
    USART_GetFlagStatus                      0x08004d77   Thumb Code    26  stm32f4xx_usart.o(.text)
    USART_ClearFlag                          0x08004d91   Thumb Code    18  stm32f4xx_usart.o(.text)
    USART_GetITStatus                        0x08004da3   Thumb Code   110  stm32f4xx_usart.o(.text)
    USART_ClearITPendingBit                  0x08004e11   Thumb Code    30  stm32f4xx_usart.o(.text)
    SYSCFG_DeInit                            0x08004e31   Thumb Code    22  stm32f4xx_syscfg.o(.text)
    SYSCFG_MemoryRemapConfig                 0x08004e47   Thumb Code     6  stm32f4xx_syscfg.o(.text)
    SYSCFG_EXTILineConfig                    0x08004e4d   Thumb Code    66  stm32f4xx_syscfg.o(.text)
    SYSCFG_ETH_MediaInterfaceConfig          0x08004e8f   Thumb Code     6  stm32f4xx_syscfg.o(.text)
    SYSCFG_CompensationCellCmd               0x08004e95   Thumb Code     6  stm32f4xx_syscfg.o(.text)
    SYSCFG_GetCompensationCellStatus         0x08004e9b   Thumb Code    22  stm32f4xx_syscfg.o(.text)
    SystemInit                               0x08004f99   Thumb Code    88  system_stm32f4xx.o(.text)
    SystemCoreClockUpdate                    0x08004ff1   Thumb Code   174  system_stm32f4xx.o(.text)
    Reset_Handler                            0x080050cd   Thumb Code     8  startup_stm32f4xx.o(.text)
    ADC_IRQHandler                           0x080050e7   Thumb Code     0  startup_stm32f4xx.o(.text)
    CAN1_RX1_IRQHandler                      0x080050e7   Thumb Code     0  startup_stm32f4xx.o(.text)
    CAN1_SCE_IRQHandler                      0x080050e7   Thumb Code     0  startup_stm32f4xx.o(.text)
    CAN2_RX1_IRQHandler                      0x080050e7   Thumb Code     0  startup_stm32f4xx.o(.text)
    CAN2_SCE_IRQHandler                      0x080050e7   Thumb Code     0  startup_stm32f4xx.o(.text)
    CRYP_IRQHandler                          0x080050e7   Thumb Code     0  startup_stm32f4xx.o(.text)
    DCMI_IRQHandler                          0x080050e7   Thumb Code     0  startup_stm32f4xx.o(.text)
    DMA1_Stream0_IRQHandler                  0x080050e7   Thumb Code     0  startup_stm32f4xx.o(.text)
    DMA1_Stream2_IRQHandler                  0x080050e7   Thumb Code     0  startup_stm32f4xx.o(.text)
    DMA1_Stream3_IRQHandler                  0x080050e7   Thumb Code     0  startup_stm32f4xx.o(.text)
    DMA1_Stream4_IRQHandler                  0x080050e7   Thumb Code     0  startup_stm32f4xx.o(.text)
    DMA1_Stream6_IRQHandler                  0x080050e7   Thumb Code     0  startup_stm32f4xx.o(.text)
    DMA1_Stream7_IRQHandler                  0x080050e7   Thumb Code     0  startup_stm32f4xx.o(.text)
    DMA2_Stream0_IRQHandler                  0x080050e7   Thumb Code     0  startup_stm32f4xx.o(.text)
    DMA2_Stream1_IRQHandler                  0x080050e7   Thumb Code     0  startup_stm32f4xx.o(.text)
    DMA2_Stream2_IRQHandler                  0x080050e7   Thumb Code     0  startup_stm32f4xx.o(.text)
    DMA2_Stream3_IRQHandler                  0x080050e7   Thumb Code     0  startup_stm32f4xx.o(.text)
    DMA2_Stream4_IRQHandler                  0x080050e7   Thumb Code     0  startup_stm32f4xx.o(.text)
    DMA2_Stream6_IRQHandler                  0x080050e7   Thumb Code     0  startup_stm32f4xx.o(.text)
    DMA2_Stream7_IRQHandler                  0x080050e7   Thumb Code     0  startup_stm32f4xx.o(.text)
    ETH_IRQHandler                           0x080050e7   Thumb Code     0  startup_stm32f4xx.o(.text)
    ETH_WKUP_IRQHandler                      0x080050e7   Thumb Code     0  startup_stm32f4xx.o(.text)
    EXTI0_IRQHandler                         0x080050e7   Thumb Code     0  startup_stm32f4xx.o(.text)
    EXTI15_10_IRQHandler                     0x080050e7   Thumb Code     0  startup_stm32f4xx.o(.text)
    EXTI1_IRQHandler                         0x080050e7   Thumb Code     0  startup_stm32f4xx.o(.text)
    EXTI3_IRQHandler                         0x080050e7   Thumb Code     0  startup_stm32f4xx.o(.text)
    EXTI4_IRQHandler                         0x080050e7   Thumb Code     0  startup_stm32f4xx.o(.text)
    FLASH_IRQHandler                         0x080050e7   Thumb Code     0  startup_stm32f4xx.o(.text)
    FPU_IRQHandler                           0x080050e7   Thumb Code     0  startup_stm32f4xx.o(.text)
    FSMC_IRQHandler                          0x080050e7   Thumb Code     0  startup_stm32f4xx.o(.text)
    HASH_RNG_IRQHandler                      0x080050e7   Thumb Code     0  startup_stm32f4xx.o(.text)
    I2C1_ER_IRQHandler                       0x080050e7   Thumb Code     0  startup_stm32f4xx.o(.text)
    I2C1_EV_IRQHandler                       0x080050e7   Thumb Code     0  startup_stm32f4xx.o(.text)
    I2C2_ER_IRQHandler                       0x080050e7   Thumb Code     0  startup_stm32f4xx.o(.text)
    I2C2_EV_IRQHandler                       0x080050e7   Thumb Code     0  startup_stm32f4xx.o(.text)
    I2C3_ER_IRQHandler                       0x080050e7   Thumb Code     0  startup_stm32f4xx.o(.text)
    I2C3_EV_IRQHandler                       0x080050e7   Thumb Code     0  startup_stm32f4xx.o(.text)
    OTG_FS_IRQHandler                        0x080050e7   Thumb Code     0  startup_stm32f4xx.o(.text)
    OTG_FS_WKUP_IRQHandler                   0x080050e7   Thumb Code     0  startup_stm32f4xx.o(.text)
    OTG_HS_EP1_IN_IRQHandler                 0x080050e7   Thumb Code     0  startup_stm32f4xx.o(.text)
    OTG_HS_EP1_OUT_IRQHandler                0x080050e7   Thumb Code     0  startup_stm32f4xx.o(.text)
    OTG_HS_IRQHandler                        0x080050e7   Thumb Code     0  startup_stm32f4xx.o(.text)
    OTG_HS_WKUP_IRQHandler                   0x080050e7   Thumb Code     0  startup_stm32f4xx.o(.text)
    PVD_IRQHandler                           0x080050e7   Thumb Code     0  startup_stm32f4xx.o(.text)
    RCC_IRQHandler                           0x080050e7   Thumb Code     0  startup_stm32f4xx.o(.text)
    RTC_Alarm_IRQHandler                     0x080050e7   Thumb Code     0  startup_stm32f4xx.o(.text)
    RTC_WKUP_IRQHandler                      0x080050e7   Thumb Code     0  startup_stm32f4xx.o(.text)
    SDIO_IRQHandler                          0x080050e7   Thumb Code     0  startup_stm32f4xx.o(.text)
    SPI1_IRQHandler                          0x080050e7   Thumb Code     0  startup_stm32f4xx.o(.text)
    SPI2_IRQHandler                          0x080050e7   Thumb Code     0  startup_stm32f4xx.o(.text)
    SPI3_IRQHandler                          0x080050e7   Thumb Code     0  startup_stm32f4xx.o(.text)
    TAMP_STAMP_IRQHandler                    0x080050e7   Thumb Code     0  startup_stm32f4xx.o(.text)
    TIM1_BRK_TIM9_IRQHandler                 0x080050e7   Thumb Code     0  startup_stm32f4xx.o(.text)
    TIM1_CC_IRQHandler                       0x080050e7   Thumb Code     0  startup_stm32f4xx.o(.text)
    TIM1_TRG_COM_TIM11_IRQHandler            0x080050e7   Thumb Code     0  startup_stm32f4xx.o(.text)
    TIM1_UP_TIM10_IRQHandler                 0x080050e7   Thumb Code     0  startup_stm32f4xx.o(.text)
    TIM3_IRQHandler                          0x080050e7   Thumb Code     0  startup_stm32f4xx.o(.text)
    TIM4_IRQHandler                          0x080050e7   Thumb Code     0  startup_stm32f4xx.o(.text)
    TIM5_IRQHandler                          0x080050e7   Thumb Code     0  startup_stm32f4xx.o(.text)
    TIM7_IRQHandler                          0x080050e7   Thumb Code     0  startup_stm32f4xx.o(.text)
    TIM8_BRK_TIM12_IRQHandler                0x080050e7   Thumb Code     0  startup_stm32f4xx.o(.text)
    TIM8_CC_IRQHandler                       0x080050e7   Thumb Code     0  startup_stm32f4xx.o(.text)
    TIM8_TRG_COM_TIM14_IRQHandler            0x080050e7   Thumb Code     0  startup_stm32f4xx.o(.text)
    TIM8_UP_TIM13_IRQHandler                 0x080050e7   Thumb Code     0  startup_stm32f4xx.o(.text)
    UART4_IRQHandler                         0x080050e7   Thumb Code     0  startup_stm32f4xx.o(.text)
    UART5_IRQHandler                         0x080050e7   Thumb Code     0  startup_stm32f4xx.o(.text)
    USART2_IRQHandler                        0x080050e7   Thumb Code     0  startup_stm32f4xx.o(.text)
    USART6_IRQHandler                        0x080050e7   Thumb Code     0  startup_stm32f4xx.o(.text)
    WWDG_IRQHandler                          0x080050e7   Thumb Code     0  startup_stm32f4xx.o(.text)
    FLASH_SetLatency                         0x080050f1   Thumb Code     6  stm32f4xx_flash.o(.text)
    FLASH_PrefetchBufferCmd                  0x080050f7   Thumb Code    30  stm32f4xx_flash.o(.text)
    FLASH_InstructionCacheCmd                0x08005115   Thumb Code    30  stm32f4xx_flash.o(.text)
    FLASH_DataCacheCmd                       0x08005133   Thumb Code    30  stm32f4xx_flash.o(.text)
    FLASH_InstructionCacheReset              0x08005151   Thumb Code    14  stm32f4xx_flash.o(.text)
    FLASH_DataCacheReset                     0x0800515f   Thumb Code    14  stm32f4xx_flash.o(.text)
    FLASH_Unlock                             0x0800516d   Thumb Code    26  stm32f4xx_flash.o(.text)
    FLASH_Lock                               0x08005187   Thumb Code    18  stm32f4xx_flash.o(.text)
    FLASH_GetStatus                          0x08005199   Thumb Code    74  stm32f4xx_flash.o(.text)
    FLASH_WaitForLastOperation               0x080051e3   Thumb Code    34  stm32f4xx_flash.o(.text)
    FLASH_EraseSector                        0x08005205   Thumb Code   140  stm32f4xx_flash.o(.text)
    FLASH_EraseAllSectors                    0x08005291   Thumb Code   112  stm32f4xx_flash.o(.text)
    FLASH_ProgramDoubleWord                  0x08005301   Thumb Code    86  stm32f4xx_flash.o(.text)
    FLASH_ProgramWord                        0x08005357   Thumb Code    82  stm32f4xx_flash.o(.text)
    FLASH_ProgramHalfWord                    0x080053a9   Thumb Code    82  stm32f4xx_flash.o(.text)
    FLASH_ProgramByte                        0x080053fb   Thumb Code    78  stm32f4xx_flash.o(.text)
    FLASH_OB_Unlock                          0x08005449   Thumb Code    26  stm32f4xx_flash.o(.text)
    FLASH_OB_Lock                            0x08005463   Thumb Code    18  stm32f4xx_flash.o(.text)
    FLASH_OB_WRPConfig                       0x08005475   Thumb Code    54  stm32f4xx_flash.o(.text)
    FLASH_OB_RDPConfig                       0x080054ab   Thumb Code    24  stm32f4xx_flash.o(.text)
    FLASH_OB_UserConfig                      0x080054c3   Thumb Code    68  stm32f4xx_flash.o(.text)
    FLASH_OB_BORConfig                       0x08005507   Thumb Code    22  stm32f4xx_flash.o(.text)
    FLASH_OB_Launch                          0x0800551d   Thumb Code    26  stm32f4xx_flash.o(.text)
    FLASH_OB_GetUser                         0x08005537   Thumb Code    10  stm32f4xx_flash.o(.text)
    FLASH_OB_GetWRP                          0x08005541   Thumb Code     8  stm32f4xx_flash.o(.text)
    FLASH_OB_GetRDP                          0x08005549   Thumb Code    20  stm32f4xx_flash.o(.text)
    FLASH_OB_GetBOR                          0x0800555d   Thumb Code    10  stm32f4xx_flash.o(.text)
    FLASH_ITConfig                           0x08005567   Thumb Code    34  stm32f4xx_flash.o(.text)
    FLASH_GetFlagStatus                      0x08005589   Thumb Code    22  stm32f4xx_flash.o(.text)
    FLASH_ClearFlag                          0x0800559f   Thumb Code     8  stm32f4xx_flash.o(.text)
    DMA_DeInit                               0x080055ad   Thumb Code   324  stm32f4xx_dma.o(.text)
    DMA_Init                                 0x080056f1   Thumb Code    82  stm32f4xx_dma.o(.text)
    DMA_StructInit                           0x08005743   Thumb Code    34  stm32f4xx_dma.o(.text)
    DMA_Cmd                                  0x08005765   Thumb Code    22  stm32f4xx_dma.o(.text)
    DMA_PeriphIncOffsetSizeConfig            0x0800577b   Thumb Code    22  stm32f4xx_dma.o(.text)
    DMA_FlowControllerConfig                 0x08005791   Thumb Code    22  stm32f4xx_dma.o(.text)
    DMA_SetCurrDataCounter                   0x080057a7   Thumb Code     4  stm32f4xx_dma.o(.text)
    DMA_GetCurrDataCounter                   0x080057ab   Thumb Code     8  stm32f4xx_dma.o(.text)
    DMA_DoubleBufferModeConfig               0x080057b3   Thumb Code    24  stm32f4xx_dma.o(.text)
    DMA_DoubleBufferModeCmd                  0x080057cb   Thumb Code    22  stm32f4xx_dma.o(.text)
    DMA_MemoryTargetConfig                   0x080057e1   Thumb Code    10  stm32f4xx_dma.o(.text)
    DMA_GetCurrentMemoryTarget               0x080057eb   Thumb Code    20  stm32f4xx_dma.o(.text)
    DMA_GetCmdStatus                         0x080057ff   Thumb Code    20  stm32f4xx_dma.o(.text)
    DMA_GetFIFOStatus                        0x08005813   Thumb Code    12  stm32f4xx_dma.o(.text)
    DMA_GetFlagStatus                        0x0800581f   Thumb Code    56  stm32f4xx_dma.o(.text)
    DMA_ClearFlag                            0x08005857   Thumb Code    40  stm32f4xx_dma.o(.text)
    DMA_ITConfig                             0x0800587f   Thumb Code    58  stm32f4xx_dma.o(.text)
    DMA_GetITStatus                          0x080058b9   Thumb Code    84  stm32f4xx_dma.o(.text)
    DMA_ClearITPendingBit                    0x0800590d   Thumb Code    40  stm32f4xx_dma.o(.text)
    OS_TaskStatStkChk                        0x08005955   Thumb Code    54  os_core.o(.text)
    OS_TaskStat                              0x0800598b   Thumb Code   116  os_core.o(.text)
    OS_TaskIdle                              0x08005a33   Thumb Code    34  os_core.o(.text)
    OS_MemClr                                0x08005a89   Thumb Code    18  os_core.o(.text)
    OSInit                                   0x08005ba7   Thumb Code    44  os_core.o(.text)
    OSIntEnter                               0x08005bd3   Thumb Code    28  os_core.o(.text)
    OSIntExit                                0x08005c09   Thumb Code   112  os_core.o(.text)
    OSSchedLock                              0x08005c79   Thumb Code    50  os_core.o(.text)
    OS_Sched                                 0x08005cab   Thumb Code    88  os_core.o(.text)
    OSSchedUnlock                            0x08005d03   Thumb Code   238  os_core.o(.text)
    OSStart                                  0x08005df1   Thumb Code    48  os_core.o(.text)
    OSStatInit                               0x08005e21   Thumb Code    62  os_core.o(.text)
    OSTimeTick                               0x08005e5f   Thumb Code   210  os_core.o(.text)
    OSVersion                                0x08005f31   Thumb Code     6  os_core.o(.text)
    OS_Dummy                                 0x08005f37   Thumb Code     2  os_core.o(.text)
    OS_EventTaskRemove                       0x08005f39   Thumb Code    42  os_core.o(.text)
    OS_EventTaskRdy                          0x08005f63   Thumb Code   114  os_core.o(.text)
    OS_EventTaskWait                         0x08005fd5   Thumb Code   112  os_core.o(.text)
    OS_EventWaitListInit                     0x08006045   Thumb Code    28  os_core.o(.text)
    OS_MemCopy                               0x08006061   Thumb Code    20  os_core.o(.text)
    OS_StrLen                                0x08006075   Thumb Code    20  os_core.o(.text)
    OS_TCBInit                               0x08006089   Thumb Code   280  os_core.o(.text)
    OSFlagAccept                             0x080061e5   Thumb Code   252  os_flag.o(.text)
    OSFlagCreate                             0x080062e1   Thumb Code    86  os_flag.o(.text)
    OS_FlagUnlink                            0x08006337   Thumb Code    36  os_flag.o(.text)
    OSFlagDel                                0x080063ad   Thumb Code   214  os_flag.o(.text)
    OSFlagNameGet                            0x08006483   Thumb Code    80  os_flag.o(.text)
    OSFlagNameSet                            0x080064d3   Thumb Code    66  os_flag.o(.text)
    OSFlagPend                               0x080065ad   Thumb Code   614  os_flag.o(.text)
    OSFlagPendGetFlagsRdy                    0x08006813   Thumb Code    26  os_flag.o(.text)
    OSFlagPost                               0x0800682d   Thumb Code   312  os_flag.o(.text)
    OSFlagQuery                              0x08006965   Thumb Code    48  os_flag.o(.text)
    OS_FlagInit                              0x08006995   Thumb Code    78  os_flag.o(.text)
    OSQAccept                                0x080069f1   Thumb Code    88  os_q.o(.text)
    OSQCreate                                0x08006a49   Thumb Code   140  os_q.o(.text)
    OSQDel                                   0x08006ad5   Thumb Code   236  os_q.o(.text)
    OSQFlush                                 0x08006bc1   Thumb Code    36  os_q.o(.text)
    OSQPend                                  0x08006be5   Thumb Code   272  os_q.o(.text)
    OSQPendAbort                             0x08006cf5   Thumb Code   128  os_q.o(.text)
    OSQPost                                  0x08006d75   Thumb Code   114  os_q.o(.text)
    OSQPostFront                             0x08006de7   Thumb Code   136  os_q.o(.text)
    OSQPostOpt                               0x08006e6f   Thumb Code   182  os_q.o(.text)
    OSQQuery                                 0x08006f25   Thumb Code    98  os_q.o(.text)
    OS_QInit                                 0x08006f87   Thumb Code    72  os_q.o(.text)
    OSTaskChangePrio                         0x08006fd9   Thumb Code   308  os_task.o(.text)
    OSTaskCreate                             0x0800710d   Thumb Code   148  os_task.o(.text)
    OS_TaskStkClr                            0x080071a1   Thumb Code    26  os_task.o(.text)
    OSTaskCreateExt                          0x080071bb   Thumb Code   170  os_task.o(.text)
    OSTaskDel                                0x08007265   Thumb Code   294  os_task.o(.text)
    OSTaskDelReq                             0x0800738b   Thumb Code   144  os_task.o(.text)
    OSTaskNameGet                            0x0800741b   Thumb Code   114  os_task.o(.text)
    OSTaskNameSet                            0x0800748d   Thumb Code    98  os_task.o(.text)
    OSTaskResume                             0x080074ef   Thumb Code   154  os_task.o(.text)
    OSTaskStkChk                             0x08007589   Thumb Code   132  os_task.o(.text)
    OSTaskSuspend                            0x0800760d   Thumb Code   152  os_task.o(.text)
    OSTaskQuery                              0x080076a5   Thumb Code    82  os_task.o(.text)
    OSTaskRegGet                             0x080076f7   Thumb Code    60  os_task.o(.text)
    OSTaskRegSet                             0x08007733   Thumb Code    62  os_task.o(.text)
    OS_TaskReturn                            0x08007771   Thumb Code    18  os_task.o(.text)
    OSTimeDly                                0x0800779d   Thumb Code   100  os_time.o(.text)
    OSTimeDlyHMSM                            0x08007801   Thumb Code    86  os_time.o(.text)
    OSTimeDlyResume                          0x08007857   Thumb Code   168  os_time.o(.text)
    OSTimeGet                                0x080078ff   Thumb Code    24  os_time.o(.text)
    OSTimeSet                                0x08007917   Thumb Code    24  os_time.o(.text)
    OSInitHookBegin                          0x0800794d   Thumb Code     2  os_cpu_c.o(.text)
    OSInitHookEnd                            0x0800794f   Thumb Code     2  os_cpu_c.o(.text)
    OSTaskCreateHook                         0x08007951   Thumb Code     2  os_cpu_c.o(.text)
    OSTaskDelHook                            0x08007953   Thumb Code     2  os_cpu_c.o(.text)
    OSTaskIdleHook                           0x08007955   Thumb Code     2  os_cpu_c.o(.text)
    OSTaskStatHook                           0x08007957   Thumb Code     2  os_cpu_c.o(.text)
    OSTaskStkInit                            0x08007959   Thumb Code   426  os_cpu_c.o(.text)
    OSTaskSwHook                             0x08007b03   Thumb Code     2  os_cpu_c.o(.text)
    OSTCBInitHook                            0x08007b05   Thumb Code     2  os_cpu_c.o(.text)
    OSTimeTickHook                           0x08007b07   Thumb Code     2  os_cpu_c.o(.text)
    OSTaskReturnHook                         0x08007b09   Thumb Code     2  os_cpu_c.o(.text)
    OS_CPU_SR_Save                           0x08007b11   Thumb Code     0  os_cpu_a.o(.text)
    OS_CPU_SR_Restore                        0x08007b19   Thumb Code     0  os_cpu_a.o(.text)
    OSStartHighRdy                           0x08007b1f   Thumb Code     0  os_cpu_a.o(.text)
    OSCtxSw                                  0x08007b43   Thumb Code     0  os_cpu_a.o(.text)
    OSIntCtxSw                               0x08007b51   Thumb Code     0  os_cpu_a.o(.text)
    PendSV_Handler                           0x08007b61   Thumb Code     0  os_cpu_a.o(.text)
    RM3510_Cmd                               0x08007bd9   Thumb Code   108  task_can.o(.text)
    RM_Driver_Cmd                            0x08007c45   Thumb Code    98  task_can.o(.text)
    ALL_can_tx                               0x08007ca7   Thumb Code    64  task_can.o(.text)
    can_task                                 0x08007ce7   Thumb Code    14  task_can.o(.text)
    CAN1_TX_IRQHandler                       0x08007cf5   Thumb Code    28  task_can.o(.text)
    CAN1_RX0_IRQHandler                      0x08007d11   Thumb Code   308  task_can.o(.text)
    RoboModule_Driver_Reset                  0x08007e45   Thumb Code    88  task_can.o(.text)
    RoboModule_Driver_Mode_Chioce            0x08007e9d   Thumb Code    88  task_can.o(.text)
    RoboModule_Driver_PWM_Mode_Set           0x08007ef5   Thumb Code   112  task_can.o(.text)
    RoboModule_Driver_Current_Mode_Set       0x08007f65   Thumb Code   112  task_can.o(.text)
    RoboModule_Driver_Location_Mode_Set      0x08007fd5   Thumb Code   208  task_can.o(.text)
    V_CTIM_Driver_Mode                       0x080080a5   Thumb Code    98  task_can.o(.text)
    V_CTIM_Driver_Speed                      0x08008107   Thumb Code    92  task_can.o(.text)
    Friction_wheel_control                   0x08008175   Thumb Code    26  task_control.o(.text)
    keyboard_jump_2                          0x0800818f   Thumb Code    68  task_control.o(.text)
    keyboard_jump_1                          0x080081d3   Thumb Code    68  task_control.o(.text)
    keyboard_data                            0x08008217   Thumb Code    18  task_control.o(.text)
    keyboard                                 0x08008229   Thumb Code   204  task_control.o(.text)
    control_task                             0x080082f5   Thumb Code   210  task_control.o(.text)
    pwm_confine                              0x080083c7   Thumb Code   172  task_control.o(.text)
    keyboard_scan                            0x08008473   Thumb Code   176  task_control.o(.text)
    RM3510_current_confine                   0x08008523   Thumb Code    20  task_control.o(.text)
    PID_Calculate                            0x08008537   Thumb Code   452  task_control.o(.text)
    RM3510_control                           0x080086fb   Thumb Code   588  task_control.o(.text)
    moto_ctrl                                0x08008947   Thumb Code   206  task_control.o(.text)
    transe_M_angle                           0x08008a15   Thumb Code    34  task_control.o(.text)
    Gimban_ctrl                              0x08008a37   Thumb Code   742  task_control.o(.text)
    PID_Init                                 0x08008d1d   Thumb Code   106  task_control.o(.text)
    PID_GimBal_Init                          0x08008d87   Thumb Code   106  task_control.o(.text)
    PID_init_RM3510                          0x08008df1   Thumb Code   106  task_control.o(.text)
    PID_Rammer_moto_Init                     0x08008e5b   Thumb Code   106  task_control.o(.text)
    pid_init_struct                          0x08008ec5   Thumb Code    64  task_control.o(.text)
    PIDz_Calculate                           0x08008f05   Thumb Code   334  task_control.o(.text)
    calibrate_IMU                            0x08009055   Thumb Code   196  task_dbug.o(.text)
    ANO_DT_Send_Data                         0x08009119   Thumb Code    18  task_dbug.o(.text)
    ANO_DT_Send_PID                          0x0800912b   Thumb Code   522  task_dbug.o(.text)
    ANO_DT_Send_Power                        0x08009335   Thumb Code   142  task_dbug.o(.text)
    ANO_DT_Send_MotoPWM                      0x080093c3   Thumb Code   348  task_dbug.o(.text)
    ANO_DT_Send_RCData                       0x0800951f   Thumb Code   350  task_dbug.o(.text)
    ANO_DT_Send_Senser                       0x0800967d   Thumb Code   374  task_dbug.o(.text)
    ANO_DT_Send_Status                       0x080097f3   Thumb Code   332  task_dbug.o(.text)
    ANO_DT_Send_Version                      0x0800993f   Thumb Code   196  task_dbug.o(.text)
    ANO_DT_Data_Exchange                     0x08009a03   Thumb Code  1102  task_dbug.o(.text)
    dbug_task                                0x08009e51   Thumb Code    34  task_dbug.o(.text)
    ANO_DT_Data_Receive_Anl                  0x08009eb5   Thumb Code  2650  task_dbug.o(.text)
    ANO_DT_Data_Receive_Prepare              0x0800a90f   Thumb Code   266  task_dbug.o(.text)
    DOOR_control                             0x0800aa29   Thumb Code    86  task_door.o(.text)
    door_task                                0x0800aa7f   Thumb Code    18  task_door.o(.text)
    Turn_On_LEDs                             0x0800aaa1   Thumb Code    12  task_led.o(.text)
    led_task                                 0x0800aaad   Thumb Code    74  task_led.o(.text)
    Spark_LEDs                               0x0800aaf7   Thumb Code    82  task_led.o(.text)
    Spark_GreenLED                           0x0800ab49   Thumb Code    32  task_led.o(.text)
    Spark_RedLED                             0x0800ab69   Thumb Code    82  task_led.o(.text)
    Turn_Off_LEDs                            0x0800abbb   Thumb Code    12  task_led.o(.text)
    __aeabi_dadd                             0x0800abd1   Thumb Code   322  dadd.o(.text)
    __aeabi_dsub                             0x0800ad13   Thumb Code     6  dadd.o(.text)
    __aeabi_drsub                            0x0800ad19   Thumb Code     6  dadd.o(.text)
    __aeabi_dmul                             0x0800ad1f   Thumb Code   228  dmul.o(.text)
    __aeabi_ddiv                             0x0800ae03   Thumb Code   222  ddiv.o(.text)
    __aeabi_i2d                              0x0800aee1   Thumb Code    34  dflti.o(.text)
    __aeabi_d2iz                             0x0800af03   Thumb Code    62  dfixi.o(.text)
    __aeabi_f2d                              0x0800af41   Thumb Code    38  f2d.o(.text)
    __aeabi_d2f                              0x0800af67   Thumb Code    56  d2f.o(.text)
    __aeabi_llsl                             0x0800af9f   Thumb Code    30  llshl.o(.text)
    _ll_shift_l                              0x0800af9f   Thumb Code     0  llshl.o(.text)
    __aeabi_llsr                             0x0800afbd   Thumb Code    32  llushr.o(.text)
    _ll_ushift_r                             0x0800afbd   Thumb Code     0  llushr.o(.text)
    __aeabi_lasr                             0x0800afdd   Thumb Code    36  llsshr.o(.text)
    _ll_sshift_r                             0x0800afdd   Thumb Code     0  llsshr.o(.text)
    __I$use$fp                               0x0800b001   Thumb Code     0  iusefp.o(.text)
    _float_round                             0x0800b001   Thumb Code    18  fepilogue.o(.text)
    _float_epilogue                          0x0800b013   Thumb Code    92  fepilogue.o(.text)
    _double_round                            0x0800b06f   Thumb Code    30  depilogue.o(.text)
    _double_epilogue                         0x0800b08d   Thumb Code   156  depilogue.o(.text)
    __ARM_scalbn                             0x0800b129   Thumb Code    46  dscalb.o(.text)
    scalbn                                   0x0800b129   Thumb Code     0  dscalb.o(.text)
    _dsqrt                                   0x0800b157   Thumb Code   162  dsqrt.o(.text)
    __aeabi_cdrcmple                         0x0800b1f9   Thumb Code    48  cdrcmple.o(.text)
    __scatterload                            0x0800b229   Thumb Code    28  init.o(.text)
    __scatterload_rt2                        0x0800b229   Thumb Code     0  init.o(.text)
    __decompress                             0x0800b24d   Thumb Code     0  __dczerorl2.o(.text)
    __decompress1                            0x0800b24d   Thumb Code    86  __dczerorl2.o(.text)
    __0printf$bare                           0x0800b2a5   Thumb Code     8  printfb.o(i.__0printf$bare)
    __1printf$bare                           0x0800b2a5   Thumb Code     0  printfb.o(i.__0printf$bare)
    __2printf                                0x0800b2a5   Thumb Code     0  printfb.o(i.__0printf$bare)
    __ARM_fpclassify                         0x0800b2b5   Thumb Code    48  fpclassify.o(i.__ARM_fpclassify)
    __hardfp_pow                             0x0800b2e9   Thumb Code  3044  pow.o(i.__hardfp_pow)
    __kernel_poly                            0x0800bf21   Thumb Code   248  poly.o(i.__kernel_poly)
    __mathlib_dbl_divzero                    0x0800c019   Thumb Code    28  dunder.o(i.__mathlib_dbl_divzero)
    __mathlib_dbl_infnan2                    0x0800c049   Thumb Code    20  dunder.o(i.__mathlib_dbl_infnan2)
    __mathlib_dbl_invalid                    0x0800c061   Thumb Code    24  dunder.o(i.__mathlib_dbl_invalid)
    __mathlib_dbl_overflow                   0x0800c081   Thumb Code    24  dunder.o(i.__mathlib_dbl_overflow)
    __mathlib_dbl_underflow                  0x0800c0a1   Thumb Code    24  dunder.o(i.__mathlib_dbl_underflow)
    __scatterload_copy                       0x0800c0c1   Thumb Code    14  handlers.o(i.__scatterload_copy)
    __scatterload_null                       0x0800c0cf   Thumb Code     2  handlers.o(i.__scatterload_null)
    __scatterload_zeroinit                   0x0800c0d1   Thumb Code    14  handlers.o(i.__scatterload_zeroinit)
    __set_errno                              0x0800c0e1   Thumb Code     6  errno.o(i.__set_errno)
    fabs                                     0x0800c10f   Thumb Code    24  fabs.o(i.fabs)
    sqrt                                     0x0800c127   Thumb Code   110  sqrt.o(i.sqrt)
    OSUnMapTbl                               0x0800c194   Data         256  os_core.o(.constdata)
    __mathlib_zero                           0x0800c320   Data           8  qnan.o(.constdata)
    Region$$Table$$Base                      0x0800c328   Number         0  anon$$obj.o(Region$$Table)
    Region$$Table$$Limit                     0x0800c348   Number         0  anon$$obj.o(Region$$Table)
    correct                                  0x20000000   Data           4  mpu6050_interrupt.o(.data)
    first_yaw_angle                          0x20000004   Data           4  can2.o(.data)
    first_pitch_angle                        0x20000008   Data           4  can2.o(.data)
    USART2_Receive                           0x20000012   Data           1  usart2.o(.data)
    key_a                                    0x20000013   Data           1  usart2.o(.data)
    key_b                                    0x20000014   Data           1  usart2.o(.data)
    key_d                                    0x20000015   Data           1  usart2.o(.data)
    key_s                                    0x20000016   Data           1  usart2.o(.data)
    key_w                                    0x20000017   Data           1  usart2.o(.data)
    key_z                                    0x20000018   Data           1  usart2.o(.data)
    key_x                                    0x20000019   Data           1  usart2.o(.data)
    key_c                                    0x2000001a   Data           1  usart2.o(.data)
    key_v                                    0x2000001b   Data           1  usart2.o(.data)
    key_g                                    0x2000001c   Data           1  usart2.o(.data)
    key_f                                    0x2000001d   Data           1  usart2.o(.data)
    key_r                                    0x2000001e   Data           1  usart2.o(.data)
    key_e                                    0x2000001f   Data           1  usart2.o(.data)
    key_q                                    0x20000020   Data           1  usart2.o(.data)
    key_ctrl                                 0x20000021   Data           1  usart2.o(.data)
    key_shift                                0x20000022   Data           1  usart2.o(.data)
    key_jump_a                               0x20000023   Data           1  usart2.o(.data)
    key_jump_b                               0x20000024   Data           1  usart2.o(.data)
    key_jump_d                               0x20000025   Data           1  usart2.o(.data)
    key_jump_s                               0x20000026   Data           1  usart2.o(.data)
    key_jump_w                               0x20000027   Data           1  usart2.o(.data)
    key_jump_z                               0x20000028   Data           1  usart2.o(.data)
    key_jump_x                               0x20000029   Data           1  usart2.o(.data)
    key_jump_c                               0x2000002a   Data           1  usart2.o(.data)
    key_jump_v                               0x2000002b   Data           1  usart2.o(.data)
    key_jump_g                               0x2000002c   Data           1  usart2.o(.data)
    key_jump_f                               0x2000002d   Data           1  usart2.o(.data)
    key_jump_r                               0x2000002e   Data           1  usart2.o(.data)
    key_jump_e                               0x2000002f   Data           1  usart2.o(.data)
    key_jump_q                               0x20000030   Data           1  usart2.o(.data)
    key_jump_ctrl                            0x20000031   Data           1  usart2.o(.data)
    key_jump_shift                           0x20000032   Data           1  usart2.o(.data)
    cam_date                                 0x20000034   Data           8  usart3.o(.data)
    SystemCoreClock                          0x2000004c   Data           4  system_stm32f4xx.o(.data)
    AHBPrescTable                            0x20000050   Data          16  system_stm32f4xx.o(.data)
    OSCtxSwCtr                               0x20000060   Data           4  os_core.o(.data)
    OSEventFreeList                          0x20000064   Data           4  os_core.o(.data)
    OSFlagFreeList                           0x20000068   Data           4  os_core.o(.data)
    OSCPUUsage                               0x2000006c   Data           1  os_core.o(.data)
    OSIdleCtrMax                             0x20000070   Data           4  os_core.o(.data)
    OSIdleCtrRun                             0x20000074   Data           4  os_core.o(.data)
    OSStatRdy                                0x20000078   Data           1  os_core.o(.data)
    OSIntNesting                             0x20000079   Data           1  os_core.o(.data)
    OSLockNesting                            0x2000007a   Data           1  os_core.o(.data)
    OSPrioCur                                0x2000007b   Data           1  os_core.o(.data)
    OSPrioHighRdy                            0x2000007c   Data           1  os_core.o(.data)
    OSRdyGrp                                 0x2000007d   Data           1  os_core.o(.data)
    OSRdyTbl                                 0x2000007e   Data           8  os_core.o(.data)
    OSRunning                                0x20000086   Data           1  os_core.o(.data)
    OSTaskCtr                                0x20000087   Data           1  os_core.o(.data)
    OSIdleCtr                                0x20000088   Data           4  os_core.o(.data)
    OSTCBCur                                 0x2000008c   Data           4  os_core.o(.data)
    OSTCBFreeList                            0x20000090   Data           4  os_core.o(.data)
    OSTCBHighRdy                             0x20000094   Data           4  os_core.o(.data)
    OSTCBList                                0x20000098   Data           4  os_core.o(.data)
    OSTickStepState                          0x2000009c   Data           1  os_core.o(.data)
    OSQFreeList                              0x200000a0   Data           4  os_core.o(.data)
    OSTime                                   0x200000a4   Data           4  os_core.o(.data)
    Gear                                     0x200000ac   Data           1  task_control.o(.data)
    Gear_flag                                0x200000ad   Data           1  task_control.o(.data)
    pwm_set_1                                0x200000ae   Data           2  task_control.o(.data)
    pwm_set_2                                0x200000b0   Data           2  task_control.o(.data)
    pwm_set_3                                0x200000b2   Data           2  task_control.o(.data)
    pwm_set_4                                0x200000b4   Data           2  task_control.o(.data)
    a                                        0x200000b6   Data           2  task_control.o(.data)
    d                                        0x200000b8   Data           2  task_control.o(.data)
    b                                        0x200000ba   Data           2  task_control.o(.data)
    set_1                                    0x200000bc   Data           2  task_control.o(.data)
    set_2                                    0x200000be   Data           2  task_control.o(.data)
    set_3                                    0x200000c0   Data           2  task_control.o(.data)
    set_4                                    0x200000c2   Data           2  task_control.o(.data)
    count                                    0x200000c4   Data           4  task_control.o(.data)
    temp                                     0x200000c8   Data           4  task_control.o(.data)
    limit_pitch_down                         0x200000cc   Data           2  task_control.o(.data)
    limit_pitch_up                           0x200000ce   Data           2  task_control.o(.data)
    limit_yaw_left                           0x200000d0   Data           2  task_control.o(.data)
    limit_yaw_right                          0x200000d2   Data           2  task_control.o(.data)
    Rammer_Moto_Measured_Speed               0x200000d4   Data           2  task_control.o(.data)
    Rammer_Moto_Speed                        0x200000d6   Data           2  task_control.o(.data)
    Set_Rammer_Moto_Speed                    0x200000d8   Data           2  task_control.o(.data)
    Friction_wheel_set_speed                 0x200000da   Data           2  task_control.o(.data)
    fly_ready                                0x20000128   Data           1  task_dbug.o(.data)
    mpu6050                                  0x20000129   Data           4  task_dbug.o(.data)
    flash_write_flag                         0x2000012d   Data           1  task_dbug.o(.data)
    __stdout                                 0x20000138   Data           4  stdout.o(.data)
    START_TASK_STK                           0x20000140   Data         256  main.o(.bss)
    CAN_TASK_STK                             0x20000240   Data        1024  main.o(.bss)
    CONTROL_TASK_STK                         0x20000640   Data        1024  main.o(.bss)
    DBUG_TASK_STK                            0x20000a40   Data        1024  main.o(.bss)
    DOOR_TASK_STK                            0x20000e40   Data         256  main.o(.bss)
    LED_TASK_STK                             0x20000f40   Data         256  main.o(.bss)
    MPU6050_Raw_Data                         0x20001040   Data          14  mpu6050_driver.o(.bss)
    MPU6050_Real_Data                        0x20001050   Data          28  mpu6050_driver.o(.bss)
    Accel_Raw_Average_Data                   0x2000106c   Data          12  mpu6050_process.o(.bss)
    Gyro_Radian_Data                         0x20001078   Data          12  mpu6050_process.o(.bss)
    MPU6050_Angle                            0x20001084   Data          12  mpu6050_process.o(.bss)
    Gimbal_DATA                              0x200010cc   Data          54  can2.o(.bss)
    Uart1_Rx                                 0x20001102   Data         256  usart1.o(.bss)
    RC_Ctl                                   0x20001202   Data          20  usart2.o(.bss)
    sbus_rx_buffer                           0x20001216   Data          25  usart2.o(.bss)
    Uart3_Rx                                 0x2000122f   Data         128  usart3.o(.bss)
    OSEventTbl                               0x200012b0   Data         200  os_core.o(.bss)
    OSFlagTbl                                0x20001378   Data          80  os_core.o(.bss)
    OSTaskStatStk                            0x200013c8   Data         512  os_core.o(.bss)
    OSTaskIdleStk                            0x200015c8   Data         512  os_core.o(.bss)
    OSTCBPrioTbl                             0x200017c8   Data         256  os_core.o(.bss)
    OSTCBTbl                                 0x200018c8   Data        1008  os_core.o(.bss)
    OSQTbl                                   0x20001cb8   Data         120  os_core.o(.bss)
    RM3510_DATA                              0x20001d30   Data          24  task_can.o(.bss)
    PID_Rammer_moto                          0x20001d48   Data          52  task_control.o(.bss)
    PID_Yaw_V_Struct                         0x20001d7c   Data          52  task_control.o(.bss)
    PID_Pitch_V_Struct                       0x20001db0   Data          52  task_control.o(.bss)
    PID_Roll_V_Struct                        0x20001de4   Data          52  task_control.o(.bss)
    PID_Yaw_P_Struct                         0x20001e18   Data          52  task_control.o(.bss)
    PID_Pitch_P_Struct                       0x20001e4c   Data          52  task_control.o(.bss)
    PID_Roll_P_Struct                        0x20001e80   Data          52  task_control.o(.bss)
    Chassis_Position_Control                 0x20001eb4   Data          52  task_control.o(.bss)
    RM3510_Speed_Control_1                   0x20001ee8   Data          52  task_control.o(.bss)
    RM3510_Speed_Control_2                   0x20001f1c   Data          52  task_control.o(.bss)
    RM3510_Speed_Control_3                   0x20001f50   Data          52  task_control.o(.bss)
    RM3510_Speed_Control_4                   0x20001f84   Data          52  task_control.o(.bss)
    f                                        0x20001fb8   Data          13  task_dbug.o(.bss)
    data_to_send                             0x20001fc5   Data          50  task_dbug.o(.bss)
    Rc_Pwm_In                                0x20001ff8   Data          18  task_dbug.o(.bss)
    MPU6050_ACC_LAST                         0x2000200c   Data          12  task_dbug.o(.bss)
    MPU6050_GYRO_LAST                        0x20002018   Data          12  task_dbug.o(.bss)
    HMC5883L_MAG_LAST                        0x20002024   Data          12  task_dbug.o(.bss)
    GYRO_OFFSET                              0x20002030   Data          12  task_dbug.o(.bss)
    ACC_OFFSET                               0x2000203c   Data          12  task_dbug.o(.bss)
    MAG_AVG                                  0x20002048   Data          12  task_dbug.o(.bss)
    GYRO_AVG                                 0x20002054   Data          12  task_dbug.o(.bss)
    Q_angle                                  0x20002060   Data          12  task_dbug.o(.bss)
    __initial_sp                             0x200024a0   Data           0  startup_stm32f4xx.o(STACK)



==============================================================================

Memory Map of the image

  Image Entry point : 0x08000189

  Load Region LR_IROM1 (Base: 0x08000000, Size: 0x0000c488, Max: 0x00100000, ABSOLUTE, COMPRESSED[0x0000c368])

    Execution Region ER_IROM1 (Base: 0x08000000, Size: 0x0000c348, Max: 0x00100000, ABSOLUTE)

    Base Addr    Size         Type   Attr      Idx    E Section Name        Object

    0x08000000   0x00000188   Data   RO          861    RESET               startup_stm32f4xx.o
    0x08000188   0x00000000   Code   RO         1295  * .ARM.Collect$$$$00000000  mc_w.l(entry.o)
    0x08000188   0x00000004   Code   RO         1613    .ARM.Collect$$$$00000001  mc_w.l(entry2.o)
    0x0800018c   0x00000004   Code   RO         1616    .ARM.Collect$$$$00000004  mc_w.l(entry5.o)
    0x08000190   0x00000000   Code   RO         1618    .ARM.Collect$$$$00000008  mc_w.l(entry7b.o)
    0x08000190   0x00000000   Code   RO         1620    .ARM.Collect$$$$0000000A  mc_w.l(entry8b.o)
    0x08000190   0x00000008   Code   RO         1621    .ARM.Collect$$$$0000000B  mc_w.l(entry9a.o)
    0x08000198   0x00000000   Code   RO         1623    .ARM.Collect$$$$0000000D  mc_w.l(entry10a.o)
    0x08000198   0x00000000   Code   RO         1625    .ARM.Collect$$$$0000000F  mc_w.l(entry11a.o)
    0x08000198   0x00000004   Code   RO         1614    .ARM.Collect$$$$00002712  mc_w.l(entry2.o)
    0x0800019c   0x00000016   Code   RO            2    .text               stm32f4xx_it.o
    0x080001b2   0x00000002   PAD
    0x080001b4   0x000000f4   Code   RO          206    .text               main.o
    0x080002a8   0x000004d2   Code   RO          242    .text               mpu6050_driver.o
    0x0800077a   0x00000002   PAD
    0x0800077c   0x0000039c   Code   RO          268    .text               mpu6050_i2c.o
    0x08000b18   0x000001a4   Code   RO          284    .text               mpu6050_interrupt.o
    0x08000cbc   0x00000060   Code   RO          367    .text               bsp.o
    0x08000d1c   0x00000110   Code   RO          383    .text               can1.o
    0x08000e2c   0x00000278   Code   RO          402    .text               can2.o
    0x080010a4   0x000002d8   Code   RO          425    .text               usart1.o
    0x0800137c   0x0000015c   Code   RO          446    .text               delay.o
    0x080014d8   0x00000088   Code   RO          464    .text               tim6.o
    0x08001560   0x00000040   Code   RO          480    .text               led.o
    0x080015a0   0x00000038   Code   RO          496    .text               laser.o
    0x080015d8   0x0000021c   Code   RO          512    .text               usart2.o
    0x080017f4   0x00000380   Code   RO          536    .text               pwm.o
    0x08001b74   0x000009a8   Code   RO          553    .text               stmflash.o
    0x0800251c   0x00000070   Code   RO          570    .text               buzzer.o
    0x0800258c   0x000000b4   Code   RO          605    .text               encoder.o
    0x08002640   0x00000040   Code   RO          621    .text               stm32f4xx_iwdg.o
    0x08002680   0x00000030   Code   RO          637    .text               key.o
    0x080026b0   0x00000284   Code   RO          653    .text               usart3.o
    0x08002934   0x00000022   Code   RO          676    .text               iwdg.o
    0x08002956   0x00000002   PAD
    0x08002958   0x00000048   Code   RO          692    .text               relay.o
    0x080029a0   0x000000e0   Code   RO          708    .text               misc.o
    0x08002a80   0x00000ca2   Code   RO          724    .text               stm32f4xx_tim.o
    0x08003722   0x00000002   PAD
    0x08003724   0x00000588   Code   RO          740    .text               stm32f4xx_rcc.o
    0x08003cac   0x000009f0   Code   RO          758    .text               stm32f4xx_can.o
    0x0800469c   0x0000011c   Code   RO          774    .text               stm32f4xx_exti.o
    0x080047b8   0x0000025c   Code   RO          790    .text               stm32f4xx_gpio.o
    0x08004a14   0x0000041a   Code   RO          806    .text               stm32f4xx_usart.o
    0x08004e2e   0x00000002   PAD
    0x08004e30   0x0000008c   Code   RO          822    .text               stm32f4xx_syscfg.o
    0x08004ebc   0x00000210   Code   RO          838    .text               system_stm32f4xx.o
    0x080050cc   0x00000024   Code   RO          862    .text               startup_stm32f4xx.o
    0x080050f0   0x000004bc   Code   RO          902    .text               stm32f4xx_flash.o
    0x080055ac   0x000003a8   Code   RO          918    .text               stm32f4xx_dma.o
    0x08005954   0x00000890   Code   RO          950    .text               os_core.o
    0x080061e4   0x0000080c   Code   RO          974    .text               os_flag.o
    0x080069f0   0x000005e8   Code   RO         1032    .text               os_q.o
    0x08006fd8   0x000007c4   Code   RO         1064    .text               os_task.o
    0x0800779c   0x000001b0   Code   RO         1080    .text               os_time.o
    0x0800794c   0x000001c4   Code   RO         1106    .text               os_cpu_c.o
    0x08007b10   0x000000c8   Code   RO         1131    .text               os_cpu_a.o
    0x08007bd8   0x0000059c   Code   RO         1135    .text               task_can.o
    0x08008174   0x00000ede   Code   RO         1159    .text               task_control.o
    0x08009052   0x00000002   PAD
    0x08009054   0x000019d4   Code   RO         1183    .text               task_dbug.o
    0x0800aa28   0x00000078   Code   RO         1211    .text               task_door.o
    0x0800aaa0   0x00000130   Code   RO         1227    .text               task_led.o
    0x0800abd0   0x0000014e   Code   RO         1558    .text               mf_w.l(dadd.o)
    0x0800ad1e   0x000000e4   Code   RO         1560    .text               mf_w.l(dmul.o)
    0x0800ae02   0x000000de   Code   RO         1562    .text               mf_w.l(ddiv.o)
    0x0800aee0   0x00000022   Code   RO         1566    .text               mf_w.l(dflti.o)
    0x0800af02   0x0000003e   Code   RO         1568    .text               mf_w.l(dfixi.o)
    0x0800af40   0x00000026   Code   RO         1570    .text               mf_w.l(f2d.o)
    0x0800af66   0x00000038   Code   RO         1572    .text               mf_w.l(d2f.o)
    0x0800af9e   0x0000001e   Code   RO         1632    .text               mc_w.l(llshl.o)
    0x0800afbc   0x00000020   Code   RO         1634    .text               mc_w.l(llushr.o)
    0x0800afdc   0x00000024   Code   RO         1636    .text               mc_w.l(llsshr.o)
    0x0800b000   0x00000000   Code   RO         1645    .text               mc_w.l(iusefp.o)
    0x0800b000   0x0000006e   Code   RO         1646    .text               mf_w.l(fepilogue.o)
    0x0800b06e   0x000000ba   Code   RO         1648    .text               mf_w.l(depilogue.o)
    0x0800b128   0x0000002e   Code   RO         1650    .text               mf_w.l(dscalb.o)
    0x0800b156   0x000000a2   Code   RO         1652    .text               mf_w.l(dsqrt.o)
    0x0800b1f8   0x00000030   Code   RO         1658    .text               mf_w.l(cdrcmple.o)
    0x0800b228   0x00000024   Code   RO         1660    .text               mc_w.l(init.o)
    0x0800b24c   0x00000056   Code   RO         1670    .text               mc_w.l(__dczerorl2.o)
    0x0800b2a2   0x00000002   PAD
    0x0800b2a4   0x00000010   Code   RO         1299    i.__0printf$bare    mc_w.l(printfb.o)
    0x0800b2b4   0x00000030   Code   RO         1608    i.__ARM_fpclassify  m_wm.l(fpclassify.o)
    0x0800b2e4   0x00000004   PAD
    0x0800b2e8   0x00000c38   Code   RO         1269    i.__hardfp_pow      m_wm.l(pow.o)
    0x0800bf20   0x000000f8   Code   RO         1610    i.__kernel_poly     m_wm.l(poly.o)
    0x0800c018   0x00000030   Code   RO         1588    i.__mathlib_dbl_divzero  m_wm.l(dunder.o)
    0x0800c048   0x00000014   Code   RO         1590    i.__mathlib_dbl_infnan2  m_wm.l(dunder.o)
    0x0800c05c   0x00000004   PAD
    0x0800c060   0x00000020   Code   RO         1591    i.__mathlib_dbl_invalid  m_wm.l(dunder.o)
    0x0800c080   0x00000020   Code   RO         1592    i.__mathlib_dbl_overflow  m_wm.l(dunder.o)
    0x0800c0a0   0x00000020   Code   RO         1594    i.__mathlib_dbl_underflow  m_wm.l(dunder.o)
    0x0800c0c0   0x0000000e   Code   RO         1664    i.__scatterload_copy  mc_w.l(handlers.o)
    0x0800c0ce   0x00000002   Code   RO         1665    i.__scatterload_null  mc_w.l(handlers.o)
    0x0800c0d0   0x0000000e   Code   RO         1666    i.__scatterload_zeroinit  mc_w.l(handlers.o)
    0x0800c0de   0x00000002   PAD
    0x0800c0e0   0x0000000c   Code   RO         1640    i.__set_errno       mc_w.l(errno.o)
    0x0800c0ec   0x00000022   Code   RO         1306    i._printf_core      mc_w.l(printfb.o)
    0x0800c10e   0x00000018   Code   RO         1604    i.fabs              m_wm.l(fabs.o)
    0x0800c126   0x0000006e   Code   RO         1285    i.sqrt              m_wm.l(sqrt.o)
    0x0800c194   0x00000100   Data   RO          952    .constdata          os_core.o
    0x0800c294   0x00000004   PAD
    0x0800c298   0x00000088   Data   RO         1272    .constdata          m_wm.l(pow.o)
    0x0800c320   0x00000008   Data   RO         1612    .constdata          m_wm.l(qnan.o)
    0x0800c328   0x00000020   Data   RO         1662    Region$$Table       anon$$obj.o


    Execution Region RW_IRAM1 (Base: 0x20000000, Size: 0x000024a0, Max: 0x00020000, ABSOLUTE, COMPRESSED[0x00000020])

    Base Addr    Size         Type   Attr      Idx    E Section Name        Object

    0x20000000   0x00000004   Data   RW          285    .data               mpu6050_interrupt.o
    0x20000004   0x00000009   Data   RW          404    .data               can2.o
    0x2000000d   0x00000001   PAD
    0x2000000e   0x00000004   Data   RW          447    .data               delay.o
    0x20000012   0x00000021   Data   RW          514    .data               usart2.o
    0x20000033   0x00000001   PAD
    0x20000034   0x00000008   Data   RW          655    .data               usart3.o
    0x2000003c   0x00000010   Data   RW          741    .data               stm32f4xx_rcc.o
    0x2000004c   0x00000014   Data   RW          839    .data               system_stm32f4xx.o
    0x20000060   0x00000048   Data   RW          953    .data               os_core.o
    0x200000a8   0x00000001   Data   RW         1137    .data               task_can.o
    0x200000a9   0x00000003   PAD
    0x200000ac   0x0000007c   Data   RW         1161    .data               task_control.o
    0x20000128   0x0000000d   Data   RW         1185    .data               task_dbug.o
    0x20000135   0x00000001   Data   RW         1228    .data               task_led.o
    0x20000136   0x00000002   PAD
    0x20000138   0x00000004   Data   RW         1627    .data               mc_w.l(stdout.o)
    0x2000013c   0x00000004   Data   RW         1641    .data               mc_w.l(errno.o)
    0x20000140   0x00000f00   Zero   RW          207    .bss                main.o
    0x20001040   0x0000002c   Zero   RW          243    .bss                mpu6050_driver.o
    0x2000106c   0x00000060   Zero   RW          304    .bss                mpu6050_process.o
    0x200010cc   0x00000036   Zero   RW          403    .bss                can2.o
    0x20001102   0x00000100   Zero   RW          426    .bss                usart1.o
    0x20001202   0x0000002d   Zero   RW          513    .bss                usart2.o
    0x2000122f   0x00000080   Zero   RW          654    .bss                usart3.o
    0x200012af   0x00000001   PAD
    0x200012b0   0x00000a80   Zero   RW          951    .bss                os_core.o
    0x20001d30   0x00000018   Zero   RW         1136    .bss                task_can.o
    0x20001d48   0x00000270   Zero   RW         1160    .bss                task_control.o
    0x20001fb8   0x000000e6   Zero   RW         1184    .bss                task_dbug.o
    0x2000209e   0x00000002   PAD
    0x200020a0   0x00000400   Zero   RW          859    STACK               startup_stm32f4xx.o


==============================================================================

Image component sizes


      Code (inc. data)   RO Data    RW Data    ZI Data      Debug   Object Name

        96          6          0          0          0        607   bsp.o
       112          6          0          0          0        742   buzzer.o
       272         10          0          0          0        821   can1.o
       632         24          0          9         54       2558   can2.o
       348         16          0          4          0       2481   delay.o
       180          6          0          0          0       1152   encoder.o
        34          0          0          0          0        556   iwdg.o
        48          6          0          0          0        588   key.o
        56          6          0          0          0        606   laser.o
        64          6          0          0          0        592   led.o
       244         48          0          0       3840       2154   main.o
       224         20          0          0          0       1985   misc.o
      1234        176          0          0         44       3828   mpu6050_driver.o
       924         90          0          0          0       3999   mpu6050_i2c.o
       420         28          0          4          0       1748   mpu6050_interrupt.o
         0          0          0          0         96       4391   mpu6050_process.o
      2192        218        256         72       2688      15439   os_core.o
       200         32          0          0          0        388   os_cpu_a.o
       452          6          0          0          0      10950   os_cpu_c.o
      2060         42          0          0          0       7072   os_flag.o
      1512         30          0          0          0       5697   os_q.o
      1988         70          0          0          0       7729   os_task.o
       432         30          0          0          0       1886   os_time.o
       896         42          0          0          0       1976   pwm.o
        72          6          0          0          0        597   relay.o
        36          8        392          0       1024        892   startup_stm32f4xx.o
      2544         38          0          0          0       8140   stm32f4xx_can.o
       936         32          0          0          0       6465   stm32f4xx_dma.o
       284         10          0          0          0       2467   stm32f4xx_exti.o
      1212         26          0          0          0       7077   stm32f4xx_flash.o
       604         36          0          0          0       4237   stm32f4xx_gpio.o
        22          0          0          0          0     297336   stm32f4xx_it.o
        64          6          0          0          0       1417   stm32f4xx_iwdg.o
      1416         48          0         16          0      11199   stm32f4xx_rcc.o
       140         12          0          0          0       1763   stm32f4xx_syscfg.o
      3234         60          0          0          0      22468   stm32f4xx_tim.o
      1050         26          0          0          0       7940   stm32f4xx_usart.o
      2472        150          0          0          0       3186   stmflash.o
       528         46          0         20          0       2103   system_stm32f4xx.o
      1436         66          0          1         24       5398   task_can.o
      3806        472          0        124        624       9907   task_control.o
      6612        328          0         13        230      21173   task_dbug.o
       120         16          0          0          0        729   task_door.o
       304         10          0          1          0       1313   task_led.o
       136          4          0          0          0        888   tim6.o
       728         24          0          0        256       3519   usart1.o
       540         32          0         33         45       3820   usart2.o
       644         38          0          8        128       2635   usart3.o

    ----------------------------------------------------------------------
     43572       2412        684        312       9056     506614   Object Totals
         0          0         32          0          0          0   (incl. Generated)
        12          0          4          7          3          0   (incl. Padding)

    ----------------------------------------------------------------------

      Code (inc. data)   RO Data    RW Data    ZI Data      Debug   Library Member Name

       164         44          0          0          0        620   dunder.o
        24          0          0          0          0        124   fabs.o
        48          0          0          0          0        124   fpclassify.o
       248          0          0          0          0        152   poly.o
      3128        302        136          0          0        356   pow.o
         0          0          8          0          0          0   qnan.o
       110          0          0          0          0        148   sqrt.o
        86          0          0          0          0          0   __dczerorl2.o
         0          0          0          0          0          0   entry.o
         0          0          0          0          0          0   entry10a.o
         0          0          0          0          0          0   entry11a.o
         8          4          0          0          0          0   entry2.o
         4          0          0          0          0          0   entry5.o
         0          0          0          0          0          0   entry7b.o
         0          0          0          0          0          0   entry8b.o
         8          4          0          0          0          0   entry9a.o
        12          6          0          4          0         68   errno.o
        30          0          0          0          0          0   handlers.o
        36          8          0          0          0         68   init.o
         0          0          0          0          0          0   iusefp.o
        30          0          0          0          0         68   llshl.o
        36          0          0          0          0         68   llsshr.o
        32          0          0          0          0         68   llushr.o
        50          8          0          0          0        152   printfb.o
         0          0          0          4          0          0   stdout.o
        48          0          0          0          0         68   cdrcmple.o
        56          0          0          0          0         88   d2f.o
       334          0          0          0          0        148   dadd.o
       222          0          0          0          0        100   ddiv.o
       186          0          0          0          0        176   depilogue.o
        62          0          0          0          0         80   dfixi.o
        34          0          0          0          0         76   dflti.o
       228          0          0          0          0         96   dmul.o
        46          0          0          0          0         80   dscalb.o
       162          0          0          0          0        100   dsqrt.o
        38          0          0          0          0         68   f2d.o
       110          0          0          0          0        168   fepilogue.o

    ----------------------------------------------------------------------
      5592        376        144          8          0       3264   Library Totals
        12          0          0          0          0          0   (incl. Padding)

    ----------------------------------------------------------------------

      Code (inc. data)   RO Data    RW Data    ZI Data      Debug   Library Name

      3722        346        144          0          0       1524   m_wm.l
       332         30          0          8          0        492   mc_w.l
      1526          0          0          0          0       1248   mf_w.l

    ----------------------------------------------------------------------
      5592        376        144          8          0       3264   Library Totals

    ----------------------------------------------------------------------

==============================================================================


      Code (inc. data)   RO Data    RW Data    ZI Data      Debug   

     49164       2788        828        320       9056     500230   Grand Totals
     49164       2788        828         32       9056     500230   ELF Image Totals (compressed)
     49164       2788        828         32          0          0   ROM Totals

==============================================================================

    Total RO  Size (Code + RO Data)                49992 (  48.82kB)
    Total RW  Size (RW Data + ZI Data)              9376 (   9.16kB)
    Total ROM Size (Code + RO Data + RW Data)      50024 (  48.85kB)

==============================================================================

